Archive member included to satisfy reference by file (symbol)

/home/bsgursta/.local/share/stm32cube/bundles/gnu-tools-for-stm32/14.3.1+st.2/bin/../lib/gcc/arm-none-eabi/14.3.1/../../../../arm-none-eabi/lib/thumb/v8-m.main+dp/hard/libg_nano.a(libc_a-exit.o)
                              /home/bsgursta/.local/share/stm32cube/bundles/gnu-tools-for-stm32/14.3.1+st.2/bin/../lib/gcc/arm-none-eabi/14.3.1/../../../../arm-none-eabi/lib/thumb/v8-m.main+dp/hard/crt0.o (exit)
/home/bsgursta/.local/share/stm32cube/bundles/gnu-tools-for-stm32/14.3.1+st.2/bin/../lib/gcc/arm-none-eabi/14.3.1/../../../../arm-none-eabi/lib/thumb/v8-m.main+dp/hard/libg_nano.a(libc_a-findfp.o)
                              /home/bsgursta/.local/share/stm32cube/bundles/gnu-tools-for-stm32/14.3.1+st.2/bin/../lib/gcc/arm-none-eabi/14.3.1/../../../../arm-none-eabi/lib/thumb/v8-m.main+dp/hard/libg_nano.a(libc_a-exit.o) (__stdio_exit_handler)
/home/bsgursta/.local/share/stm32cube/bundles/gnu-tools-for-stm32/14.3.1+st.2/bin/../lib/gcc/arm-none-eabi/14.3.1/../../../../arm-none-eabi/lib/thumb/v8-m.main+dp/hard/libg_nano.a(libc_a-fwalk.o)
                              /home/bsgursta/.local/share/stm32cube/bundles/gnu-tools-for-stm32/14.3.1+st.2/bin/../lib/gcc/arm-none-eabi/14.3.1/../../../../arm-none-eabi/lib/thumb/v8-m.main+dp/hard/libg_nano.a(libc_a-findfp.o) (_fwalk_sglue)
/home/bsgursta/.local/share/stm32cube/bundles/gnu-tools-for-stm32/14.3.1+st.2/bin/../lib/gcc/arm-none-eabi/14.3.1/../../../../arm-none-eabi/lib/thumb/v8-m.main+dp/hard/libg_nano.a(libc_a-stdio.o)
                              /home/bsgursta/.local/share/stm32cube/bundles/gnu-tools-for-stm32/14.3.1+st.2/bin/../lib/gcc/arm-none-eabi/14.3.1/../../../../arm-none-eabi/lib/thumb/v8-m.main+dp/hard/libg_nano.a(libc_a-findfp.o) (__sread)
/home/bsgursta/.local/share/stm32cube/bundles/gnu-tools-for-stm32/14.3.1+st.2/bin/../lib/gcc/arm-none-eabi/14.3.1/../../../../arm-none-eabi/lib/thumb/v8-m.main+dp/hard/libg_nano.a(libc_a-memset.o)
                              /home/bsgursta/.local/share/stm32cube/bundles/gnu-tools-for-stm32/14.3.1+st.2/bin/../lib/gcc/arm-none-eabi/14.3.1/../../../../arm-none-eabi/lib/thumb/v8-m.main+dp/hard/crt0.o (memset)
/home/bsgursta/.local/share/stm32cube/bundles/gnu-tools-for-stm32/14.3.1+st.2/bin/../lib/gcc/arm-none-eabi/14.3.1/../../../../arm-none-eabi/lib/thumb/v8-m.main+dp/hard/libg_nano.a(libc_a-closer.o)
                              /home/bsgursta/.local/share/stm32cube/bundles/gnu-tools-for-stm32/14.3.1+st.2/bin/../lib/gcc/arm-none-eabi/14.3.1/../../../../arm-none-eabi/lib/thumb/v8-m.main+dp/hard/libg_nano.a(libc_a-stdio.o) (_close_r)
/home/bsgursta/.local/share/stm32cube/bundles/gnu-tools-for-stm32/14.3.1+st.2/bin/../lib/gcc/arm-none-eabi/14.3.1/../../../../arm-none-eabi/lib/thumb/v8-m.main+dp/hard/libg_nano.a(libc_a-reent.o)
                              /home/bsgursta/.local/share/stm32cube/bundles/gnu-tools-for-stm32/14.3.1+st.2/bin/../lib/gcc/arm-none-eabi/14.3.1/../../../../arm-none-eabi/lib/thumb/v8-m.main+dp/hard/libg_nano.a(libc_a-closer.o) (errno)
/home/bsgursta/.local/share/stm32cube/bundles/gnu-tools-for-stm32/14.3.1+st.2/bin/../lib/gcc/arm-none-eabi/14.3.1/../../../../arm-none-eabi/lib/thumb/v8-m.main+dp/hard/libg_nano.a(libc_a-impure.o)
                              /home/bsgursta/.local/share/stm32cube/bundles/gnu-tools-for-stm32/14.3.1+st.2/bin/../lib/gcc/arm-none-eabi/14.3.1/../../../../arm-none-eabi/lib/thumb/v8-m.main+dp/hard/libg_nano.a(libc_a-reent.o) (_impure_ptr)
/home/bsgursta/.local/share/stm32cube/bundles/gnu-tools-for-stm32/14.3.1+st.2/bin/../lib/gcc/arm-none-eabi/14.3.1/../../../../arm-none-eabi/lib/thumb/v8-m.main+dp/hard/libg_nano.a(libc_a-lseekr.o)
                              /home/bsgursta/.local/share/stm32cube/bundles/gnu-tools-for-stm32/14.3.1+st.2/bin/../lib/gcc/arm-none-eabi/14.3.1/../../../../arm-none-eabi/lib/thumb/v8-m.main+dp/hard/libg_nano.a(libc_a-stdio.o) (_lseek_r)
/home/bsgursta/.local/share/stm32cube/bundles/gnu-tools-for-stm32/14.3.1+st.2/bin/../lib/gcc/arm-none-eabi/14.3.1/../../../../arm-none-eabi/lib/thumb/v8-m.main+dp/hard/libg_nano.a(libc_a-readr.o)
                              /home/bsgursta/.local/share/stm32cube/bundles/gnu-tools-for-stm32/14.3.1+st.2/bin/../lib/gcc/arm-none-eabi/14.3.1/../../../../arm-none-eabi/lib/thumb/v8-m.main+dp/hard/libg_nano.a(libc_a-stdio.o) (_read_r)
/home/bsgursta/.local/share/stm32cube/bundles/gnu-tools-for-stm32/14.3.1+st.2/bin/../lib/gcc/arm-none-eabi/14.3.1/../../../../arm-none-eabi/lib/thumb/v8-m.main+dp/hard/libg_nano.a(libc_a-writer.o)
                              /home/bsgursta/.local/share/stm32cube/bundles/gnu-tools-for-stm32/14.3.1+st.2/bin/../lib/gcc/arm-none-eabi/14.3.1/../../../../arm-none-eabi/lib/thumb/v8-m.main+dp/hard/libg_nano.a(libc_a-stdio.o) (_write_r)
/home/bsgursta/.local/share/stm32cube/bundles/gnu-tools-for-stm32/14.3.1+st.2/bin/../lib/gcc/arm-none-eabi/14.3.1/../../../../arm-none-eabi/lib/thumb/v8-m.main+dp/hard/libg_nano.a(libc_a-errno.o)
[...]
Memory Configuration

Name             Origin             Length             Attributes
ROM              0x34000400         0x0007fc00         xrw
RAM              0x34080000         0x00180000         xrw
*default*        0x00000000         0xffffffff

Linker script and memory map

LOAD /home/bsgursta/.local/share/stm32cube/bundles/gnu-tools-for-stm32/14.3.1+st.2/bin/../lib/gcc/arm-none-eabi/14.3.1/thumb/v8-m.main+dp/hard/crti.o
LOAD /home/bsgursta/.local/share/stm32cube/bundles/gnu-tools-for-stm32/14.3.1+st.2/bin/../lib/gcc/arm-none-eabi/14.3.1/thumb/v8-m.main+dp/hard/crtbegin.o
LOAD /home/bsgursta/.local/share/stm32cube/bundles/gnu-tools-for-stm32/14.3.1+st.2/bin/../lib/gcc/arm-none-eabi/14.3.1/../../../../arm-none-eabi/lib/thumb/v8-m.main+dp/hard/crt0.o
LOAD CMakeFiles/STM32_Drivers.dir/Core/Src/system_stm32n6xx_s.c.obj
LOAD CMakeFiles/STM32_Drivers.dir/home/bsgursta/Programming_Projects/LocalInference/mcu/local_inference/Drivers/STM32N6xx_HAL_Driver/Src/stm32n6xx_hal_cortex.c.obj
LOAD CMakeFiles/STM32_Drivers.dir/home/bsgursta/Programming_Projects/LocalInference/mcu/local_inference/Drivers/STM32N6xx_HAL_Driver/Src/stm32n6xx_hal_rcc.c.obj
LOAD CMakeFiles/STM32_Drivers.dir/home/bsgursta/Programming_Projects/LocalInference/mcu/local_inference/Drivers/STM32N6xx_HAL_Driver/Src/stm32n6xx_hal_rcc_ex.c.obj
LOAD CMakeFiles/STM32_Drivers.dir/home/bsgursta/Programming_Projects/LocalInference/mcu/local_inference/Drivers/STM32N6xx_HAL_Driver/Src/stm32n6xx_hal_gpio.c.obj
LOAD CMakeFiles/STM32_Drivers.dir/home/bsgursta/Programming_Projects/LocalInference/mcu/local_inference/Drivers/STM32N6xx_HAL_Driver/Src/stm32n6xx_hal_dma.c.obj
LOAD CMakeFiles/STM32_Drivers.dir/home/bsgursta/Programming_Projects/LocalInference/mcu/local_inference/Drivers/STM32N6xx_HAL_Driver/Src/stm32n6xx_hal_dma_ex.c.obj
LOAD CMakeFiles/STM32_Drivers.dir/home/bsgursta/Programming_Projects/LocalInference/mcu/local_inference/Drivers/STM32N6xx_HAL_Driver/Src/stm32n6xx_hal_pwr.c.obj
LOAD CMakeFiles/STM32_Drivers.dir/home/bsgursta/Programming_Projects/LocalInference/mcu/local_inference/Drivers/STM32N6xx_HAL_Driver/Src/stm32n6xx_hal_pwr_ex.c.obj
LOAD CMakeFiles/STM32_Drivers.dir/home/bsgursta/Programming_Projects/LocalInference/mcu/local_inference/Drivers/STM32N6xx_HAL_Driver/Src/stm32n6xx_hal.c.obj
LOAD CMakeFiles/STM32_Drivers.dir/home/bsgursta/Programming_Projects/LocalInference/mcu/local_inference/Drivers/STM32N6xx_HAL_Driver/Src/stm32n6xx_hal_exti.c.obj
LOAD CMakeFiles/STM32_Drivers.dir/home/bsgursta/Programming_Projects/LocalInference/mcu/local_inference/Drivers/STM32N6xx_HAL_Driver/Src/stm32n6xx_hal_rif.c.obj
LOAD CMakeFiles/local_inference_Appli.dir/Core/Src/main.c.obj
LOAD CMakeFiles/local_inference_Appli.dir/Core/Src/stm32n6xx_it.c.obj
LOAD CMakeFiles/local_inference_Appli.dir/Core/Src/stm32n6xx_hal_msp.c.obj
LOAD CMakeFiles/local_inference_Appli.dir/Core/Src/secure_nsc.c.obj
LOAD CMakeFiles/local_inference_Appli.dir/Core/Src/sysmem.c.obj
LOAD CMakeFiles/local_inference_Appli.dir/Core/Src/syscalls.c.obj
LOAD CMakeFiles/local_inference_Appli.dir/Core/Startup/startup_stm32n657xx.s.obj
LOAD /home/bsgursta/.local/share/stm32cube/bundles/gnu-tools-for-stm32/14.3.1+st.2/bin/../lib/gcc/arm-none-eabi/14.3.1/../../../../arm-none-eabi/lib/thumb/v8-m.main+dp/hard/libm.a
START GROUP
LOAD /home/bsgursta/.local/share/stm32cube/bundles/gnu-tools-for-stm32/14.3.1+st.2/bin/../lib/gcc/arm-none-eabi/14.3.1/thumb/v8-m.main+dp/hard/libgcc.a
LOAD /home/bsgursta/.local/share/stm32cube/bundles/gnu-tools-for-stm32/14.3.1+st.2/bin/../lib/gcc/arm-none-eabi/14.3.1/../../../../arm-none-eabi/lib/thumb/v8-m.main+dp/hard/libg_nano.a
LOAD /home/bsgursta/.local/share/stm32cube/bundles/gnu-tools-for-stm32/14.3.1+st.2/bin/../lib/gcc/arm-none-eabi/14.3.1/../../../../arm-none-eabi/lib/thumb/v8-m.main+dp/hard/libc_nano.a
END GROUP
START GROUP
LOAD /home/bsgursta/.local/share/stm32cube/bundles/gnu-tools-for-stm32/14.3.1+st.2/bin/../lib/gcc/arm-none-eabi/14.3.1/thumb/v8-m.main+dp/hard/libgcc.a
LOAD /home/bsgursta/.local/share/stm32cube/bundles/gnu-tools-for-stm32/14.3.1+st.2/bin/../lib/gcc/arm-none-eabi/14.3.1/../../../../arm-none-eabi/lib/thumb/v8-m.main+dp/hard/libc_nano.a
END GROUP
LOAD /home/bsgursta/.local/share/stm32cube/bundles/gnu-tools-for-stm32/14.3.1+st.2/bin/../lib/gcc/arm-none-eabi/14.3.1/thumb/v8-m.main+dp/hard/crtend.o
LOAD /home/bsgursta/.local/share/stm32cube/bundles/gnu-tools-for-stm32/14.3.1+st.2/bin/../lib/gcc/arm-none-eabi/14.3.1/thumb/v8-m.main+dp/hard/crtn.o
                0x34200000                        _estack = (ORIGIN (RAM) + LENGTH (RAM))
                0x341ff800                        _sstack = (_estack - _Min_Stack_Size)
                0x00000200                        _Min_Heap_Size = 0x200
                0x00000800                        _Min_Stack_Size = 0x800

.isr_vector     0x34000400      0x34c
                0x34000400                        . = ALIGN (0x4)
 *(.isr_vector)
 .isr_vector    0x34000400      0x34c CMakeFiles/local_inference_Appli.dir/Core/Startup/startup_stm32n657xx.s.obj
                0x34000400                g_pfnVectors
                0x3400074c                        . = ALIGN (0x4)

.text           0x3400074c      0xb94
                0x3400074c                        . = ALIGN (0x4)
 *(.text)
 .text          0x3400074c       0x40 /home/bsgursta/.local/share/stm32cube/bundles/gnu-tools-for-stm32/14.3.1+st.2/bin/../lib/gcc/arm-none-eabi/14.3.1/thumb/v8-m.main+dp/hard/crtbegin.o
 *(.text*)
 .text.TZ_SAU_Setup
                0x3400078c       0x74 CMakeFiles/STM32_Drivers.dir/Core/Src/system_stm32n6xx_s.c.obj
 .text.SystemInit
                0x34000800       0x70 CMakeFiles/STM32_Drivers.dir/Core/Src/system_stm32n6xx_s.c.obj
                0x34000800                SystemInit
 .text.SystemCoreClockUpdate
                0x34000870      0x350 CMakeFiles/STM32_Drivers.dir/Core/Src/system_stm32n6xx_s.c.obj
                0x34000870                SystemCoreClockUpdate
 .text.SECURE_SystemCoreClockUpdate
                0x34000bc0       0x2c CMakeFiles/STM32_Drivers.dir/Core/Src/system_stm32n6xx_s.c.obj
                0x34000bc0                __acle_se_SECURE_SystemCoreClockUpdate
 .text.__NVIC_SetPriorityGrouping
                0x34000bec       0x48 CMakeFiles/STM32_Drivers.dir/home/bsgursta/Programming_Projects/LocalInference/mcu/local_inference/Drivers/STM32N6xx_HAL_Driver/Src/stm32n6xx_hal_cortex.c.obj
 .text.__NVIC_GetPriorityGrouping
                0x34000c34       0x1c CMakeFiles/STM32_Drivers.dir/home/bsgursta/Programming_Projects/LocalInference/mcu/local_inference/Drivers/STM32N6xx_HAL_Driver/Src/stm32n6xx_hal_cortex.c.obj
 .text.__NVIC_SetPriority
                0x34000c50       0x54 CMakeFiles/STM32_Drivers.dir/home/bsgursta/Programming_Projects/LocalInference/mcu/local_inference/Drivers/STM32N6xx_HAL_Driver/Src/stm32n6xx_hal_cortex.c.obj
 .text.NVIC_EncodePriority
                0x34000ca4       0x66 CMakeFiles/STM32_Drivers.dir/home/bsgursta/Programming_Projects/LocalInference/mcu/local_inference/Drivers/STM32N6xx_HAL_Driver/Src/stm32n6xx_hal_cortex.c.obj
 *fill*         0x34000d0a        0x2 
 .text.SysTick_Config
                0x34000d0c       0x44 CMakeFiles/STM32_Drivers.dir/home/bsgursta/Programming_Projects/LocalInference/mcu/local_inference/Drivers/STM32N6xx_HAL_Driver/Src/stm32n6xx_hal_cortex.c.obj
 .text.HAL_NVIC_SetPriorityGrouping
                0x34000d50       0x16 CMakeFiles/STM32_Drivers.dir/home/bsgursta/Programming_Projects/LocalInference/mcu/local_inference/Drivers/STM32N6xx_HAL_Driver/Src/stm32n6xx_hal_cortex.c.obj
                0x34000d50                HAL_NVIC_SetPriorityGrouping
 .text.HAL_NVIC_SetPriority
                0x34000d66       0x3a CMakeFiles/STM32_Drivers.dir/home/bsgursta/Programming_Projects/LocalInference/mcu/local_inference/Drivers/STM32N6xx_HAL_Driver/Src/stm32n6xx_hal_cortex.c.obj
                0x34000d66                HAL_NVIC_SetPriority
 .text.HAL_SYSTICK_Config
                0x34000da0       0x18 CMakeFiles/STM32_Drivers.dir/home/bsgursta/Programming_Projects/LocalInference/mcu/local_inference/Drivers/STM32N6xx_HAL_Driver/Src/stm32n6xx_hal_cortex.c.obj
                0x34000da0                HAL_SYSTICK_Config
 .text.HAL_GPIO_ConfigPinAttributes
                0x34000db8       0x8e CMakeFiles/STM32_Drivers.dir/home/bsgursta/Programming_Projects/LocalInference/mcu/local_inference/Drivers/STM32N6xx_HAL_Driver/Src/stm32n6xx_hal_gpio.c.obj
                0x34000db8                HAL_GPIO_ConfigPinAttributes
 *fill*         0x34000e46        0x2 
 .text.HAL_PWREx_EnableVddIO2
                0x34000e48       0x20 CMakeFiles/STM32_Drivers.dir/home/bsgursta/Programming_Projects/LocalInference/mcu/local_inference/Drivers/STM32N6xx_HAL_Driver/Src/stm32n6xx_hal_pwr_ex.c.obj
                0x34000e48                HAL_PWREx_EnableVddIO2
 .text.HAL_PWREx_EnableVddIO3
                0x34000e68       0x20 CMakeFiles/STM32_Drivers.dir/home/bsgursta/Programming_Projects/LocalInference/mcu/local_inference/Drivers/STM32N6xx_HAL_Driver/Src/stm32n6xx_hal_pwr_ex.c.obj
                0x34000e68                HAL_PWREx_EnableVddIO3
 .text.HAL_PWREx_EnableVddIO4
                0x34000e88       0x20 CMakeFiles/STM32_Drivers.dir/home/bsgursta/Programming_Projects/LocalInference/mcu/local_inference/Drivers/STM32N6xx_HAL_Driver/Src/stm32n6xx_hal_pwr_ex.c.obj
                0x34000e88                HAL_PWREx_EnableVddIO4
 .text.HAL_Init
                0x34000ea8       0x28 CMakeFiles/STM32_Drivers.dir/home/bsgursta/Programming_Projects/LocalInference/mcu/local_inference/Drivers/STM32N6xx_HAL_Driver/Src/stm32n6xx_hal.c.obj
                0x34000ea8                HAL_Init
 .text.HAL_InitTick
                0x34000ed0       0x6c CMakeFiles/STM32_Drivers.dir/home/bsgursta/Programming_Projects/LocalInference/mcu/local_inference/Drivers/STM32N6xx_HAL_Driver/Src/stm32n6xx_hal.c.obj
                0x34000ed0                HAL_InitTick
 .text.HAL_IncTick
                0x34000f3c       0x28 CMakeFiles/STM32_Drivers.dir/home/bsgursta/Programming_Projects/LocalInference/mcu/local_inference/Drivers/STM32N6xx_HAL_Driver/Src/stm32n6xx_hal.c.obj
                0x34000f3c                HAL_IncTick
 .text.HAL_GetTick
                0x34000f64       0x18 CMakeFiles/STM32_Drivers.dir/home/bsgursta/Programming_Projects/LocalInference/mcu/local_inference/Drivers/STM32N6xx_HAL_Driver/Src/stm32n6xx_hal.c.obj
                0x34000f64                HAL_GetTick
 .text.HAL_Delay
                0x34000f7c       0x48 CMakeFiles/STM32_Drivers.dir/home/bsgursta/Programming_Projects/LocalInference/mcu/local_inference/Drivers/STM32N6xx_HAL_Driver/Src/stm32n6xx_hal.c.obj
                0x34000f7c                HAL_Delay
 .text.HAL_RIF_RIMC_ConfigMasterAttributes
                0x34000fc4       0x78 CMakeFiles/STM32_Drivers.dir/home/bsgursta/Programming_Projects/LocalInference/mcu/local_inference/Drivers/STM32N6xx_HAL_Driver/Src/stm32n6xx_hal_rif.c.obj
                0x34000fc4                HAL_RIF_RIMC_ConfigMasterAttributes
 .text.LL_AHB3_GRP1_EnableClock
                0x3400103c       0x2c CMakeFiles/local_inference_Appli.dir/Core/Src/main.c.obj
 .text.main     0x34001068       0x14 CMakeFiles/local_inference_Appli.dir/Core/Src/main.c.obj
                0x34001068                main
 .text.SystemIsolation_Config
                0x3400107c       0xd4 CMakeFiles/local_inference_Appli.dir/Core/Src/main.c.obj
 .text.NMI_Handler
                0x34001150        0x8 CMakeFiles/local_inference_Appli.dir/Core/Src/stm32n6xx_it.c.obj
                0x34001150                NMI_Handler
 .text.HardFault_Handler
                0x34001158        0x8 CMakeFiles/local_inference_Appli.dir/Core/Src/stm32n6xx_it.c.obj
                0x34001158                HardFault_Handler
 .text.MemManage_Handler
                0x34001160        0x8 CMakeFiles/local_inference_Appli.dir/Core/Src/stm32n6xx_it.c.obj
                0x34001160                MemManage_Handler
 .text.BusFault_Handler
                0x34001168        0x8 CMakeFiles/local_inference_Appli.dir/Core/Src/stm32n6xx_it.c.obj
                0x34001168                BusFault_Handler
 .text.UsageFault_Handler
                0x34001170        0x8 CMakeFiles/local_inference_Appli.dir/Core/Src/stm32n6xx_it.c.obj
                0x34001170                UsageFault_Handler
 .text.SecureFault_Handler
                0x34001178        0x8 CMakeFiles/local_inference_Appli.dir/Core/Src/stm32n6xx_it.c.obj
                0x34001178                SecureFault_Handler
 .text.SVC_Handler
                0x34001180        0xe CMakeFiles/local_inference_Appli.dir/Core/Src/stm32n6xx_it.c.obj
                0x34001180                SVC_Handler
 .text.DebugMon_Handler
                0x3400118e        0xe CMakeFiles/local_inference_Appli.dir/Core/Src/stm32n6xx_it.c.obj
                0x3400118e                DebugMon_Handler
 .text.PendSV_Handler
                0x3400119c        0xe CMakeFiles/local_inference_Appli.dir/Core/Src/stm32n6xx_it.c.obj
                0x3400119c                PendSV_Handler
 .text.SysTick_Handler
                0x340011aa        0xc CMakeFiles/local_inference_Appli.dir/Core/Src/stm32n6xx_it.c.obj
                0x340011aa                SysTick_Handler
 .text.HAL_MspInit
                0x340011b6       0x14 CMakeFiles/local_inference_Appli.dir/Core/Src/stm32n6xx_hal_msp.c.obj
                0x340011b6                HAL_MspInit
 *fill*         0x340011ca        0x2 
 .text.SECURE_RegisterCallback
                0x340011cc       0x54 CMakeFiles/local_inference_Appli.dir/Core/Src/secure_nsc.c.obj
                0x340011cc                __acle_se_SECURE_RegisterCallback
 .text.Reset_Handler
                0x34001220       0x5c CMakeFiles/local_inference_Appli.dir/Core/Startup/startup_stm32n657xx.s.obj
                0x34001220                Reset_Handler
 .text.Default_Handler
                0x3400127c        0x2 CMakeFiles/local_inference_Appli.dir/Core/Startup/startup_stm32n657xx.s.obj
                0x3400127c                HPDMA1_Channel13_IRQHandler
                0x3400127c                EXTI2_IRQHandler
                0x3400127c                MCE2_IRQHandler
                0x3400127c                TIM8_CC_IRQHandler
                0x3400127c                USB2_OTG_HS_IRQHandler
                0x3400127c                SAI1_A_IRQHandler
                0x3400127c                EXTI5_IRQHandler
                0x3400127c                I3C1_ER_IRQHandler
                0x3400127c                UART8_IRQHandler
                0x3400127c                CTI_INT0_IRQHandler
                0x3400127c                SPI4_IRQHandler
                0x3400127c                LTDC_LO_IRQHandler
                0x3400127c                NPU2_IRQHandler
                0x3400127c                FDCAN3_IT0_IRQHandler
                0x3400127c                EXTI13_IRQHandler
                0x3400127c                TIM1_CC_IRQHandler
                0x3400127c                XSPI1_IRQHandler
                0x3400127c                TIM10_IRQHandler
                0x3400127c                JPEG_IRQHandler
                0x3400127c                TAMP_IRQHandler
                0x3400127c                CACHE_ECC_IRQHandler
                0x3400127c                TIM6_IRQHandler
                0x3400127c                CSI_IRQHandler
                0x3400127c                EXTI12_IRQHandler
                0x3400127c                GFXTIM_IRQHandler
                0x3400127c                EXTI3_IRQHandler
                0x3400127c                LPTIM4_IRQHandler
                0x3400127c                GPDMA1_Channel5_IRQHandler
                0x3400127c                EXTI8_IRQHandler
                0x3400127c                LPTIM2_IRQHandler
                0x3400127c                GFXMMU_IRQHandler
                0x3400127c                LTDC_LO_ERR_IRQHandler
                0x3400127c                I2C3_ER_IRQHandler
                0x3400127c                RIFSC_TAMPER_IRQHandler
                0x3400127c                USART10_IRQHandler
                0x3400127c                MDF1_FLT2_IRQHandler
                0x3400127c                LPTIM3_IRQHandler
                0x3400127c                SAI2_A_IRQHandler
                0x3400127c                EXTI0_IRQHandler
                0x3400127c                HPDMA1_Channel9_IRQHandler
                0x3400127c                I2C2_EV_IRQHandler
                0x3400127c                GPU2D_IRQHandler
                0x3400127c                FPU_IRQHandler
                0x3400127c                GPDMA1_Channel3_IRQHandler
                0x3400127c                GPDMA1_Channel7_IRQHandler
                0x3400127c                MDF1_FLT4_IRQHandler
                0x3400127c                FDCAN1_IT1_IRQHandler
                0x3400127c                HPDMA1_Channel3_IRQHandler
                0x3400127c                ADC1_2_IRQHandler
                0x3400127c                GPDMA1_Channel9_IRQHandler
                0x3400127c                SPI1_IRQHandler
                0x3400127c                CACHEAXI_IRQHandler
                0x3400127c                SAI1_B_IRQHandler
                0x3400127c                GPDMA1_Channel2_IRQHandler
                0x3400127c                PAHB_ERR_IRQHandler
                0x3400127c                TIM8_UP_IRQHandler
                0x3400127c                RCC_S_IRQHandler
                0x3400127c                MDF1_FLT1_IRQHandler
                0x3400127c                LTDC_UP_IRQHandler
                0x3400127c                LOCKUP_IRQHandler
                0x3400127c                PKA_IRQHandler
                0x3400127c                USART6_IRQHandler
                0x3400127c                HPDMA1_Channel2_IRQHandler
                0x3400127c                MDF1_FLT5_IRQHandler
                0x3400127c                MCE4_IRQHandler
                0x3400127c                I3C2_ER_IRQHandler
                0x3400127c                EXTI15_IRQHandler
                0x3400127c                TIM17_IRQHandler
                0x3400127c                USART3_IRQHandler
                0x3400127c                HPDMA1_Channel6_IRQHandler
                0x3400127c                CRYP_IRQHandler
                0x3400127c                RTC_IRQHandler
                0x3400127c                XSPI2_IRQHandler
                0x3400127c                EXTI9_IRQHandler
                0x3400127c                IAC_IRQHandler
                0x3400127c                HPDMA1_Channel0_IRQHandler
                0x3400127c                LPTIM5_IRQHandler
                0x3400127c                HPDMA1_Channel1_IRQHandler
                0x3400127c                UART5_IRQHandler
                0x3400127c                TIM4_IRQHandler
                0x3400127c                NPU3_IRQHandler
                0x3400127c                I3C2_EV_IRQHandler
                0x3400127c                I2C1_EV_IRQHandler
                0x3400127c                FDCAN_CU_IRQHandler
                0x3400127c                GPDMA1_Channel12_IRQHandler
                0x3400127c                HPDMA1_Channel7_IRQHandler
                0x3400127c                GPDMA1_Channel1_IRQHandler
                0x3400127c                TIM16_IRQHandler
                0x3400127c                GPDMA1_Channel15_IRQHandler
                0x3400127c                UART4_IRQHandler
                0x3400127c                TCM_ECC_IRQHandler
                0x3400127c                TIM3_IRQHandler
                0x3400127c                RCC_IRQHandler
                0x3400127c                UART9_IRQHandler
                0x3400127c                NPU1_IRQHandler
                0x3400127c                SAI2_B_IRQHandler
                0x3400127c                Default_Handler
                0x3400127c                GPDMA1_Channel8_IRQHandler
                0x3400127c                HPDMA1_Channel8_IRQHandler
                0x3400127c                TIM18_IRQHandler
                0x3400127c                TIM14_IRQHandler
                0x3400127c                TIM13_IRQHandler
                0x3400127c                CTI_INT1_IRQHandler
                0x3400127c                GPDMA1_Channel11_IRQHandler
                0x3400127c                GPU2D_ER_IRQHandler
                0x3400127c                SPI5_IRQHandler
                0x3400127c                TIM12_IRQHandler
                0x3400127c                TIM7_IRQHandler
                0x3400127c                FDCAN3_IT1_IRQHandler
                0x3400127c                HPDMA1_Channel10_IRQHandler
                0x3400127c                SDMMC1_IRQHandler
                0x3400127c                SAES_IRQHandler
                0x3400127c                TIM5_IRQHandler
                0x3400127c                UCPD1_IRQHandler
                0x3400127c                GPDMA1_Channel0_IRQHandler
                0x3400127c                I3C1_EV_IRQHandler
                0x3400127c                HPDMA1_Channel5_IRQHandler
                0x3400127c                TIM15_IRQHandler
                0x3400127c                I2C3_EV_IRQHandler
                0x3400127c                HPDMA1_Channel4_IRQHandler
                0x3400127c                HPDMA1_Channel15_IRQHandler
                0x3400127c                TIM9_IRQHandler
                0x3400127c                ETH1_IRQHandler
                0x3400127c                USB1_OTG_HS_IRQHandler
                0x3400127c                PVD_PVM_IRQHandler
                0x3400127c                SPI2_IRQHandler
                0x3400127c                TIM1_TRG_CCU_IRQHandler
                0x3400127c                HPDMA1_Channel11_IRQHandler
                0x3400127c                EXTI14_IRQHandler
                0x3400127c                EXTI11_IRQHandler
                0x3400127c                VENC_IRQHandler
                0x3400127c                GPDMA1_Channel14_IRQHandler
                0x3400127c                EXTI4_IRQHandler
                0x3400127c                RTC_S_IRQHandler
                0x3400127c                GPDMA1_Channel13_IRQHandler
                0x3400127c                RNG_IRQHandler
                0x3400127c                XSPI3_IRQHandler
                0x3400127c                FDCAN2_IT1_IRQHandler
                0x3400127c                TIM1_UP_IRQHandler
                0x3400127c                NPU0_IRQHandler
                0x3400127c                BCK_ECC_IRQHandler
                0x3400127c                WWDG_IRQHandler
                0x3400127c                SPI6_IRQHandler
                0x3400127c                MDIOS_IRQHandler
                0x3400127c                I2C4_EV_IRQHandler
                0x3400127c                FDCAN2_IT0_IRQHandler
                0x3400127c                IWDG_IRQHandler
                0x3400127c                HPDMA1_Channel14_IRQHandler
                0x3400127c                LPUART1_IRQHandler
                0x3400127c                FDCAN1_IT0_IRQHandler
                0x3400127c                MDF1_FLT0_IRQHandler
                0x3400127c                TIM2_IRQHandler
                0x3400127c                MCE3_IRQHandler
                0x3400127c                GPDMA1_Channel4_IRQHandler
                0x3400127c                EXTI7_IRQHandler
                0x3400127c                DMA2D_IRQHandler
                0x3400127c                TIM1_BRK_IRQHandler
                0x3400127c                EXTI1_IRQHandler
                0x3400127c                SDMMC2_IRQHandler
                0x3400127c                TIM11_IRQHandler
                0x3400127c                LTDC_UP_ERR_IRQHandler
                0x3400127c                UART7_IRQHandler
                0x3400127c                DTS_IRQHandler
                0x3400127c                MDF1_FLT3_IRQHandler
                0x3400127c                USART2_IRQHandler
                0x3400127c                GPDMA1_Channel6_IRQHandler
                0x3400127c                ADF1_FLT0_IRQHandler
                0x3400127c                I2C2_ER_IRQHandler
                0x3400127c                MCE1_IRQHandler
                0x3400127c                SPDIFRX_IRQHandler
                0x3400127c                TIM8_BRK_IRQHandler
                0x3400127c                HPDMA1_Channel12_IRQHandler
                0x3400127c                USART1_IRQHandler
                0x3400127c                EXTI10_IRQHandler
                0x3400127c                SPI3_IRQHandler
                0x3400127c                WAKEUP_PIN_IRQHandler
                0x3400127c                DCMIPP_IRQHandler
                0x3400127c                I2C1_ER_IRQHandler
                0x3400127c                FMC_IRQHandler
                0x3400127c                EXTI6_IRQHandler
                0x3400127c                LPTIM1_IRQHandler
                0x3400127c                DCMI_PSSI_IRQHandler
                0x3400127c                TIM8_TRG_CCU_IRQHandler
                0x3400127c                I2C4_ER_IRQHandler
                0x3400127c                GPDMA1_Channel10_IRQHandler
                0x3400127c                ICACHE_IRQHandler
                0x3400127c                HASH_IRQHandler
 *fill*         0x3400127e        0x2 
 .text.__libc_init_array
                0x34001280       0x48 /home/bsgursta/.local/share/stm32cube/bundles/gnu-tools-for-stm32/14.3.1+st.2/bin/../lib/gcc/arm-none-eabi/14.3.1/../../../../arm-none-eabi/lib/thumb/v8-m.main+dp/hard/libg_nano.a(libc_a-init.o)
                0x34001280                __libc_init_array
 *(.glue_7)
 .glue_7        0x340012c8        0x0 linker stubs
 *(.glue_7t)
 .glue_7t       0x340012c8        0x0 linker stubs
 *(.eh_frame)
 .eh_frame      0x340012c8        0x0 /home/bsgursta/.local/share/stm32cube/bundles/gnu-tools-for-stm32/14.3.1+st.2/bin/../lib/gcc/arm-none-eabi/14.3.1/thumb/v8-m.main+dp/hard/crtbegin.o
 *(.RamFunc)
 *(.RamFunc*)
 *(.init)
 .init          0x340012c8        0x4 /home/bsgursta/.local/share/stm32cube/bundles/gnu-tools-for-stm32/14.3.1+st.2/bin/../lib/gcc/arm-none-eabi/14.3.1/thumb/v8-m.main+dp/hard/crti.o
                0x340012c8                _init
 .init          0x340012cc        0x8 /home/bsgursta/.local/share/stm32cube/bundles/gnu-tools-for-stm32/14.3.1+st.2/bin/../lib/gcc/arm-none-eabi/14.3.1/thumb/v8-m.main+dp/hard/crtn.o
 *(.fini)
 .fini          0x340012d4        0x4 /home/bsgursta/.local/share/stm32cube/bundles/gnu-tools-for-stm32/14.3.1+st.2/bin/../lib/gcc/arm-none-eabi/14.3.1/thumb/v8-m.main+dp/hard/crti.o
                0x340012d4                _fini
 .fini          0x340012d8        0x8 /home/bsgursta/.local/share/stm32cube/bundles/gnu-tools-for-stm32/14.3.1+st.2/bin/../lib/gcc/arm-none-eabi/14.3.1/thumb/v8-m.main+dp/hard/crtn.o
                0x340012e0                        . = ALIGN (0x4)
                0x340012e0                        _etext = .

.vfp11_veneer   0x340012e0        0x0
 .vfp11_veneer  0x340012e0        0x0 linker stubs

.v4_bx          0x340012e0        0x0
 .v4_bx         0x340012e0        0x0 linker stubs

.iplt           0x340012e0        0x0
 .iplt          0x340012e0        0x0 /home/bsgursta/.local/share/stm32cube/bundles/gnu-tools-for-stm32/14.3.1+st.2/bin/../lib/gcc/arm-none-eabi/14.3.1/thumb/v8-m.main+dp/hard/crtbegin.o

.rel.dyn        0x340012e0        0x0
 .rel.iplt      0x340012e0        0x0 /home/bsgursta/.local/share/stm32cube/bundles/gnu-tools-for-stm32/14.3.1+st.2/bin/../lib/gcc/arm-none-eabi/14.3.1/thumb/v8-m.main+dp/hard/crtbegin.o

.rodata         0x340012e0        0x0
                0x340012e0                        . = ALIGN (0x4)
 *(.rodata)
 *(.rodata*)
                0x340012e0                        . = ALIGN (0x4)

.ARM.extab      0x340012e0        0x0
                0x340012e0                        . = ALIGN (0x4)
 *(.ARM.extab* .gnu.linkonce.armextab.*)
                0x340012e0                        . = ALIGN (0x4)

.ARM            0x340012e0        0x0
                0x340012e0                        . = ALIGN (0x4)
                0x340012e0                        __exidx_start = .
 *(.ARM.exidx*)
                0x340012e0                        __exidx_end = .
                0x340012e0                        . = ALIGN (0x4)

.preinit_array  0x340012e0        0x0
                0x340012e0                        . = ALIGN (0x4)
                0x340012e0                        PROVIDE (__preinit_array_start = .)
 *(.preinit_array*)
                0x340012e0                        PROVIDE (__preinit_array_end = .)
                0x340012e0                        . = ALIGN (0x4)

.init_array     0x340012e0        0x4
                0x340012e0                        . = ALIGN (0x4)
                0x340012e0                        PROVIDE (__init_array_start = .)
 *(SORT_BY_NAME(.init_array.*))
 *(.init_array*)
 .init_array    0x340012e0        0x4 /home/bsgursta/.local/share/stm32cube/bundles/gnu-tools-for-stm32/14.3.1+st.2/bin/../lib/gcc/arm-none-eabi/14.3.1/thumb/v8-m.main+dp/hard/crtbegin.o
                0x340012e4                        PROVIDE (__init_array_end = .)
                0x340012e4                        . = ALIGN (0x4)

.fini_array     0x340012e4        0x4
                0x340012e4                        . = ALIGN (0x4)
                [!provide]                        PROVIDE (__fini_array_start = .)
 *(SORT_BY_NAME(.fini_array.*))
 *(.fini_array*)
 .fini_array    0x340012e4        0x4 /home/bsgursta/.local/share/stm32cube/bundles/gnu-tools-for-stm32/14.3.1+st.2/bin/../lib/gcc/arm-none-eabi/14.3.1/thumb/v8-m.main+dp/hard/crtbegin.o
                [!provide]                        PROVIDE (__fini_array_end = .)
                0x340012e8                        . = ALIGN (0x4)

.gnu.sgstubs    0x34001300       0x20
                0x34001300                        _sNSCVeneer = .
 *(.gnu.sgstubs*)
                0x34001300                        . = ALIGN (0x20)
 FILL mask 0x00
 .gnu.sgstubs.__stub
                0x34001300       0x10 linker stubs
                0x34001300                SECURE_SystemCoreClockUpdate
                0x34001308                SECURE_RegisterCallback
                0x34001320                        _eNSCVeneer = .
                0x34001320                        _sidata = LOADADDR (.data)

.data           0x34080000        0xc load address 0x34001320
                0x34080000                        . = ALIGN (0x4)
                0x34080000                        _sdata = .
 *(.data)
 *(.data*)
 .data.SystemCoreClock
                0x34080000        0x4 CMakeFiles/STM32_Drivers.dir/Core/Src/system_stm32n6xx_s.c.obj
                0x34080000                SystemCoreClock
 .data.uwTickPrio
                0x34080004        0x4 CMakeFiles/STM32_Drivers.dir/home/bsgursta/Programming_Projects/LocalInference/mcu/local_inference/Drivers/STM32N6xx_HAL_Driver/Src/stm32n6xx_hal.c.obj
                0x34080004                uwTickPrio
 .data.uwTickFreq
                0x34080008        0x1 CMakeFiles/STM32_Drivers.dir/home/bsgursta/Programming_Projects/LocalInference/mcu/local_inference/Drivers/STM32N6xx_HAL_Driver/Src/stm32n6xx_hal.c.obj
                0x34080008                uwTickFreq
                0x3408000c                        . = ALIGN (0x4)
 *fill*         0x34080009        0x3 

.igot.plt       0x3408000c        0x0 load address 0x3400132c
 .igot.plt      0x3408000c        0x0 /home/bsgursta/.local/share/stm32cube/bundles/gnu-tools-for-stm32/14.3.1+st.2/bin/../lib/gcc/arm-none-eabi/14.3.1/thumb/v8-m.main+dp/hard/crtbegin.o

.tdata          0x3408000c        0x0 load address 0x3400132c
 *(.tdata .tdata.* .gnu.linkonce.td.*)
                0x3408000c                        . = ALIGN (0x4)
                0x3408000c                        _edata = .
                [!provide]                        PROVIDE (__data_end = .)
                [!provide]                        PROVIDE (__tdata_end = .)
                [!provide]                        PROVIDE (__tdata_start = ADDR (.tdata))
                [!provide]                        PROVIDE (__tdata_size = (__tdata_end - __tdata_start))
                [!provide]                        PROVIDE (__data_start = ADDR (.data))
                [!provide]                        PROVIDE (__data_size = (__data_end - __data_start))
                [!provide]                        PROVIDE (__tdata_source = LOADADDR (.tdata))
                [!provide]                        PROVIDE (__tdata_source_end = (LOADADDR (.tdata) + SIZEOF (.tdata)))
                [!provide]                        PROVIDE (__tdata_source_size = (__tdata_source_end - __tdata_source))
                [!provide]                        PROVIDE (__data_source = LOADADDR (.data))
                [!provide]                        PROVIDE (__data_source_end = __tdata_source_end)
                [!provide]                        PROVIDE (__data_source_size = (__data_source_end - __data_source))

.noncacheable   0x3408000c        0x4 load address 0x3400132c
                0x34080010                        . = ALIGN (0x8)
 *fill*         0x3408000c        0x4 
                0x34080010                        __snoncacheable = .
 *(.noncacheable)
                0x34080010                        . = ALIGN (0x8)
                0x34080010                        __enoncacheable = .

.tbss           0x34080010        0x0 load address 0x3400132c
                0x34080010                        _sbss = .
                0x34080010                        __bss_start__ = _sbss
 *(.tbss .tbss.*)
                0x34080010                        . = ALIGN (0x4)
                [!provide]                        PROVIDE (__tbss_end = .)
                [!provide]                        PROVIDE (__tbss_start = ADDR (.tbss))
                [!provide]                        PROVIDE (__tbss_size = (__tbss_end - __tbss_start))
                [!provide]                        PROVIDE (__tbss_offset = (ADDR (.tbss) - ADDR (.tdata)))
                [!provide]                        PROVIDE (__tls_base = __tdata_start)
                [!provide]                        PROVIDE (__tls_end = __tbss_end)
                [!provide]                        PROVIDE (__tls_size = (__tls_end - __tls_base))
                [!provide]                        PROVIDE (__tls_align = MAX (ALIGNOF (.tdata), ALIGNOF (.tbss)))
                [!provide]                        PROVIDE (__tls_size_align = (((__tls_size + __tls_align) - 0x1) & ~ ((__tls_align - 0x1))))
                [!provide]                        PROVIDE (__arm32_tls_tcb_offset = MAX (0x8, __tls_align))
                [!provide]                        PROVIDE (__arm64_tls_tcb_offset = MAX (0x10, __tls_align))

.bss            0x34080010       0x28 load address 0x3400132c
 *(.bss)
 .bss           0x34080010       0x1c /home/bsgursta/.local/share/stm32cube/bundles/gnu-tools-for-stm32/14.3.1+st.2/bin/../lib/gcc/arm-none-eabi/14.3.1/thumb/v8-m.main+dp/hard/crtbegin.o
 *(.bss*)
 .bss.uwTick    0x3408002c        0x4 CMakeFiles/STM32_Drivers.dir/home/bsgursta/Programming_Projects/LocalInference/mcu/local_inference/Drivers/STM32N6xx_HAL_Driver/Src/stm32n6xx_hal.c.obj
                0x3408002c                uwTick
 .bss.pSecureFaultCallback
                0x34080030        0x4 CMakeFiles/local_inference_Appli.dir/Core/Src/secure_nsc.c.obj
                0x34080030                pSecureFaultCallback
 .bss.pSecureErrorCallback
                0x34080034        0x4 CMakeFiles/local_inference_Appli.dir/Core/Src/secure_nsc.c.obj
                0x34080034                pSecureErrorCallback
 *(COMMON)
                0x34080038                        . = ALIGN (0x4)
                0x34080038                        _ebss = .
                0x34080038                        __bss_end__ = _ebss
                [!provide]                        PROVIDE (__bss_end = .)
                [!provide]                        PROVIDE (__non_tls_bss_start = ADDR (.bss))
                [!provide]                        PROVIDE (__bss_start = __tbss_start)
                [!provide]                        PROVIDE (__bss_size = (__bss_end - __bss_start))

._user_heap_stack
                0x34080038      0xa00 load address 0x3400132c
                0x34080038                        . = ALIGN (0x8)
                [!provide]                        PROVIDE (end = .)
                0x34080038                        PROVIDE (_end = .)
                0x34080238                        . = (. + _Min_Heap_Size)
 *fill*         0x34080038      0x200 
                0x34080a38                        . = (. + _Min_Stack_Size)
 *fill*         0x34080238      0x800 
                0x34080a38                        . = ALIGN (0x8)

/DISCARD/
 libc.a:*(*)
 libm.a:*(*)
 libgcc.a:*(*)

.ARM.attributes
                0x00000000       0x3a
 *(.ARM.attributes)
 .ARM.attributes
                0x00000000       0x24 /home/bsgursta/.local/share/stm32cube/bundles/gnu-tools-for-stm32/14.3.1+st.2/bin/../lib/gcc/arm-none-eabi/14.3.1/thumb/v8-m.main+dp/hard/crti.o
 .ARM.attributes
                0x00000024       0x36 /home/bsgursta/.local/share/stm32cube/bundles/gnu-tools-for-stm32/14.3.1+st.2/bin/../lib/gcc/arm-none-eabi/14.3.1/thumb/v8-m.main+dp/hard/crtbegin.o
 .ARM.attributes
                0x0000005a       0x3e CMakeFiles/STM32_Drivers.dir/Core/Src/system_stm32n6xx_s.c.obj
 .ARM.attributes
                0x00000098       0x3e CMakeFiles/STM32_Drivers.dir/home/bsgursta/Programming_Projects/LocalInference/mcu/local_inference/Drivers/STM32N6xx_HAL_Driver/Src/stm32n6xx_hal_cortex.c.obj
 .ARM.attributes
                0x000000d6       0x3e CMakeFiles/STM32_Drivers.dir/home/bsgursta/Programming_Projects/LocalInference/mcu/local_inference/Drivers/STM32N6xx_HAL_Driver/Src/stm32n6xx_hal_gpio.c.obj
 .ARM.attributes
                0x00000114       0x3e CMakeFiles/STM32_Drivers.dir/home/bsgursta/Programming_Projects/LocalInference/mcu/local_inference/Drivers/STM32N6xx_HAL_Driver/Src/stm32n6xx_hal_pwr_ex.c.obj
 .ARM.attributes
                0x00000152       0x3e CMakeFiles/STM32_Drivers.dir/home/bsgursta/Programming_Projects/LocalInference/mcu/local_inference/Drivers/STM32N6xx_HAL_Driver/Src/stm32n6xx_hal.c.obj
 .ARM.attributes
                0x00000190       0x3e CMakeFiles/STM32_Drivers.dir/home/bsgursta/Programming_Projects/LocalInference/mcu/local_inference/Drivers/STM32N6xx_HAL_Driver/Src/stm32n6xx_hal_rif.c.obj
 .ARM.attributes
                0x000001ce       0x3e CMakeFiles/local_inference_Appli.dir/Core/Src/main.c.obj
 .ARM.attributes
                0x0000020c       0x3e CMakeFiles/local_inference_Appli.dir/Core/Src/stm32n6xx_it.c.obj
 .ARM.attributes
                0x0000024a       0x3e CMakeFiles/local_inference_Appli.dir/Core/Src/stm32n6xx_hal_msp.c.obj
 .ARM.attributes
                0x00000288       0x3e CMakeFiles/local_inference_Appli.dir/Core/Src/secure_nsc.c.obj
 .ARM.attributes
                0x000002c6       0x22 CMakeFiles/local_inference_Appli.dir/Core/Startup/startup_stm32n657xx.s.obj
 .ARM.attributes
                0x000002e8       0x36 /home/bsgursta/.local/share/stm32cube/bundles/gnu-tools-for-stm32/14.3.1+st.2/bin/../lib/gcc/arm-none-eabi/14.3.1/../../../../arm-none-eabi/lib/thumb/v8-m.main+dp/hard/libg_nano.a(libc_a-init.o)
 .ARM.attributes
                0x0000031e       0x24 /home/bsgursta/.local/share/stm32cube/bundles/gnu-tools-for-stm32/14.3.1+st.2/bin/../lib/gcc/arm-none-eabi/14.3.1/thumb/v8-m.main+dp/hard/crtn.o
OUTPUT(local_inference_Appli.elf elf32-littlearm)
LOAD linker stubs

.debug_info     0x00000000     0x94bf
 .debug_info    0x00000000     0x1ab2 CMakeFiles/STM32_Drivers.dir/Core/Src/system_stm32n6xx_s.c.obj
 .debug_info    0x00001ab2     0x1490 CMakeFiles/STM32_Drivers.dir/home/bsgursta/Programming_Projects/LocalInference/mcu/local_inference/Drivers/STM32N6xx_HAL_Driver/Src/stm32n6xx_hal_cortex.c.obj
 .debug_info    0x00002f42      0xafd CMakeFiles/STM32_Drivers.dir/home/bsgursta/Programming_Projects/LocalInference/mcu/local_inference/Drivers/STM32N6xx_HAL_Driver/Src/stm32n6xx_hal_gpio.c.obj
 .debug_info    0x00003a3f      0xd08 CMakeFiles/STM32_Drivers.dir/home/bsgursta/Programming_Projects/LocalInference/mcu/local_inference/Drivers/STM32N6xx_HAL_Driver/Src/stm32n6xx_hal_pwr_ex.c.obj
 .debug_info    0x00004747     0x27e2 CMakeFiles/STM32_Drivers.dir/home/bsgursta/Programming_Projects/LocalInference/mcu/local_inference/Drivers/STM32N6xx_HAL_Driver/Src/stm32n6xx_hal.c.obj
 .debug_info    0x00006f29      0xeb6 CMakeFiles/STM32_Drivers.dir/home/bsgursta/Programming_Projects/LocalInference/mcu/local_inference/Drivers/STM32N6xx_HAL_Driver/Src/stm32n6xx_hal_rif.c.obj
 .debug_info    0x00007ddf     0x12b6 CMakeFiles/local_inference_Appli.dir/Core/Src/main.c.obj
 .debug_info    0x00009095      0x138 CMakeFiles/local_inference_Appli.dir/Core/Src/stm32n6xx_it.c.obj
 .debug_info    0x000091cd       0xb4 CMakeFiles/local_inference_Appli.dir/Core/Src/stm32n6xx_hal_msp.c.obj
 .debug_info    0x00009281      0x103 CMakeFiles/local_inference_Appli.dir/Core/Src/secure_nsc.c.obj
 .debug_info    0x00009384       0x30 CMakeFiles/local_inference_Appli.dir/Core/Startup/startup_stm32n657xx.s.obj
 .debug_info    0x000093b4      0x10b /home/bsgursta/.local/share/stm32cube/bundles/gnu-tools-for-stm32/14.3.1+st.2/bin/../lib/gcc/arm-none-eabi/14.3.1/../../../../arm-none-eabi/lib/thumb/v8-m.main+dp/hard/libg_nano.a(libc_a-init.o)

.debug_abbrev   0x00000000     0x131b
 .debug_abbrev  0x00000000      0x177 CMakeFiles/STM32_Drivers.dir/Core/Src/system_stm32n6xx_s.c.obj
 .debug_abbrev  0x00000177      0x346 CMakeFiles/STM32_Drivers.dir/home/bsgursta/Programming_Projects/LocalInference/mcu/local_inference/Drivers/STM32N6xx_HAL_Driver/Src/stm32n6xx_hal_cortex.c.obj
 .debug_abbrev  0x000004bd      0x24d CMakeFiles/STM32_Drivers.dir/home/bsgursta/Programming_Projects/LocalInference/mcu/local_inference/Drivers/STM32N6xx_HAL_Driver/Src/stm32n6xx_hal_gpio.c.obj
 .debug_abbrev  0x0000070a      0x265 CMakeFiles/STM32_Drivers.dir/home/bsgursta/Programming_Projects/LocalInference/mcu/local_inference/Drivers/STM32N6xx_HAL_Driver/Src/stm32n6xx_hal_pwr_ex.c.obj
 .debug_abbrev  0x0000096f      0x2bd CMakeFiles/STM32_Drivers.dir/home/bsgursta/Programming_Projects/LocalInference/mcu/local_inference/Drivers/STM32N6xx_HAL_Driver/Src/stm32n6xx_hal.c.obj
 .debug_abbrev  0x00000c2c      0x2a5 CMakeFiles/STM32_Drivers.dir/home/bsgursta/Programming_Projects/LocalInference/mcu/local_inference/Drivers/STM32N6xx_HAL_Driver/Src/stm32n6xx_hal_rif.c.obj
 .debug_abbrev  0x00000ed1      0x1f1 CMakeFiles/local_inference_Appli.dir/Core/Src/main.c.obj
 .debug_abbrev  0x000010c2       0x73 CMakeFiles/local_inference_Appli.dir/Core/Src/stm32n6xx_it.c.obj
 .debug_abbrev  0x00001135       0x5a CMakeFiles/local_inference_Appli.dir/Core/Src/stm32n6xx_hal_msp.c.obj
 .debug_abbrev  0x0000118f       0x9f CMakeFiles/local_inference_Appli.dir/Core/Src/secure_nsc.c.obj
 .debug_abbrev  0x0000122e       0x24 CMakeFiles/local_inference_Appli.dir/Core/Startup/startup_stm32n657xx.s.obj
 .debug_abbrev  0x00001252       0xc9 /home/bsgursta/.local/share/stm32cube/bundles/gnu-tools-for-stm32/14.3.1+st.2/bin/../lib/gcc/arm-none-eabi/14.3.1/../../../../arm-none-eabi/lib/thumb/v8-m.main+dp/hard/libg_nano.a(libc_a-init.o)

.debug_aranges  0x00000000      0xaa0
 .debug_aranges
                0x00000000       0x38 CMakeFiles/STM32_Drivers.dir/Core/Src/system_stm32n6xx_s.c.obj
 .debug_aranges
                0x00000038      0x178 CMakeFiles/STM32_Drivers.dir/home/bsgursta/Programming_Projects/LocalInference/mcu/local_inference/Drivers/STM32N6xx_HAL_Driver/Src/stm32n6xx_hal_cortex.c.obj
 .debug_aranges
                0x000001b0       0xa8 CMakeFiles/STM32_Drivers.dir/home/bsgursta/Programming_Projects/LocalInference/mcu/local_inference/Drivers/STM32N6xx_HAL_Driver/Src/stm32n6xx_hal_gpio.c.obj
 .debug_aranges
                0x00000258      0x260 CMakeFiles/STM32_Drivers.dir/home/bsgursta/Programming_Projects/LocalInference/mcu/local_inference/Drivers/STM32N6xx_HAL_Driver/Src/stm32n6xx_hal_pwr_ex.c.obj
 .debug_aranges
                0x000004b8      0x3d0 CMakeFiles/STM32_Drivers.dir/home/bsgursta/Programming_Projects/LocalInference/mcu/local_inference/Drivers/STM32N6xx_HAL_Driver/Src/stm32n6xx_hal.c.obj
 .debug_aranges
                0x00000888       0xf0 CMakeFiles/STM32_Drivers.dir/home/bsgursta/Programming_Projects/LocalInference/mcu/local_inference/Drivers/STM32N6xx_HAL_Driver/Src/stm32n6xx_hal_rif.c.obj
 .debug_aranges
                0x00000978       0x38 CMakeFiles/local_inference_Appli.dir/Core/Src/main.c.obj
 .debug_aranges
                0x000009b0       0x68 CMakeFiles/local_inference_Appli.dir/Core/Src/stm32n6xx_it.c.obj
 .debug_aranges
                0x00000a18       0x20 CMakeFiles/local_inference_Appli.dir/Core/Src/stm32n6xx_hal_msp.c.obj
 .debug_aranges
                0x00000a38       0x20 CMakeFiles/local_inference_Appli.dir/Core/Src/secure_nsc.c.obj
 .debug_aranges
                0x00000a58       0x28 CMakeFiles/local_inference_Appli.dir/Core/Startup/startup_stm32n657xx.s.obj
 .debug_aranges
                0x00000a80       0x20 /home/bsgursta/.local/share/stm32cube/bundles/gnu-tools-for-stm32/14.3.1+st.2/bin/../lib/gcc/arm-none-eabi/14.3.1/../../../../arm-none-eabi/lib/thumb/v8-m.main+dp/hard/libg_nano.a(libc_a-init.o)

.debug_rnglists
                0x00000000      0x7d5
 .debug_rnglists
                0x00000000       0x26 CMakeFiles/STM32_Drivers.dir/Core/Src/system_stm32n6xx_s.c.obj
 .debug_rnglists
                0x00000026      0x115 CMakeFiles/STM32_Drivers.dir/home/bsgursta/Programming_Projects/LocalInference/mcu/local_inference/Drivers/STM32N6xx_HAL_Driver/Src/stm32n6xx_hal_cortex.c.obj
 .debug_rnglists
                0x0000013b       0x80 CMakeFiles/STM32_Drivers.dir/home/bsgursta/Programming_Projects/LocalInference/mcu/local_inference/Drivers/STM32N6xx_HAL_Driver/Src/stm32n6xx_hal_gpio.c.obj
 .debug_rnglists
                0x000001bb      0x1c9 CMakeFiles/STM32_Drivers.dir/home/bsgursta/Programming_Projects/LocalInference/mcu/local_inference/Drivers/STM32N6xx_HAL_Driver/Src/stm32n6xx_hal_pwr_ex.c.obj
 .debug_rnglists
                0x00000384      0x2da CMakeFiles/STM32_Drivers.dir/home/bsgursta/Programming_Projects/LocalInference/mcu/local_inference/Drivers/STM32N6xx_HAL_Driver/Src/stm32n6xx_hal.c.obj
 .debug_rnglists
                0x0000065e       0xb6 CMakeFiles/STM32_Drivers.dir/home/bsgursta/Programming_Projects/LocalInference/mcu/local_inference/Drivers/STM32N6xx_HAL_Driver/Src/stm32n6xx_hal_rif.c.obj
 .debug_rnglists
                0x00000714       0x26 CMakeFiles/local_inference_Appli.dir/Core/Src/main.c.obj
 .debug_rnglists
                0x0000073a       0x49 CMakeFiles/local_inference_Appli.dir/Core/Src/stm32n6xx_it.c.obj
 .debug_rnglists
                0x00000783       0x13 CMakeFiles/local_inference_Appli.dir/Core/Src/stm32n6xx_hal_msp.c.obj
 .debug_rnglists
                0x00000796       0x13 CMakeFiles/local_inference_Appli.dir/Core/Src/secure_nsc.c.obj
 .debug_rnglists
                0x000007a9       0x19 CMakeFiles/local_inference_Appli.dir/Core/Startup/startup_stm32n657xx.s.obj
 .debug_rnglists
                0x000007c2       0x13 /home/bsgursta/.local/share/stm32cube/bundles/gnu-tools-for-stm32/14.3.1+st.2/bin/../lib/gcc/arm-none-eabi/14.3.1/../../../../arm-none-eabi/lib/thumb/v8-m.main+dp/hard/libg_nano.a(libc_a-init.o)

.debug_macro    0x00000000    0x518f3
 .debug_macro   0x00000000      0x2bd CMakeFiles/STM32_Drivers.dir/Core/Src/system_stm32n6xx_s.c.obj
 .debug_macro   0x000002bd      0xb5c CMakeFiles/STM32_Drivers.dir/Core/Src/system_stm32n6xx_s.c.obj
 .debug_macro   0x00000e19       0x2e CMakeFiles/STM32_Drivers.dir/Core/Src/system_stm32n6xx_s.c.obj
 .debug_macro   0x00000e47       0x6c CMakeFiles/STM32_Drivers.dir/Core/Src/system_stm32n6xx_s.c.obj
 .debug_macro   0x00000eb3       0x22 CMakeFiles/STM32_Drivers.dir/Core/Src/system_stm32n6xx_s.c.obj
 .debug_macro   0x00000ed5       0x8e CMakeFiles/STM32_Drivers.dir/Core/Src/system_stm32n6xx_s.c.obj
 .debug_macro   0x00000f63       0x51 CMakeFiles/STM32_Drivers.dir/Core/Src/system_stm32n6xx_s.c.obj
 .debug_macro   0x00000fb4      0x103 CMakeFiles/STM32_Drivers.dir/Core/Src/system_stm32n6xx_s.c.obj
 .debug_macro   0x000010b7       0x6a CMakeFiles/STM32_Drivers.dir/Core/Src/system_stm32n6xx_s.c.obj
 .debug_macro   0x00001121      0x1df CMakeFiles/STM32_Drivers.dir/Core/Src/system_stm32n6xx_s.c.obj
 .debug_macro   0x00001300       0x2e CMakeFiles/STM32_Drivers.dir/Core/Src/system_stm32n6xx_s.c.obj
 .debug_macro   0x0000132e       0x17 CMakeFiles/STM32_Drivers.dir/Core/Src/system_stm32n6xx_s.c.obj
 .debug_macro   0x00001345       0x58 CMakeFiles/STM32_Drivers.dir/Core/Src/system_stm32n6xx_s.c.obj
 .debug_macro   0x0000139d      0x26d CMakeFiles/STM32_Drivers.dir/Core/Src/system_stm32n6xx_s.c.obj
 .debug_macro   0x0000160a       0x3a CMakeFiles/STM32_Drivers.dir/Core/Src/system_stm32n6xx_s.c.obj
 .debug_macro   0x00001644     0x2f0c CMakeFiles/STM32_Drivers.dir/Core/Src/system_stm32n6xx_s.c.obj
 .debug_macro   0x00004550      0x130 CMakeFiles/STM32_Drivers.dir/Core/Src/system_stm32n6xx_s.c.obj
 .debug_macro   0x00004680      0x344 CMakeFiles/STM32_Drivers.dir/Core/Src/system_stm32n6xx_s.c.obj
 .debug_macro   0x000049c4      0x146 CMakeFiles/STM32_Drivers.dir/Core/Src/system_stm32n6xx_s.c.obj
 .debug_macro   0x00004b0a       0x22 CMakeFiles/STM32_Drivers.dir/Core/Src/system_stm32n6xx_s.c.obj
 .debug_macro   0x00004b2c    0x3e927 CMakeFiles/STM32_Drivers.dir/Core/Src/system_stm32n6xx_s.c.obj
 .debug_macro   0x00043453       0x6c CMakeFiles/STM32_Drivers.dir/Core/Src/system_stm32n6xx_s.c.obj
 .debug_macro   0x000434bf      0x1d9 CMakeFiles/STM32_Drivers.dir/Core/Src/system_stm32n6xx_s.c.obj
 .debug_macro   0x00043698      0x190 CMakeFiles/STM32_Drivers.dir/Core/Src/system_stm32n6xx_s.c.obj
 .debug_macro   0x00043828       0x63 CMakeFiles/STM32_Drivers.dir/Core/Src/system_stm32n6xx_s.c.obj
 .debug_macro   0x0004388b     0x3486 CMakeFiles/STM32_Drivers.dir/Core/Src/system_stm32n6xx_s.c.obj
 .debug_macro   0x00046d11       0x74 CMakeFiles/STM32_Drivers.dir/Core/Src/system_stm32n6xx_s.c.obj
 .debug_macro   0x00046d85       0x29 CMakeFiles/STM32_Drivers.dir/Core/Src/system_stm32n6xx_s.c.obj
 .debug_macro   0x00046dae       0x3c CMakeFiles/STM32_Drivers.dir/Core/Src/system_stm32n6xx_s.c.obj
 .debug_macro   0x00046dea       0x34 CMakeFiles/STM32_Drivers.dir/Core/Src/system_stm32n6xx_s.c.obj
 .debug_macro   0x00046e1e      0x364 CMakeFiles/STM32_Drivers.dir/Core/Src/system_stm32n6xx_s.c.obj
 .debug_macro   0x00047182       0x16 CMakeFiles/STM32_Drivers.dir/Core/Src/system_stm32n6xx_s.c.obj
 .debug_macro   0x00047198       0x4a CMakeFiles/STM32_Drivers.dir/Core/Src/system_stm32n6xx_s.c.obj
 .debug_macro   0x000471e2       0x34 CMakeFiles/STM32_Drivers.dir/Core/Src/system_stm32n6xx_s.c.obj
 .debug_macro   0x00047216       0x10 CMakeFiles/STM32_Drivers.dir/Core/Src/system_stm32n6xx_s.c.obj
 .debug_macro   0x00047226       0x58 CMakeFiles/STM32_Drivers.dir/Core/Src/system_stm32n6xx_s.c.obj
 .debug_macro   0x0004727e      0x1de CMakeFiles/STM32_Drivers.dir/Core/Src/system_stm32n6xx_s.c.obj
 .debug_macro   0x0004745c      0x19b CMakeFiles/STM32_Drivers.dir/Core/Src/system_stm32n6xx_s.c.obj
 .debug_macro   0x000475f7       0x72 CMakeFiles/STM32_Drivers.dir/Core/Src/system_stm32n6xx_s.c.obj
 .debug_macro   0x00047669      0x47a CMakeFiles/STM32_Drivers.dir/Core/Src/system_stm32n6xx_s.c.obj
 .debug_macro   0x00047ae3     0x10fe CMakeFiles/STM32_Drivers.dir/Core/Src/system_stm32n6xx_s.c.obj
 .debug_macro   0x00048be1     0x27e2 CMakeFiles/STM32_Drivers.dir/Core/Src/system_stm32n6xx_s.c.obj
 .debug_macro   0x0004b3c3      0xfd4 CMakeFiles/STM32_Drivers.dir/Core/Src/system_stm32n6xx_s.c.obj
 .debug_macro   0x0004c397      0x1af CMakeFiles/STM32_Drivers.dir/Core/Src/system_stm32n6xx_s.c.obj
 .debug_macro   0x0004c546      0x2c9 CMakeFiles/STM32_Drivers.dir/Core/Src/system_stm32n6xx_s.c.obj
 .debug_macro   0x0004c80f      0x2c4 CMakeFiles/STM32_Drivers.dir/Core/Src/system_stm32n6xx_s.c.obj
 .debug_macro   0x0004cad3      0x781 CMakeFiles/STM32_Drivers.dir/Core/Src/system_stm32n6xx_s.c.obj
 .debug_macro   0x0004d254      0xa36 CMakeFiles/STM32_Drivers.dir/Core/Src/system_stm32n6xx_s.c.obj
 .debug_macro   0x0004dc8a      0x7b2 CMakeFiles/STM32_Drivers.dir/Core/Src/system_stm32n6xx_s.c.obj
 .debug_macro   0x0004e43c       0xeb CMakeFiles/STM32_Drivers.dir/Core/Src/system_stm32n6xx_s.c.obj
 .debug_macro   0x0004e527      0x216 CMakeFiles/STM32_Drivers.dir/Core/Src/system_stm32n6xx_s.c.obj
 .debug_macro   0x0004e73d      0x36b CMakeFiles/STM32_Drivers.dir/Core/Src/system_stm32n6xx_s.c.obj
 .debug_macro   0x0004eaa8      0x303 CMakeFiles/STM32_Drivers.dir/Core/Src/system_stm32n6xx_s.c.obj
 .debug_macro   0x0004edab      0x46a CMakeFiles/STM32_Drivers.dir/Core/Src/system_stm32n6xx_s.c.obj
 .debug_macro   0x0004f215      0x693 CMakeFiles/STM32_Drivers.dir/Core/Src/system_stm32n6xx_s.c.obj
 .debug_macro   0x0004f8a8       0xa6 CMakeFiles/STM32_Drivers.dir/Core/Src/system_stm32n6xx_s.c.obj
 .debug_macro   0x0004f94e      0x5fb CMakeFiles/STM32_Drivers.dir/Core/Src/system_stm32n6xx_s.c.obj
 .debug_macro   0x0004ff49      0x1a9 CMakeFiles/STM32_Drivers.dir/Core/Src/system_stm32n6xx_s.c.obj
 .debug_macro   0x000500f2      0x298 CMakeFiles/STM32_Drivers.dir/home/bsgursta/Programming_Projects/LocalInference/mcu/local_inference/Drivers/STM32N6xx_HAL_Driver/Src/stm32n6xx_hal_cortex.c.obj
 .debug_macro   0x0005038a      0x29e CMakeFiles/STM32_Drivers.dir/home/bsgursta/Programming_Projects/LocalInference/mcu/local_inference/Drivers/STM32N6xx_HAL_Driver/Src/stm32n6xx_hal_gpio.c.obj
 .debug_macro   0x00050628      0x2e5 CMakeFiles/STM32_Drivers.dir/home/bsgursta/Programming_Projects/LocalInference/mcu/local_inference/Drivers/STM32N6xx_HAL_Driver/Src/stm32n6xx_hal_pwr_ex.c.obj
 .debug_macro   0x0005090d      0x29d CMakeFiles/STM32_Drivers.dir/home/bsgursta/Programming_Projects/LocalInference/mcu/local_inference/Drivers/STM32N6xx_HAL_Driver/Src/stm32n6xx_hal.c.obj
 .debug_macro   0x00050baa      0x29f CMakeFiles/STM32_Drivers.dir/home/bsgursta/Programming_Projects/LocalInference/mcu/local_inference/Drivers/STM32N6xx_HAL_Driver/Src/stm32n6xx_hal_rif.c.obj
 .debug_macro   0x00050e49      0x2a0 CMakeFiles/local_inference_Appli.dir/Core/Src/main.c.obj
 .debug_macro   0x000510e9       0x16 CMakeFiles/local_inference_Appli.dir/Core/Src/main.c.obj
 .debug_macro   0x000510ff      0x2aa CMakeFiles/local_inference_Appli.dir/Core/Src/stm32n6xx_it.c.obj
 .debug_macro   0x000513a9      0x2a0 CMakeFiles/local_inference_Appli.dir/Core/Src/stm32n6xx_hal_msp.c.obj
 .debug_macro   0x00051649      0x2aa CMakeFiles/local_inference_Appli.dir/Core/Src/secure_nsc.c.obj

.debug_line     0x00000000     0x886e
 .debug_line    0x00000000      0xaf4 CMakeFiles/STM32_Drivers.dir/Core/Src/system_stm32n6xx_s.c.obj
 .debug_line    0x00000af4      0xfa2 CMakeFiles/STM32_Drivers.dir/home/bsgursta/Programming_Projects/LocalInference/mcu/local_inference/Drivers/STM32N6xx_HAL_Driver/Src/stm32n6xx_hal_cortex.c.obj
 .debug_line    0x00001a96     0x1024 CMakeFiles/STM32_Drivers.dir/home/bsgursta/Programming_Projects/LocalInference/mcu/local_inference/Drivers/STM32N6xx_HAL_Driver/Src/stm32n6xx_hal_gpio.c.obj
 .debug_line    0x00002aba     0x1316 CMakeFiles/STM32_Drivers.dir/home/bsgursta/Programming_Projects/LocalInference/mcu/local_inference/Drivers/STM32N6xx_HAL_Driver/Src/stm32n6xx_hal_pwr_ex.c.obj
 .debug_line    0x00003dd0     0x15ff CMakeFiles/STM32_Drivers.dir/home/bsgursta/Programming_Projects/LocalInference/mcu/local_inference/Drivers/STM32N6xx_HAL_Driver/Src/stm32n6xx_hal.c.obj
 .debug_line    0x000053cf      0xf43 CMakeFiles/STM32_Drivers.dir/home/bsgursta/Programming_Projects/LocalInference/mcu/local_inference/Drivers/STM32N6xx_HAL_Driver/Src/stm32n6xx_hal_rif.c.obj
 .debug_line    0x00006312      0x8e2 CMakeFiles/local_inference_Appli.dir/Core/Src/main.c.obj
 .debug_line    0x00006bf4      0x932 CMakeFiles/local_inference_Appli.dir/Core/Src/stm32n6xx_it.c.obj
 .debug_line    0x00007526      0x86f CMakeFiles/local_inference_Appli.dir/Core/Src/stm32n6xx_hal_msp.c.obj
 .debug_line    0x00007d95      0x8e8 CMakeFiles/local_inference_Appli.dir/Core/Src/secure_nsc.c.obj
 .debug_line    0x0000867d       0x7e CMakeFiles/local_inference_Appli.dir/Core/Startup/startup_stm32n657xx.s.obj
 .debug_line    0x000086fb      0x173 /home/bsgursta/.local/share/stm32cube/bundles/gnu-tools-for-stm32/14.3.1+st.2/bin/../lib/gcc/arm-none-eabi/14.3.1/../../../../arm-none-eabi/lib/thumb/v8-m.main+dp/hard/libg_nano.a(libc_a-init.o)

.debug_str      0x00000000   0x20c29b
 .debug_str     0x00000000   0x20c29b CMakeFiles/STM32_Drivers.dir/Core/Src/system_stm32n6xx_s.c.obj
                             0x208b37 (size before relaxing)
 .debug_str     0x0020c29b   0x2088c0 CMakeFiles/STM32_Drivers.dir/home/bsgursta/Programming_Projects/LocalInference/mcu/local_inference/Drivers/STM32N6xx_HAL_Driver/Src/stm32n6xx_hal_cortex.c.obj
 .debug_str     0x0020c29b   0x207b1b CMakeFiles/STM32_Drivers.dir/home/bsgursta/Programming_Projects/LocalInference/mcu/local_inference/Drivers/STM32N6xx_HAL_Driver/Src/stm32n6xx_hal_gpio.c.obj
 .debug_str     0x0020c29b   0x208355 CMakeFiles/STM32_Drivers.dir/home/bsgursta/Programming_Projects/LocalInference/mcu/local_inference/Drivers/STM32N6xx_HAL_Driver/Src/stm32n6xx_hal_pwr_ex.c.obj
 .debug_str     0x0020c29b   0x209dec CMakeFiles/STM32_Drivers.dir/home/bsgursta/Programming_Projects/LocalInference/mcu/local_inference/Drivers/STM32N6xx_HAL_Driver/Src/stm32n6xx_hal.c.obj
 .debug_str     0x0020c29b   0x207d54 CMakeFiles/STM32_Drivers.dir/home/bsgursta/Programming_Projects/LocalInference/mcu/local_inference/Drivers/STM32N6xx_HAL_Driver/Src/stm32n6xx_hal_rif.c.obj
 .debug_str     0x0020c29b   0x2082e4 CMakeFiles/local_inference_Appli.dir/Core/Src/main.c.obj
 .debug_str     0x0020c29b   0x20776e CMakeFiles/local_inference_Appli.dir/Core/Src/stm32n6xx_it.c.obj
 .debug_str     0x0020c29b   0x207702 CMakeFiles/local_inference_Appli.dir/Core/Src/stm32n6xx_hal_msp.c.obj
 .debug_str     0x0020c29b   0x207746 CMakeFiles/local_inference_Appli.dir/Core/Src/secure_nsc.c.obj
 .debug_str     0x0020c29b       0xdf CMakeFiles/local_inference_Appli.dir/Core/Startup/startup_stm32n657xx.s.obj
 .debug_str     0x0020c29b      0x27d /home/bsgursta/.local/share/stm32cube/bundles/gnu-tools-for-stm32/14.3.1+st.2/bin/../lib/gcc/arm-none-eabi/14.3.1/../../../../arm-none-eabi/lib/thumb/v8-m.main+dp/hard/libg_nano.a(libc_a-init.o)

.comment        0x00000000       0x43
 .comment       0x00000000       0x43 CMakeFiles/STM32_Drivers.dir/Core/Src/system_stm32n6xx_s.c.obj
                                 0x44 (size before relaxing)
 .comment       0x00000043       0x44 CMakeFiles/STM32_Drivers.dir/home/bsgursta/Programming_Projects/LocalInference/mcu/local_inference/Drivers/STM32N6xx_HAL_Driver/Src/stm32n6xx_hal_cortex.c.obj
 .comment       0x00000043       0x44 CMakeFiles/STM32_Drivers.dir/home/bsgursta/Programming_Projects/LocalInference/mcu/local_inference/Drivers/STM32N6xx_HAL_Driver/Src/stm32n6xx_hal_gpio.c.obj
 .comment       0x00000043       0x44 CMakeFiles/STM32_Drivers.dir/home/bsgursta/Programming_Projects/LocalInference/mcu/local_inference/Drivers/STM32N6xx_HAL_Driver/Src/stm32n6xx_hal_pwr_ex.c.obj
 .comment       0x00000043       0x44 CMakeFiles/STM32_Drivers.dir/home/bsgursta/Programming_Projects/LocalInference/mcu/local_inference/Drivers/STM32N6xx_HAL_Driver/Src/stm32n6xx_hal.c.obj
 .comment       0x00000043       0x44 CMakeFiles/STM32_Drivers.dir/home/bsgursta/Programming_Projects/LocalInference/mcu/local_inference/Drivers/STM32N6xx_HAL_Driver/Src/stm32n6xx_hal_rif.c.obj
 .comment       0x00000043       0x44 CMakeFiles/local_inference_Appli.dir/Core/Src/main.c.obj
 .comment       0x00000043       0x44 CMakeFiles/local_inference_Appli.dir/Core/Src/stm32n6xx_it.c.obj
 .comment       0x00000043       0x44 CMakeFiles/local_inference_Appli.dir/Core/Src/stm32n6xx_hal_msp.c.obj
 .comment       0x00000043       0x44 CMakeFiles/local_inference_Appli.dir/Core/Src/secure_nsc.c.obj
 .comment       0x00000043       0x44 /home/bsgursta/.local/share/stm32cube/bundles/gnu-tools-for-stm32/14.3.1+st.2/bin/../lib/gcc/arm-none-eabi/14.3.1/../../../../arm-none-eabi/lib/thumb/v8-m.main+dp/hard/libg_nano.a(libc_a-init.o)

.debug_frame    0x00000000     0x263c
 .debug_frame   0x00000000       0x98 CMakeFiles/STM32_Drivers.dir/Core/Src/system_stm32n6xx_s.c.obj
 .debug_frame   0x00000098      0x5f4 CMakeFiles/STM32_Drivers.dir/home/bsgursta/Programming_Projects/LocalInference/mcu/local_inference/Drivers/STM32N6xx_HAL_Driver/Src/stm32n6xx_hal_cortex.c.obj
 .debug_frame   0x0000068c      0x298 CMakeFiles/STM32_Drivers.dir/home/bsgursta/Programming_Projects/LocalInference/mcu/local_inference/Drivers/STM32N6xx_HAL_Driver/Src/stm32n6xx_hal_gpio.c.obj
 .debug_frame   0x00000924      0x874 CMakeFiles/STM32_Drivers.dir/home/bsgursta/Programming_Projects/LocalInference/mcu/local_inference/Drivers/STM32N6xx_HAL_Driver/Src/stm32n6xx_hal_pwr_ex.c.obj
 .debug_frame   0x00001198      0xeac CMakeFiles/STM32_Drivers.dir/home/bsgursta/Programming_Projects/LocalInference/mcu/local_inference/Drivers/STM32N6xx_HAL_Driver/Src/stm32n6xx_hal.c.obj
 .debug_frame   0x00002044      0x3cc CMakeFiles/STM32_Drivers.dir/home/bsgursta/Programming_Projects/LocalInference/mcu/local_inference/Drivers/STM32N6xx_HAL_Driver/Src/stm32n6xx_hal_rif.c.obj
 .debug_frame   0x00002410       0x8c CMakeFiles/local_inference_Appli.dir/Core/Src/main.c.obj
 .debug_frame   0x0000249c      0x110 CMakeFiles/local_inference_Appli.dir/Core/Src/stm32n6xx_it.c.obj
 .debug_frame   0x000025ac       0x2c CMakeFiles/local_inference_Appli.dir/Core/Src/stm32n6xx_hal_msp.c.obj
 .debug_frame   0x000025d8       0x38 CMakeFiles/local_inference_Appli.dir/Core/Src/secure_nsc.c.obj
 .debug_frame   0x00002610       0x2c /home/bsgursta/.local/share/stm32cube/bundles/gnu-tools-for-stm32/14.3.1+st.2/bin/../lib/gcc/arm-none-eabi/14.3.1/../../../../arm-none-eabi/lib/thumb/v8-m.main+dp/hard/libg_nano.a(libc_a-init.o)

.debug_line_str
                0x00000000       0xc3
 .debug_line_str
                0x00000000       0xc3 CMakeFiles/local_inference_Appli.dir/Core/Startup/startup_stm32n657xx.s.obj

.debug_loclists
                0x00000000       0x44
 .debug_loclists
                0x00000000       0x44 /home/bsgursta/.local/share/stm32cube/bundles/gnu-tools-for-stm32/14.3.1+st.2/bin/../lib/gcc/arm-none-eabi/14.3.1/../../../../arm-none-eabi/lib/thumb/v8-m.main+dp/hard/libg_nano.a(libc_a-init.o)
