Archive member included to satisfy reference by file (symbol)

/home/bsgursta/.local/share/stm32cube/bundles/gnu-tools-for-stm32/14.3.1+st.2/bin/../lib/gcc/arm-none-eabi/14.3.1/thumb/v8-m.main+dp/hard/libgcc.a(_aeabi_uldivmod.o)
                              CMakeFiles/STM32_Drivers.dir/home/bsgursta/Programming_Projects/LocalInference/mcu/local_inference/Drivers/STM32N6xx_HAL_Driver/Src/stm32n6xx_hal_uart.c.obj (__aeabi_uldivmod)
/home/bsgursta/.local/share/stm32cube/bundles/gnu-tools-for-stm32/14.3.1+st.2/bin/../lib/gcc/arm-none-eabi/14.3.1/thumb/v8-m.main+dp/hard/libgcc.a(_udivmoddi4.o)
                              /home/bsgursta/.local/share/stm32cube/bundles/gnu-tools-for-stm32/14.3.1+st.2/bin/../lib/gcc/arm-none-eabi/14.3.1/thumb/v8-m.main+dp/hard/libgcc.a(_aeabi_uldivmod.o) (__udivmoddi4)
/home/bsgursta/.local/share/stm32cube/bundles/gnu-tools-for-stm32/14.3.1+st.2/bin/../lib/gcc/arm-none-eabi/14.3.1/thumb/v8-m.main+dp/hard/libgcc.a(_dvmd_tls.o)
                              /home/bsgursta/.local/share/stm32cube/bundles/gnu-tools-for-stm32/14.3.1+st.2/bin/../lib/gcc/arm-none-eabi/14.3.1/thumb/v8-m.main+dp/hard/libgcc.a(_aeabi_uldivmod.o) (__aeabi_ldiv0)
/home/bsgursta/.local/share/stm32cube/bundles/gnu-tools-for-stm32/14.3.1+st.2/bin/../lib/gcc/arm-none-eabi/14.3.1/../../../../arm-none-eabi/lib/thumb/v8-m.main+dp/hard/libg_nano.a(libc_a-exit.o)
                              /home/bsgursta/.local/share/stm32cube/bundles/gnu-tools-for-stm32/14.3.1+st.2/bin/../lib/gcc/arm-none-eabi/14.3.1/../../../../arm-none-eabi/lib/thumb/v8-m.main+dp/hard/crt0.o (exit)
/home/bsgursta/.local/share/stm32cube/bundles/gnu-tools-for-stm32/14.3.1+st.2/bin/../lib/gcc/arm-none-eabi/14.3.1/../../../../arm-none-eabi/lib/thumb/v8-m.main+dp/hard/libg_nano.a(libc_a-findfp.o)
                              /home/bsgursta/.local/share/stm32cube/bundles/gnu-tools-for-stm32/14.3.1+st.2/bin/../lib/gcc/arm-none-eabi/14.3.1/../../../../arm-none-eabi/lib/thumb/v8-m.main+dp/hard/libg_nano.a(libc_a-exit.o) (__stdio_exit_handler)
/home/bsgursta/.local/share/stm32cube/bundles/gnu-tools-for-stm32/14.3.1+st.2/bin/../lib/gcc/arm-none-eabi/14.3.1/../../../../arm-none-eabi/lib/thumb/v8-m.main+dp/hard/libg_nano.a(libc_a-fwalk.o)
                              /home/bsgursta/.local/share/stm32cube/bundles/gnu-tools-for-stm32/14.3.1+st.2/bin/../lib/gcc/arm-none-eabi/14.3.1/../../../../arm-none-eabi/lib/thumb/v8-m.main+dp/hard/libg_nano.a(libc_a-findfp.o) (_fwalk_sglue)
/home/bsgursta/.local/share/stm32cube/bundles/gnu-tools-for-stm32/14.3.1+st.2/bin/../lib/gcc/arm-none-eabi/14.3.1/../../../../arm-none-eabi/lib/thumb/v8-m.main+dp/hard/libg_nano.a(libc_a-stdio.o)
                              /home/bsgursta/.local/share/stm32cube/bundles/gnu-tools-for-stm32/14.3.1+st.2/bin/../lib/gcc/arm-none-eabi/14.3.1/../../../../arm-none-eabi/lib/thumb/v8-m.main+dp/hard/libg_nano.a(libc_a-findfp.o) (__sread)
/home/bsgursta/.local/share/stm32cube/bundles/gnu-tools-for-stm32/14.3.1+st.2/bin/../lib/gcc/arm-none-eabi/14.3.1/../../../../arm-none-eabi/lib/thumb/v8-m.main+dp/hard/libg_nano.a(libc_a-memset.o)
                              /home/bsgursta/.local/share/stm32cube/bundles/gnu-tools-for-stm32/14.3.1+st.2/bin/../lib/gcc/arm-none-eabi/14.3.1/../../../../arm-none-eabi/lib/thumb/v8-m.main+dp/hard/crt0.o (memset)
/home/bsgursta/.local/share/stm32cube/bundles/gnu-tools-for-stm32/14.3.1+st.2/bin/../lib/gcc/arm-none-eabi/14.3.1/../../../../arm-none-eabi/lib/thumb/v8-m.main+dp/hard/libg_nano.a(libc_a-closer.o)
                              /home/bsgursta/.local/share/stm32cube/bundles/gnu-tools-for-stm32/14.3.1+st.2/bin/../lib/gcc/arm-none-eabi/14.3.1/../../../../arm-none-eabi/lib/thumb/v8-m.main+dp/hard/libg_nano.a(libc_a-stdio.o) (_close_r)
/home/bsgursta/.local/share/stm32cube/bundles/gnu-tools-for-stm32/14.3.1+st.2/bin/../lib/gcc/arm-none-eabi/14.3.1/../../../../arm-none-eabi/lib/thumb/v8-m.main+dp/hard/libg_nano.a(libc_a-reent.o)
                              /home/bsgursta/.local/share/stm32cube/bundles/gnu-tools-for-stm32/14.3.1+st.2/bin/../lib/gcc/arm-none-eabi/14.3.1/../../../../arm-none-eabi/lib/thumb/v8-m.main+dp/hard/libg_nano.a(libc_a-closer.o) (errno)
/home/bsgursta/.local/share/stm32cube/bundles/gnu-tools-for-stm32/14.3.1+st.2/bin/../lib/gcc/arm-none-eabi/14.3.1/../../../../arm-none-eabi/lib/thumb/v8-m.main+dp/hard/libg_nano.a(libc_a-impure.o)
                              /home/bsgursta/.local/share/stm32cube/bundles/gnu-tools-for-stm32/14.3.1+st.2/bin/../lib/gcc/arm-none-eabi/14.3.1/../../../../arm-none-eabi/lib/thumb/v8-m.main+dp/hard/libg_nano.a(libc_a-reent.o) (_impure_ptr)
/home/bsgursta/.local/share/stm32cube/bundles/gnu-tools-for-stm32/14.3.1+st.2/bin/../lib/gcc/arm-none-eabi/14.3.1/../../../../arm-none-eabi/lib/thumb/v8-m.main+dp/hard/libg_nano.a(libc_a-lseekr.o)
[...]
Memory Configuration

Name             Origin             Length             Attributes
ROM              0x34180400         0x0003fc00         xrw
RAM              0x341c0000         0x00040000         xrw
*default*        0x00000000         0xffffffff

Linker script and memory map

LOAD /home/bsgursta/.local/share/stm32cube/bundles/gnu-tools-for-stm32/14.3.1+st.2/bin/../lib/gcc/arm-none-eabi/14.3.1/thumb/v8-m.main+dp/hard/crti.o
LOAD /home/bsgursta/.local/share/stm32cube/bundles/gnu-tools-for-stm32/14.3.1+st.2/bin/../lib/gcc/arm-none-eabi/14.3.1/thumb/v8-m.main+dp/hard/crtbegin.o
LOAD /home/bsgursta/.local/share/stm32cube/bundles/gnu-tools-for-stm32/14.3.1+st.2/bin/../lib/gcc/arm-none-eabi/14.3.1/../../../../arm-none-eabi/lib/thumb/v8-m.main+dp/hard/crt0.o
LOAD CMakeFiles/STM32_Drivers.dir/Core/Src/system_stm32n6xx_fsbl.c.obj
LOAD CMakeFiles/STM32_Drivers.dir/home/bsgursta/Programming_Projects/LocalInference/mcu/local_inference/Drivers/STM32N6xx_HAL_Driver/Src/stm32n6xx_hal_cortex.c.obj
LOAD CMakeFiles/STM32_Drivers.dir/home/bsgursta/Programming_Projects/LocalInference/mcu/local_inference/Drivers/STM32N6xx_HAL_Driver/Src/stm32n6xx_hal_rcc.c.obj
LOAD CMakeFiles/STM32_Drivers.dir/home/bsgursta/Programming_Projects/LocalInference/mcu/local_inference/Drivers/STM32N6xx_HAL_Driver/Src/stm32n6xx_hal_rcc_ex.c.obj
LOAD CMakeFiles/STM32_Drivers.dir/home/bsgursta/Programming_Projects/LocalInference/mcu/local_inference/Drivers/STM32N6xx_HAL_Driver/Src/stm32n6xx_hal_gpio.c.obj
LOAD CMakeFiles/STM32_Drivers.dir/home/bsgursta/Programming_Projects/LocalInference/mcu/local_inference/Drivers/STM32N6xx_HAL_Driver/Src/stm32n6xx_hal_dma.c.obj
LOAD CMakeFiles/STM32_Drivers.dir/home/bsgursta/Programming_Projects/LocalInference/mcu/local_inference/Drivers/STM32N6xx_HAL_Driver/Src/stm32n6xx_hal_dma_ex.c.obj
LOAD CMakeFiles/STM32_Drivers.dir/home/bsgursta/Programming_Projects/LocalInference/mcu/local_inference/Drivers/STM32N6xx_HAL_Driver/Src/stm32n6xx_hal_pwr.c.obj
LOAD CMakeFiles/STM32_Drivers.dir/home/bsgursta/Programming_Projects/LocalInference/mcu/local_inference/Drivers/STM32N6xx_HAL_Driver/Src/stm32n6xx_hal_pwr_ex.c.obj
LOAD CMakeFiles/STM32_Drivers.dir/home/bsgursta/Programming_Projects/LocalInference/mcu/local_inference/Drivers/STM32N6xx_HAL_Driver/Src/stm32n6xx_hal.c.obj
LOAD CMakeFiles/STM32_Drivers.dir/home/bsgursta/Programming_Projects/LocalInference/mcu/local_inference/Drivers/STM32N6xx_HAL_Driver/Src/stm32n6xx_hal_exti.c.obj
LOAD CMakeFiles/STM32_Drivers.dir/home/bsgursta/Programming_Projects/LocalInference/mcu/local_inference/Drivers/STM32N6xx_HAL_Driver/Src/stm32n6xx_hal_usart.c.obj
LOAD CMakeFiles/STM32_Drivers.dir/home/bsgursta/Programming_Projects/LocalInference/mcu/local_inference/Drivers/STM32N6xx_HAL_Driver/Src/stm32n6xx_hal_usart_ex.c.obj
LOAD CMakeFiles/STM32_Drivers.dir/home/bsgursta/Programming_Projects/LocalInference/mcu/local_inference/Drivers/STM32N6xx_HAL_Driver/Src/stm32n6xx_hal_uart_ex.c.obj
LOAD CMakeFiles/STM32_Drivers.dir/home/bsgursta/Programming_Projects/LocalInference/mcu/local_inference/Drivers/STM32N6xx_HAL_Driver/Src/stm32n6xx_hal_uart.c.obj
LOAD CMakeFiles/STM32_Drivers.dir/home/bsgursta/Programming_Projects/LocalInference/mcu/local_inference/Drivers/BSP/STM32N6xx_Nucleo/stm32n6xx_nucleo.c.obj
LOAD CMakeFiles/local_inference_FSBL.dir/Core/Src/main.c.obj
LOAD CMakeFiles/local_inference_FSBL.dir/Core/Src/stm32n6xx_it.c.obj
LOAD CMakeFiles/local_inference_FSBL.dir/Core/Src/stm32n6xx_hal_msp.c.obj
LOAD CMakeFiles/local_inference_FSBL.dir/Core/Src/sysmem.c.obj
LOAD CMakeFiles/local_inference_FSBL.dir/Core/Src/syscalls.c.obj
LOAD CMakeFiles/local_inference_FSBL.dir/Core/Startup/startup_stm32n657xx_fsbl.s.obj
LOAD /home/bsgursta/.local/share/stm32cube/bundles/gnu-tools-for-stm32/14.3.1+st.2/bin/../lib/gcc/arm-none-eabi/14.3.1/../../../../arm-none-eabi/lib/thumb/v8-m.main+dp/hard/libm.a
START GROUP
LOAD /home/bsgursta/.local/share/stm32cube/bundles/gnu-tools-for-stm32/14.3.1+st.2/bin/../lib/gcc/arm-none-eabi/14.3.1/thumb/v8-m.main+dp/hard/libgcc.a
LOAD /home/bsgursta/.local/share/stm32cube/bundles/gnu-tools-for-stm32/14.3.1+st.2/bin/../lib/gcc/arm-none-eabi/14.3.1/../../../../arm-none-eabi/lib/thumb/v8-m.main+dp/hard/libg_nano.a
LOAD /home/bsgursta/.local/share/stm32cube/bundles/gnu-tools-for-stm32/14.3.1+st.2/bin/../lib/gcc/arm-none-eabi/14.3.1/../../../../arm-none-eabi/lib/thumb/v8-m.main+dp/hard/libc_nano.a
END GROUP
START GROUP
LOAD /home/bsgursta/.local/share/stm32cube/bundles/gnu-tools-for-stm32/14.3.1+st.2/bin/../lib/gcc/arm-none-eabi/14.3.1/thumb/v8-m.main+dp/hard/libgcc.a
LOAD /home/bsgursta/.local/share/stm32cube/bundles/gnu-tools-for-stm32/14.3.1+st.2/bin/../lib/gcc/arm-none-eabi/14.3.1/../../../../arm-none-eabi/lib/thumb/v8-m.main+dp/hard/libc_nano.a
END GROUP
LOAD /home/bsgursta/.local/share/stm32cube/bundles/gnu-tools-for-stm32/14.3.1+st.2/bin/../lib/gcc/arm-none-eabi/14.3.1/thumb/v8-m.main+dp/hard/crtend.o
LOAD /home/bsgursta/.local/share/stm32cube/bundles/gnu-tools-for-stm32/14.3.1+st.2/bin/../lib/gcc/arm-none-eabi/14.3.1/thumb/v8-m.main+dp/hard/crtn.o
                0x34200000                        _estack = (ORIGIN (RAM) + LENGTH (RAM))
                0x341ff800                        _sstack = (_estack - _Min_Stack_Size)
                0x00000200                        _Min_Heap_Size = 0x200
                0x00000800                        _Min_Stack_Size = 0x800

.isr_vector     0x34180400      0x34c
                0x34180400                        . = ALIGN (0x4)
 *(.isr_vector)
 .isr_vector    0x34180400      0x34c CMakeFiles/local_inference_FSBL.dir/Core/Startup/startup_stm32n657xx_fsbl.s.obj
                0x34180400                g_pfnVectors
                0x3418074c                        . = ALIGN (0x4)

.text           0x3418074c     0x9028
                0x3418074c                        . = ALIGN (0x4)
 *(.text)
 .text          0x3418074c       0x40 /home/bsgursta/.local/share/stm32cube/bundles/gnu-tools-for-stm32/14.3.1+st.2/bin/../lib/gcc/arm-none-eabi/14.3.1/thumb/v8-m.main+dp/hard/crtbegin.o
 .text          0x3418078c       0x30 /home/bsgursta/.local/share/stm32cube/bundles/gnu-tools-for-stm32/14.3.1+st.2/bin/../lib/gcc/arm-none-eabi/14.3.1/thumb/v8-m.main+dp/hard/libgcc.a(_aeabi_uldivmod.o)
                0x3418078c                __aeabi_uldivmod
 .text          0x341807bc      0x34c /home/bsgursta/.local/share/stm32cube/bundles/gnu-tools-for-stm32/14.3.1+st.2/bin/../lib/gcc/arm-none-eabi/14.3.1/thumb/v8-m.main+dp/hard/libgcc.a(_udivmoddi4.o)
                0x341807bc                __udivmoddi4
 .text          0x34180b08        0x4 /home/bsgursta/.local/share/stm32cube/bundles/gnu-tools-for-stm32/14.3.1+st.2/bin/../lib/gcc/arm-none-eabi/14.3.1/thumb/v8-m.main+dp/hard/libgcc.a(_dvmd_tls.o)
                0x34180b08                __aeabi_ldiv0
                0x34180b08                __aeabi_idiv0
 *(.text*)
 .text.SystemInit
                0x34180b0c      0x218 CMakeFiles/STM32_Drivers.dir/Core/Src/system_stm32n6xx_fsbl.c.obj
                0x34180b0c                SystemInit
 .text.SystemCoreClockUpdate
                0x34180d24      0x350 CMakeFiles/STM32_Drivers.dir/Core/Src/system_stm32n6xx_fsbl.c.obj
                0x34180d24                SystemCoreClockUpdate
 .text.SECURE_SystemCoreClockUpdate
                0x34181074       0x2c CMakeFiles/STM32_Drivers.dir/Core/Src/system_stm32n6xx_fsbl.c.obj
                0x34181074                __acle_se_SECURE_SystemCoreClockUpdate
 .text.__NVIC_SetPriorityGrouping
                0x341810a0       0x48 CMakeFiles/STM32_Drivers.dir/home/bsgursta/Programming_Projects/LocalInference/mcu/local_inference/Drivers/STM32N6xx_HAL_Driver/Src/stm32n6xx_hal_cortex.c.obj
 .text.__NVIC_GetPriorityGrouping
                0x341810e8       0x1c CMakeFiles/STM32_Drivers.dir/home/bsgursta/Programming_Projects/LocalInference/mcu/local_inference/Drivers/STM32N6xx_HAL_Driver/Src/stm32n6xx_hal_cortex.c.obj
 .text.__NVIC_EnableIRQ
                0x34181104       0x3c CMakeFiles/STM32_Drivers.dir/home/bsgursta/Programming_Projects/LocalInference/mcu/local_inference/Drivers/STM32N6xx_HAL_Driver/Src/stm32n6xx_hal_cortex.c.obj
 .text.__NVIC_SetPriority
                0x34181140       0x54 CMakeFiles/STM32_Drivers.dir/home/bsgursta/Programming_Projects/LocalInference/mcu/local_inference/Drivers/STM32N6xx_HAL_Driver/Src/stm32n6xx_hal_cortex.c.obj
 .text.NVIC_EncodePriority
                0x34181194       0x66 CMakeFiles/STM32_Drivers.dir/home/bsgursta/Programming_Projects/LocalInference/mcu/local_inference/Drivers/STM32N6xx_HAL_Driver/Src/stm32n6xx_hal_cortex.c.obj
 *fill*         0x341811fa        0x2 
 .text.SysTick_Config
                0x341811fc       0x44 CMakeFiles/STM32_Drivers.dir/home/bsgursta/Programming_Projects/LocalInference/mcu/local_inference/Drivers/STM32N6xx_HAL_Driver/Src/stm32n6xx_hal_cortex.c.obj
 .text.HAL_NVIC_SetPriorityGrouping
                0x34181240       0x16 CMakeFiles/STM32_Drivers.dir/home/bsgursta/Programming_Projects/LocalInference/mcu/local_inference/Drivers/STM32N6xx_HAL_Driver/Src/stm32n6xx_hal_cortex.c.obj
                0x34181240                HAL_NVIC_SetPriorityGrouping
 .text.HAL_NVIC_SetPriority
                0x34181256       0x3a CMakeFiles/STM32_Drivers.dir/home/bsgursta/Programming_Projects/LocalInference/mcu/local_inference/Drivers/STM32N6xx_HAL_Driver/Src/stm32n6xx_hal_cortex.c.obj
                0x34181256                HAL_NVIC_SetPriority
 .text.HAL_NVIC_EnableIRQ
                0x34181290       0x1c CMakeFiles/STM32_Drivers.dir/home/bsgursta/Programming_Projects/LocalInference/mcu/local_inference/Drivers/STM32N6xx_HAL_Driver/Src/stm32n6xx_hal_cortex.c.obj
                0x34181290                HAL_NVIC_EnableIRQ
 .text.HAL_SYSTICK_Config
                0x341812ac       0x18 CMakeFiles/STM32_Drivers.dir/home/bsgursta/Programming_Projects/LocalInference/mcu/local_inference/Drivers/STM32N6xx_HAL_Driver/Src/stm32n6xx_hal_cortex.c.obj
                0x341812ac                HAL_SYSTICK_Config
 .text.LL_RCC_HSE_IsReady
                0x341812c4       0x24 CMakeFiles/STM32_Drivers.dir/home/bsgursta/Programming_Projects/LocalInference/mcu/local_inference/Drivers/STM32N6xx_HAL_Driver/Src/stm32n6xx_hal_rcc.c.obj
 .text.LL_RCC_HSI_Enable
                0x341812e8       0x1c CMakeFiles/STM32_Drivers.dir/home/bsgursta/Programming_Projects/LocalInference/mcu/local_inference/Drivers/STM32N6xx_HAL_Driver/Src/stm32n6xx_hal_rcc.c.obj
 .text.LL_RCC_HSI_Disable
                0x34181304       0x20 CMakeFiles/STM32_Drivers.dir/home/bsgursta/Programming_Projects/LocalInference/mcu/local_inference/Drivers/STM32N6xx_HAL_Driver/Src/stm32n6xx_hal_rcc.c.obj
 .text.LL_RCC_HSI_IsReady
                0x34181324       0x24 CMakeFiles/STM32_Drivers.dir/home/bsgursta/Programming_Projects/LocalInference/mcu/local_inference/Drivers/STM32N6xx_HAL_Driver/Src/stm32n6xx_hal_rcc.c.obj
 .text.LL_RCC_HSI_SetDivider
                0x34181348       0x28 CMakeFiles/STM32_Drivers.dir/home/bsgursta/Programming_Projects/LocalInference/mcu/local_inference/Drivers/STM32N6xx_HAL_Driver/Src/stm32n6xx_hal_rcc.c.obj
 .text.LL_RCC_HSI_GetDivider
                0x34181370       0x1c CMakeFiles/STM32_Drivers.dir/home/bsgursta/Programming_Projects/LocalInference/mcu/local_inference/Drivers/STM32N6xx_HAL_Driver/Src/stm32n6xx_hal_rcc.c.obj
 .text.LL_RCC_HSI_SetCalibTrimming
                0x3418138c       0x2c CMakeFiles/STM32_Drivers.dir/home/bsgursta/Programming_Projects/LocalInference/mcu/local_inference/Drivers/STM32N6xx_HAL_Driver/Src/stm32n6xx_hal_rcc.c.obj
 .text.LL_RCC_MSI_Enable
                0x341813b8       0x1c CMakeFiles/STM32_Drivers.dir/home/bsgursta/Programming_Projects/LocalInference/mcu/local_inference/Drivers/STM32N6xx_HAL_Driver/Src/stm32n6xx_hal_rcc.c.obj
 .text.LL_RCC_MSI_Disable
                0x341813d4       0x20 CMakeFiles/STM32_Drivers.dir/home/bsgursta/Programming_Projects/LocalInference/mcu/local_inference/Drivers/STM32N6xx_HAL_Driver/Src/stm32n6xx_hal_rcc.c.obj
 .text.LL_RCC_MSI_IsReady
                0x341813f4       0x24 CMakeFiles/STM32_Drivers.dir/home/bsgursta/Programming_Projects/LocalInference/mcu/local_inference/Drivers/STM32N6xx_HAL_Driver/Src/stm32n6xx_hal_rcc.c.obj
 .text.LL_RCC_MSI_SetFrequency
                0x34181418       0x28 CMakeFiles/STM32_Drivers.dir/home/bsgursta/Programming_Projects/LocalInference/mcu/local_inference/Drivers/STM32N6xx_HAL_Driver/Src/stm32n6xx_hal_rcc.c.obj
 .text.LL_RCC_MSI_SetCalibTrimming
                0x34181440       0x2c CMakeFiles/STM32_Drivers.dir/home/bsgursta/Programming_Projects/LocalInference/mcu/local_inference/Drivers/STM32N6xx_HAL_Driver/Src/stm32n6xx_hal_rcc.c.obj
 .text.LL_RCC_LSE_IsReady
                0x3418146c       0x24 CMakeFiles/STM32_Drivers.dir/home/bsgursta/Programming_Projects/LocalInference/mcu/local_inference/Drivers/STM32N6xx_HAL_Driver/Src/stm32n6xx_hal_rcc.c.obj
 .text.LL_RCC_LSI_Enable
                0x34181490       0x1c CMakeFiles/STM32_Drivers.dir/home/bsgursta/Programming_Projects/LocalInference/mcu/local_inference/Drivers/STM32N6xx_HAL_Driver/Src/stm32n6xx_hal_rcc.c.obj
 .text.LL_RCC_LSI_Disable
                0x341814ac       0x20 CMakeFiles/STM32_Drivers.dir/home/bsgursta/Programming_Projects/LocalInference/mcu/local_inference/Drivers/STM32N6xx_HAL_Driver/Src/stm32n6xx_hal_rcc.c.obj
 .text.LL_RCC_LSI_IsReady
                0x341814cc       0x1c CMakeFiles/STM32_Drivers.dir/home/bsgursta/Programming_Projects/LocalInference/mcu/local_inference/Drivers/STM32N6xx_HAL_Driver/Src/stm32n6xx_hal_rcc.c.obj
 .text.LL_RCC_GetCpuClkSource
                0x341814e8       0x1c CMakeFiles/STM32_Drivers.dir/home/bsgursta/Programming_Projects/LocalInference/mcu/local_inference/Drivers/STM32N6xx_HAL_Driver/Src/stm32n6xx_hal_rcc.c.obj
 .text.LL_RCC_GetSysClkSource
                0x34181504       0x1c CMakeFiles/STM32_Drivers.dir/home/bsgursta/Programming_Projects/LocalInference/mcu/local_inference/Drivers/STM32N6xx_HAL_Driver/Src/stm32n6xx_hal_rcc.c.obj
 .text.LL_RCC_PLL1_GetSource
                0x34181520       0x1c CMakeFiles/STM32_Drivers.dir/home/bsgursta/Programming_Projects/LocalInference/mcu/local_inference/Drivers/STM32N6xx_HAL_Driver/Src/stm32n6xx_hal_rcc.c.obj
 .text.LL_RCC_PLL1_IsReady
                0x3418153c       0x28 CMakeFiles/STM32_Drivers.dir/home/bsgursta/Programming_Projects/LocalInference/mcu/local_inference/Drivers/STM32N6xx_HAL_Driver/Src/stm32n6xx_hal_rcc.c.obj
 .text.LL_RCC_PLL1_IsEnabledBypass
                0x34181564       0x28 CMakeFiles/STM32_Drivers.dir/home/bsgursta/Programming_Projects/LocalInference/mcu/local_inference/Drivers/STM32N6xx_HAL_Driver/Src/stm32n6xx_hal_rcc.c.obj
 .text.LL_RCC_PLL2_GetSource
                0x3418158c       0x1c CMakeFiles/STM32_Drivers.dir/home/bsgursta/Programming_Projects/LocalInference/mcu/local_inference/Drivers/STM32N6xx_HAL_Driver/Src/stm32n6xx_hal_rcc.c.obj
 .text.LL_RCC_PLL2_IsReady
                0x341815a8       0x28 CMakeFiles/STM32_Drivers.dir/home/bsgursta/Programming_Projects/LocalInference/mcu/local_inference/Drivers/STM32N6xx_HAL_Driver/Src/stm32n6xx_hal_rcc.c.obj
 .text.LL_RCC_PLL2_IsEnabledBypass
                0x341815d0       0x28 CMakeFiles/STM32_Drivers.dir/home/bsgursta/Programming_Projects/LocalInference/mcu/local_inference/Drivers/STM32N6xx_HAL_Driver/Src/stm32n6xx_hal_rcc.c.obj
 .text.LL_RCC_PLL3_GetSource
                0x341815f8       0x1c CMakeFiles/STM32_Drivers.dir/home/bsgursta/Programming_Projects/LocalInference/mcu/local_inference/Drivers/STM32N6xx_HAL_Driver/Src/stm32n6xx_hal_rcc.c.obj
 .text.LL_RCC_PLL3_IsReady
                0x34181614       0x28 CMakeFiles/STM32_Drivers.dir/home/bsgursta/Programming_Projects/LocalInference/mcu/local_inference/Drivers/STM32N6xx_HAL_Driver/Src/stm32n6xx_hal_rcc.c.obj
 .text.LL_RCC_PLL3_IsEnabledBypass
                0x3418163c       0x28 CMakeFiles/STM32_Drivers.dir/home/bsgursta/Programming_Projects/LocalInference/mcu/local_inference/Drivers/STM32N6xx_HAL_Driver/Src/stm32n6xx_hal_rcc.c.obj
 .text.LL_RCC_PLL4_GetSource
                0x34181664       0x1c CMakeFiles/STM32_Drivers.dir/home/bsgursta/Programming_Projects/LocalInference/mcu/local_inference/Drivers/STM32N6xx_HAL_Driver/Src/stm32n6xx_hal_rcc.c.obj
 .text.LL_RCC_PLL4_IsReady
                0x34181680       0x28 CMakeFiles/STM32_Drivers.dir/home/bsgursta/Programming_Projects/LocalInference/mcu/local_inference/Drivers/STM32N6xx_HAL_Driver/Src/stm32n6xx_hal_rcc.c.obj
 .text.LL_RCC_PLL4_IsEnabledBypass
                0x341816a8       0x28 CMakeFiles/STM32_Drivers.dir/home/bsgursta/Programming_Projects/LocalInference/mcu/local_inference/Drivers/STM32N6xx_HAL_Driver/Src/stm32n6xx_hal_rcc.c.obj
 .text.LL_RCC_IC1_Enable
                0x341816d0       0x1c CMakeFiles/STM32_Drivers.dir/home/bsgursta/Programming_Projects/LocalInference/mcu/local_inference/Drivers/STM32N6xx_HAL_Driver/Src/stm32n6xx_hal_rcc.c.obj
 .text.LL_RCC_IC1_GetSource
                0x341816ec       0x1c CMakeFiles/STM32_Drivers.dir/home/bsgursta/Programming_Projects/LocalInference/mcu/local_inference/Drivers/STM32N6xx_HAL_Driver/Src/stm32n6xx_hal_rcc.c.obj
 .text.LL_RCC_IC1_GetDivider
                0x34181708       0x20 CMakeFiles/STM32_Drivers.dir/home/bsgursta/Programming_Projects/LocalInference/mcu/local_inference/Drivers/STM32N6xx_HAL_Driver/Src/stm32n6xx_hal_rcc.c.obj
 .text.LL_RCC_IC2_GetSource
                0x34181728       0x1c CMakeFiles/STM32_Drivers.dir/home/bsgursta/Programming_Projects/LocalInference/mcu/local_inference/Drivers/STM32N6xx_HAL_Driver/Src/stm32n6xx_hal_rcc.c.obj
 .text.LL_RCC_IC2_GetDivider
                0x34181744       0x20 CMakeFiles/STM32_Drivers.dir/home/bsgursta/Programming_Projects/LocalInference/mcu/local_inference/Drivers/STM32N6xx_HAL_Driver/Src/stm32n6xx_hal_rcc.c.obj
 .text.LL_RCC_IC6_GetSource
                0x34181764       0x1c CMakeFiles/STM32_Drivers.dir/home/bsgursta/Programming_Projects/LocalInference/mcu/local_inference/Drivers/STM32N6xx_HAL_Driver/Src/stm32n6xx_hal_rcc.c.obj
 .text.LL_RCC_IC11_GetSource
                0x34181780       0x1c CMakeFiles/STM32_Drivers.dir/home/bsgursta/Programming_Projects/LocalInference/mcu/local_inference/Drivers/STM32N6xx_HAL_Driver/Src/stm32n6xx_hal_rcc.c.obj
 .text.HAL_RCC_OscConfig
                0x3418179c      0x7c0 CMakeFiles/STM32_Drivers.dir/home/bsgursta/Programming_Projects/LocalInference/mcu/local_inference/Drivers/STM32N6xx_HAL_Driver/Src/stm32n6xx_hal_rcc.c.obj
                0x3418179c                HAL_RCC_OscConfig
 .text.HAL_RCC_ClockConfig
                0x34181f5c      0x408 CMakeFiles/STM32_Drivers.dir/home/bsgursta/Programming_Projects/LocalInference/mcu/local_inference/Drivers/STM32N6xx_HAL_Driver/Src/stm32n6xx_hal_rcc.c.obj
                0x34181f5c                HAL_RCC_ClockConfig
 .text.HAL_RCC_GetCpuClockFreq
                0x34182364      0x100 CMakeFiles/STM32_Drivers.dir/home/bsgursta/Programming_Projects/LocalInference/mcu/local_inference/Drivers/STM32N6xx_HAL_Driver/Src/stm32n6xx_hal_rcc.c.obj
                0x34182364                HAL_RCC_GetCpuClockFreq
 .text.HAL_RCC_GetSysClockFreq
                0x34182464       0x1e CMakeFiles/STM32_Drivers.dir/home/bsgursta/Programming_Projects/LocalInference/mcu/local_inference/Drivers/STM32N6xx_HAL_Driver/Src/stm32n6xx_hal_rcc.c.obj
                0x34182464                HAL_RCC_GetSysClockFreq
 *fill*         0x34182482        0x2 
 .text.HAL_RCC_GetClockConfig
                0x34182484       0xec CMakeFiles/STM32_Drivers.dir/home/bsgursta/Programming_Projects/LocalInference/mcu/local_inference/Drivers/STM32N6xx_HAL_Driver/Src/stm32n6xx_hal_rcc.c.obj
                0x34182484                HAL_RCC_GetClockConfig
 .text.RCC_GetSysClockFreq
                0x34182570      0x104 CMakeFiles/STM32_Drivers.dir/home/bsgursta/Programming_Projects/LocalInference/mcu/local_inference/Drivers/STM32N6xx_HAL_Driver/Src/stm32n6xx_hal_rcc.c.obj
 .text.RCC_PLL_Config
                0x34182674      0x260 CMakeFiles/STM32_Drivers.dir/home/bsgursta/Programming_Projects/LocalInference/mcu/local_inference/Drivers/STM32N6xx_HAL_Driver/Src/stm32n6xx_hal_rcc.c.obj
 .text.RCC_PLL_Enable
                0x341828d4       0x58 CMakeFiles/STM32_Drivers.dir/home/bsgursta/Programming_Projects/LocalInference/mcu/local_inference/Drivers/STM32N6xx_HAL_Driver/Src/stm32n6xx_hal_rcc.c.obj
 .text.RCC_PLL_IsNewConfig
                0x3418292c       0xf4 CMakeFiles/STM32_Drivers.dir/home/bsgursta/Programming_Projects/LocalInference/mcu/local_inference/Drivers/STM32N6xx_HAL_Driver/Src/stm32n6xx_hal_rcc.c.obj
 .text.RCC_PLL_Source_IsReady
                0x34182a20       0x74 CMakeFiles/STM32_Drivers.dir/home/bsgursta/Programming_Projects/LocalInference/mcu/local_inference/Drivers/STM32N6xx_HAL_Driver/Src/stm32n6xx_hal_rcc.c.obj
 .text.RCC_IC_CheckPLLSources
                0x34182a94      0x170 CMakeFiles/STM32_Drivers.dir/home/bsgursta/Programming_Projects/LocalInference/mcu/local_inference/Drivers/STM32N6xx_HAL_Driver/Src/stm32n6xx_hal_rcc.c.obj
 .text.LL_RCC_HSE_IsSelectedHSEDiv2AsDiv2Clock
                0x34182c04       0x24 CMakeFiles/STM32_Drivers.dir/home/bsgursta/Programming_Projects/LocalInference/mcu/local_inference/Drivers/STM32N6xx_HAL_Driver/Src/stm32n6xx_hal_rcc_ex.c.obj
 .text.LL_RCC_HSE_IsReady
                0x34182c28       0x24 CMakeFiles/STM32_Drivers.dir/home/bsgursta/Programming_Projects/LocalInference/mcu/local_inference/Drivers/STM32N6xx_HAL_Driver/Src/stm32n6xx_hal_rcc_ex.c.obj
 .text.LL_RCC_HSI_IsReady
                0x34182c4c       0x24 CMakeFiles/STM32_Drivers.dir/home/bsgursta/Programming_Projects/LocalInference/mcu/local_inference/Drivers/STM32N6xx_HAL_Driver/Src/stm32n6xx_hal_rcc_ex.c.obj
 .text.LL_RCC_HSI_GetDivider
                0x34182c70       0x1c CMakeFiles/STM32_Drivers.dir/home/bsgursta/Programming_Projects/LocalInference/mcu/local_inference/Drivers/STM32N6xx_HAL_Driver/Src/stm32n6xx_hal_rcc_ex.c.obj
 .text.LL_RCC_MSI_IsReady
                0x34182c8c       0x24 CMakeFiles/STM32_Drivers.dir/home/bsgursta/Programming_Projects/LocalInference/mcu/local_inference/Drivers/STM32N6xx_HAL_Driver/Src/stm32n6xx_hal_rcc_ex.c.obj
 .text.LL_RCC_MSI_GetFrequency
                0x34182cb0       0x1c CMakeFiles/STM32_Drivers.dir/home/bsgursta/Programming_Projects/LocalInference/mcu/local_inference/Drivers/STM32N6xx_HAL_Driver/Src/stm32n6xx_hal_rcc_ex.c.obj
 .text.LL_RCC_LSE_IsReady
                0x34182ccc       0x24 CMakeFiles/STM32_Drivers.dir/home/bsgursta/Programming_Projects/LocalInference/mcu/local_inference/Drivers/STM32N6xx_HAL_Driver/Src/stm32n6xx_hal_rcc_ex.c.obj
 .text.LL_RCC_LSI_IsReady
                0x34182cf0       0x1c CMakeFiles/STM32_Drivers.dir/home/bsgursta/Programming_Projects/LocalInference/mcu/local_inference/Drivers/STM32N6xx_HAL_Driver/Src/stm32n6xx_hal_rcc_ex.c.obj
 .text.LL_RCC_GetAHBPrescaler
                0x34182d0c       0x1c CMakeFiles/STM32_Drivers.dir/home/bsgursta/Programming_Projects/LocalInference/mcu/local_inference/Drivers/STM32N6xx_HAL_Driver/Src/stm32n6xx_hal_rcc_ex.c.obj
 .text.LL_RCC_GetAPB1Prescaler
                0x34182d28       0x1c CMakeFiles/STM32_Drivers.dir/home/bsgursta/Programming_Projects/LocalInference/mcu/local_inference/Drivers/STM32N6xx_HAL_Driver/Src/stm32n6xx_hal_rcc_ex.c.obj
 .text.LL_RCC_GetAPB2Prescaler
                0x34182d44       0x1c CMakeFiles/STM32_Drivers.dir/home/bsgursta/Programming_Projects/LocalInference/mcu/local_inference/Drivers/STM32N6xx_HAL_Driver/Src/stm32n6xx_hal_rcc_ex.c.obj
 .text.LL_RCC_GetAPB4Prescaler
                0x34182d60       0x1c CMakeFiles/STM32_Drivers.dir/home/bsgursta/Programming_Projects/LocalInference/mcu/local_inference/Drivers/STM32N6xx_HAL_Driver/Src/stm32n6xx_hal_rcc_ex.c.obj
 .text.LL_RCC_GetAPB5Prescaler
                0x34182d7c       0x1c CMakeFiles/STM32_Drivers.dir/home/bsgursta/Programming_Projects/LocalInference/mcu/local_inference/Drivers/STM32N6xx_HAL_Driver/Src/stm32n6xx_hal_rcc_ex.c.obj
 .text.LL_RCC_GetADCPrescaler
                0x34182d98       0x1c CMakeFiles/STM32_Drivers.dir/home/bsgursta/Programming_Projects/LocalInference/mcu/local_inference/Drivers/STM32N6xx_HAL_Driver/Src/stm32n6xx_hal_rcc_ex.c.obj
 .text.LL_RCC_GetETH1PTPDivider
                0x34182db4       0x1c CMakeFiles/STM32_Drivers.dir/home/bsgursta/Programming_Projects/LocalInference/mcu/local_inference/Drivers/STM32N6xx_HAL_Driver/Src/stm32n6xx_hal_rcc_ex.c.obj
 .text.LL_RCC_GetClockSource
                0x34182dd0       0x4c CMakeFiles/STM32_Drivers.dir/home/bsgursta/Programming_Projects/LocalInference/mcu/local_inference/Drivers/STM32N6xx_HAL_Driver/Src/stm32n6xx_hal_rcc_ex.c.obj
 .text.LL_RCC_GetADCClockSource
                0x34182e1c       0x24 CMakeFiles/STM32_Drivers.dir/home/bsgursta/Programming_Projects/LocalInference/mcu/local_inference/Drivers/STM32N6xx_HAL_Driver/Src/stm32n6xx_hal_rcc_ex.c.obj
 .text.LL_RCC_GetADFClockSource
                0x34182e40       0x24 CMakeFiles/STM32_Drivers.dir/home/bsgursta/Programming_Projects/LocalInference/mcu/local_inference/Drivers/STM32N6xx_HAL_Driver/Src/stm32n6xx_hal_rcc_ex.c.obj
 .text.LL_RCC_GetCLKPClockSource
                0x34182e64       0x24 CMakeFiles/STM32_Drivers.dir/home/bsgursta/Programming_Projects/LocalInference/mcu/local_inference/Drivers/STM32N6xx_HAL_Driver/Src/stm32n6xx_hal_rcc_ex.c.obj
 .text.LL_RCC_GetDCMIPPClockSource
                0x34182e88       0x24 CMakeFiles/STM32_Drivers.dir/home/bsgursta/Programming_Projects/LocalInference/mcu/local_inference/Drivers/STM32N6xx_HAL_Driver/Src/stm32n6xx_hal_rcc_ex.c.obj
 .text.LL_RCC_GetETHClockSource
                0x34182eac       0x24 CMakeFiles/STM32_Drivers.dir/home/bsgursta/Programming_Projects/LocalInference/mcu/local_inference/Drivers/STM32N6xx_HAL_Driver/Src/stm32n6xx_hal_rcc_ex.c.obj
 .text.LL_RCC_GetETHPTPClockSource
                0x34182ed0       0x24 CMakeFiles/STM32_Drivers.dir/home/bsgursta/Programming_Projects/LocalInference/mcu/local_inference/Drivers/STM32N6xx_HAL_Driver/Src/stm32n6xx_hal_rcc_ex.c.obj
 .text.LL_RCC_GetFDCANClockSource
                0x34182ef4       0x24 CMakeFiles/STM32_Drivers.dir/home/bsgursta/Programming_Projects/LocalInference/mcu/local_inference/Drivers/STM32N6xx_HAL_Driver/Src/stm32n6xx_hal_rcc_ex.c.obj
 .text.LL_RCC_GetFMCClockSource
                0x34182f18       0x24 CMakeFiles/STM32_Drivers.dir/home/bsgursta/Programming_Projects/LocalInference/mcu/local_inference/Drivers/STM32N6xx_HAL_Driver/Src/stm32n6xx_hal_rcc_ex.c.obj
 .text.LL_RCC_GetI2CClockSource
                0x34182f3c       0x18 CMakeFiles/STM32_Drivers.dir/home/bsgursta/Programming_Projects/LocalInference/mcu/local_inference/Drivers/STM32N6xx_HAL_Driver/Src/stm32n6xx_hal_rcc_ex.c.obj
 .text.LL_RCC_GetI3CClockSource
                0x34182f54       0x18 CMakeFiles/STM32_Drivers.dir/home/bsgursta/Programming_Projects/LocalInference/mcu/local_inference/Drivers/STM32N6xx_HAL_Driver/Src/stm32n6xx_hal_rcc_ex.c.obj
 .text.LL_RCC_GetLPTIMClockSource
                0x34182f6c       0x18 CMakeFiles/STM32_Drivers.dir/home/bsgursta/Programming_Projects/LocalInference/mcu/local_inference/Drivers/STM32N6xx_HAL_Driver/Src/stm32n6xx_hal_rcc_ex.c.obj
 .text.LL_RCC_GetLPUARTClockSource
                0x34182f84       0x24 CMakeFiles/STM32_Drivers.dir/home/bsgursta/Programming_Projects/LocalInference/mcu/local_inference/Drivers/STM32N6xx_HAL_Driver/Src/stm32n6xx_hal_rcc_ex.c.obj
 .text.LL_RCC_GetLTDCClockSource
                0x34182fa8       0x24 CMakeFiles/STM32_Drivers.dir/home/bsgursta/Programming_Projects/LocalInference/mcu/local_inference/Drivers/STM32N6xx_HAL_Driver/Src/stm32n6xx_hal_rcc_ex.c.obj
 .text.LL_RCC_GetMDFClockSource
                0x34182fcc       0x24 CMakeFiles/STM32_Drivers.dir/home/bsgursta/Programming_Projects/LocalInference/mcu/local_inference/Drivers/STM32N6xx_HAL_Driver/Src/stm32n6xx_hal_rcc_ex.c.obj
 .text.LL_RCC_GetPSSIClockSource
                0x34182ff0       0x24 CMakeFiles/STM32_Drivers.dir/home/bsgursta/Programming_Projects/LocalInference/mcu/local_inference/Drivers/STM32N6xx_HAL_Driver/Src/stm32n6xx_hal_rcc_ex.c.obj
 .text.LL_RCC_GetSAIClockSource
                0x34183014       0x18 CMakeFiles/STM32_Drivers.dir/home/bsgursta/Programming_Projects/LocalInference/mcu/local_inference/Drivers/STM32N6xx_HAL_Driver/Src/stm32n6xx_hal_rcc_ex.c.obj
 .text.LL_RCC_GetSDMMCClockSource
                0x3418302c       0x18 CMakeFiles/STM32_Drivers.dir/home/bsgursta/Programming_Projects/LocalInference/mcu/local_inference/Drivers/STM32N6xx_HAL_Driver/Src/stm32n6xx_hal_rcc_ex.c.obj
 .text.LL_RCC_GetSPDIFRXClockSource
                0x34183044       0x24 CMakeFiles/STM32_Drivers.dir/home/bsgursta/Programming_Projects/LocalInference/mcu/local_inference/Drivers/STM32N6xx_HAL_Driver/Src/stm32n6xx_hal_rcc_ex.c.obj
 .text.LL_RCC_GetSPIClockSource
                0x34183068       0x18 CMakeFiles/STM32_Drivers.dir/home/bsgursta/Programming_Projects/LocalInference/mcu/local_inference/Drivers/STM32N6xx_HAL_Driver/Src/stm32n6xx_hal_rcc_ex.c.obj
 .text.LL_RCC_GetUSARTClockSource
                0x34183080       0x18 CMakeFiles/STM32_Drivers.dir/home/bsgursta/Programming_Projects/LocalInference/mcu/local_inference/Drivers/STM32N6xx_HAL_Driver/Src/stm32n6xx_hal_rcc_ex.c.obj
 .text.LL_RCC_GetUARTClockSource
                0x34183098       0x18 CMakeFiles/STM32_Drivers.dir/home/bsgursta/Programming_Projects/LocalInference/mcu/local_inference/Drivers/STM32N6xx_HAL_Driver/Src/stm32n6xx_hal_rcc_ex.c.obj
 .text.LL_RCC_GetUSBClockSource
                0x341830b0       0x18 CMakeFiles/STM32_Drivers.dir/home/bsgursta/Programming_Projects/LocalInference/mcu/local_inference/Drivers/STM32N6xx_HAL_Driver/Src/stm32n6xx_hal_rcc_ex.c.obj
 .text.LL_RCC_GetXSPIClockSource
                0x341830c8       0x18 CMakeFiles/STM32_Drivers.dir/home/bsgursta/Programming_Projects/LocalInference/mcu/local_inference/Drivers/STM32N6xx_HAL_Driver/Src/stm32n6xx_hal_rcc_ex.c.obj
 .text.LL_RCC_GetRTCClockSource
                0x341830e0       0x1c CMakeFiles/STM32_Drivers.dir/home/bsgursta/Programming_Projects/LocalInference/mcu/local_inference/Drivers/STM32N6xx_HAL_Driver/Src/stm32n6xx_hal_rcc_ex.c.obj
 .text.LL_RCC_GetTIMPrescaler
                0x341830fc       0x1c CMakeFiles/STM32_Drivers.dir/home/bsgursta/Programming_Projects/LocalInference/mcu/local_inference/Drivers/STM32N6xx_HAL_Driver/Src/stm32n6xx_hal_rcc_ex.c.obj
 .text.LL_RCC_PLL1_GetSource
                0x34183118       0x1c CMakeFiles/STM32_Drivers.dir/home/bsgursta/Programming_Projects/LocalInference/mcu/local_inference/Drivers/STM32N6xx_HAL_Driver/Src/stm32n6xx_hal_rcc_ex.c.obj
 .text.LL_RCC_PLL1_IsReady
                0x34183134       0x28 CMakeFiles/STM32_Drivers.dir/home/bsgursta/Programming_Projects/LocalInference/mcu/local_inference/Drivers/STM32N6xx_HAL_Driver/Src/stm32n6xx_hal_rcc_ex.c.obj
 .text.LL_RCC_PLL1_IsEnabledBypass
                0x3418315c       0x28 CMakeFiles/STM32_Drivers.dir/home/bsgursta/Programming_Projects/LocalInference/mcu/local_inference/Drivers/STM32N6xx_HAL_Driver/Src/stm32n6xx_hal_rcc_ex.c.obj
 .text.LL_RCC_PLL1_GetN
                0x34183184       0x20 CMakeFiles/STM32_Drivers.dir/home/bsgursta/Programming_Projects/LocalInference/mcu/local_inference/Drivers/STM32N6xx_HAL_Driver/Src/stm32n6xx_hal_rcc_ex.c.obj
 .text.LL_RCC_PLL1_GetM
                0x341831a4       0x20 CMakeFiles/STM32_Drivers.dir/home/bsgursta/Programming_Projects/LocalInference/mcu/local_inference/Drivers/STM32N6xx_HAL_Driver/Src/stm32n6xx_hal_rcc_ex.c.obj
 .text.LL_RCC_PLL1_GetP1
                0x341831c4       0x20 CMakeFiles/STM32_Drivers.dir/home/bsgursta/Programming_Projects/LocalInference/mcu/local_inference/Drivers/STM32N6xx_HAL_Driver/Src/stm32n6xx_hal_rcc_ex.c.obj
 .text.LL_RCC_PLL1_GetP2
                0x341831e4       0x20 CMakeFiles/STM32_Drivers.dir/home/bsgursta/Programming_Projects/LocalInference/mcu/local_inference/Drivers/STM32N6xx_HAL_Driver/Src/stm32n6xx_hal_rcc_ex.c.obj
 .text.LL_RCC_PLL1P_IsEnabled
                0x34183204       0x28 CMakeFiles/STM32_Drivers.dir/home/bsgursta/Programming_Projects/LocalInference/mcu/local_inference/Drivers/STM32N6xx_HAL_Driver/Src/stm32n6xx_hal_rcc_ex.c.obj
 .text.LL_RCC_PLL1_GetFRACN
                0x3418322c       0x1c CMakeFiles/STM32_Drivers.dir/home/bsgursta/Programming_Projects/LocalInference/mcu/local_inference/Drivers/STM32N6xx_HAL_Driver/Src/stm32n6xx_hal_rcc_ex.c.obj
 .text.LL_RCC_PLL2_GetSource
                0x34183248       0x1c CMakeFiles/STM32_Drivers.dir/home/bsgursta/Programming_Projects/LocalInference/mcu/local_inference/Drivers/STM32N6xx_HAL_Driver/Src/stm32n6xx_hal_rcc_ex.c.obj
 .text.LL_RCC_PLL2_IsReady
                0x34183264       0x28 CMakeFiles/STM32_Drivers.dir/home/bsgursta/Programming_Projects/LocalInference/mcu/local_inference/Drivers/STM32N6xx_HAL_Driver/Src/stm32n6xx_hal_rcc_ex.c.obj
 .text.LL_RCC_PLL2_IsEnabledBypass
                0x3418328c       0x28 CMakeFiles/STM32_Drivers.dir/home/bsgursta/Programming_Projects/LocalInference/mcu/local_inference/Drivers/STM32N6xx_HAL_Driver/Src/stm32n6xx_hal_rcc_ex.c.obj
 .text.LL_RCC_PLL2_GetN
                0x341832b4       0x20 CMakeFiles/STM32_Drivers.dir/home/bsgursta/Programming_Projects/LocalInference/mcu/local_inference/Drivers/STM32N6xx_HAL_Driver/Src/stm32n6xx_hal_rcc_ex.c.obj
 .text.LL_RCC_PLL2_GetM
                0x341832d4       0x20 CMakeFiles/STM32_Drivers.dir/home/bsgursta/Programming_Projects/LocalInference/mcu/local_inference/Drivers/STM32N6xx_HAL_Driver/Src/stm32n6xx_hal_rcc_ex.c.obj
 .text.LL_RCC_PLL2_GetP1
                0x341832f4       0x20 CMakeFiles/STM32_Drivers.dir/home/bsgursta/Programming_Projects/LocalInference/mcu/local_inference/Drivers/STM32N6xx_HAL_Driver/Src/stm32n6xx_hal_rcc_ex.c.obj
 .text.LL_RCC_PLL2_GetP2
                0x34183314       0x20 CMakeFiles/STM32_Drivers.dir/home/bsgursta/Programming_Projects/LocalInference/mcu/local_inference/Drivers/STM32N6xx_HAL_Driver/Src/stm32n6xx_hal_rcc_ex.c.obj
 .text.LL_RCC_PLL2P_IsEnabled
                0x34183334       0x28 CMakeFiles/STM32_Drivers.dir/home/bsgursta/Programming_Projects/LocalInference/mcu/local_inference/Drivers/STM32N6xx_HAL_Driver/Src/stm32n6xx_hal_rcc_ex.c.obj
 .text.LL_RCC_PLL2_GetFRACN
                0x3418335c       0x1c CMakeFiles/STM32_Drivers.dir/home/bsgursta/Programming_Projects/LocalInference/mcu/local_inference/Drivers/STM32N6xx_HAL_Driver/Src/stm32n6xx_hal_rcc_ex.c.obj
 .text.LL_RCC_PLL3_GetSource
                0x34183378       0x1c CMakeFiles/STM32_Drivers.dir/home/bsgursta/Programming_Projects/LocalInference/mcu/local_inference/Drivers/STM32N6xx_HAL_Driver/Src/stm32n6xx_hal_rcc_ex.c.obj
 .text.LL_RCC_PLL3_IsReady
                0x34183394       0x28 CMakeFiles/STM32_Drivers.dir/home/bsgursta/Programming_Projects/LocalInference/mcu/local_inference/Drivers/STM32N6xx_HAL_Driver/Src/stm32n6xx_hal_rcc_ex.c.obj
 .text.LL_RCC_PLL3_IsEnabledBypass
                0x341833bc       0x28 CMakeFiles/STM32_Drivers.dir/home/bsgursta/Programming_Projects/LocalInference/mcu/local_inference/Drivers/STM32N6xx_HAL_Driver/Src/stm32n6xx_hal_rcc_ex.c.obj
 .text.LL_RCC_PLL3_GetN
                0x341833e4       0x20 CMakeFiles/STM32_Drivers.dir/home/bsgursta/Programming_Projects/LocalInference/mcu/local_inference/Drivers/STM32N6xx_HAL_Driver/Src/stm32n6xx_hal_rcc_ex.c.obj
 .text.LL_RCC_PLL3_GetM
                0x34183404       0x20 CMakeFiles/STM32_Drivers.dir/home/bsgursta/Programming_Projects/LocalInference/mcu/local_inference/Drivers/STM32N6xx_HAL_Driver/Src/stm32n6xx_hal_rcc_ex.c.obj
 .text.LL_RCC_PLL3_GetP1
                0x34183424       0x20 CMakeFiles/STM32_Drivers.dir/home/bsgursta/Programming_Projects/LocalInference/mcu/local_inference/Drivers/STM32N6xx_HAL_Driver/Src/stm32n6xx_hal_rcc_ex.c.obj
 .text.LL_RCC_PLL3_GetP2
                0x34183444       0x20 CMakeFiles/STM32_Drivers.dir/home/bsgursta/Programming_Projects/LocalInference/mcu/local_inference/Drivers/STM32N6xx_HAL_Driver/Src/stm32n6xx_hal_rcc_ex.c.obj
 .text.LL_RCC_PLL3P_IsEnabled
                0x34183464       0x28 CMakeFiles/STM32_Drivers.dir/home/bsgursta/Programming_Projects/LocalInference/mcu/local_inference/Drivers/STM32N6xx_HAL_Driver/Src/stm32n6xx_hal_rcc_ex.c.obj
 .text.LL_RCC_PLL3_GetFRACN
                0x3418348c       0x1c CMakeFiles/STM32_Drivers.dir/home/bsgursta/Programming_Projects/LocalInference/mcu/local_inference/Drivers/STM32N6xx_HAL_Driver/Src/stm32n6xx_hal_rcc_ex.c.obj
 .text.LL_RCC_PLL4_GetSource
                0x341834a8       0x1c CMakeFiles/STM32_Drivers.dir/home/bsgursta/Programming_Projects/LocalInference/mcu/local_inference/Drivers/STM32N6xx_HAL_Driver/Src/stm32n6xx_hal_rcc_ex.c.obj
 .text.LL_RCC_PLL4_IsReady
                0x341834c4       0x28 CMakeFiles/STM32_Drivers.dir/home/bsgursta/Programming_Projects/LocalInference/mcu/local_inference/Drivers/STM32N6xx_HAL_Driver/Src/stm32n6xx_hal_rcc_ex.c.obj
 .text.LL_RCC_PLL4_IsEnabledBypass
                0x341834ec       0x28 CMakeFiles/STM32_Drivers.dir/home/bsgursta/Programming_Projects/LocalInference/mcu/local_inference/Drivers/STM32N6xx_HAL_Driver/Src/stm32n6xx_hal_rcc_ex.c.obj
 .text.LL_RCC_PLL4_GetN
                0x34183514       0x20 CMakeFiles/STM32_Drivers.dir/home/bsgursta/Programming_Projects/LocalInference/mcu/local_inference/Drivers/STM32N6xx_HAL_Driver/Src/stm32n6xx_hal_rcc_ex.c.obj
 .text.LL_RCC_PLL4_GetM
                0x34183534       0x20 CMakeFiles/STM32_Drivers.dir/home/bsgursta/Programming_Projects/LocalInference/mcu/local_inference/Drivers/STM32N6xx_HAL_Driver/Src/stm32n6xx_hal_rcc_ex.c.obj
 .text.LL_RCC_PLL4_GetP1
                0x34183554       0x20 CMakeFiles/STM32_Drivers.dir/home/bsgursta/Programming_Projects/LocalInference/mcu/local_inference/Drivers/STM32N6xx_HAL_Driver/Src/stm32n6xx_hal_rcc_ex.c.obj
 .text.LL_RCC_PLL4_GetP2
                0x34183574       0x20 CMakeFiles/STM32_Drivers.dir/home/bsgursta/Programming_Projects/LocalInference/mcu/local_inference/Drivers/STM32N6xx_HAL_Driver/Src/stm32n6xx_hal_rcc_ex.c.obj
 .text.LL_RCC_PLL4P_IsEnabled
                0x34183594       0x28 CMakeFiles/STM32_Drivers.dir/home/bsgursta/Programming_Projects/LocalInference/mcu/local_inference/Drivers/STM32N6xx_HAL_Driver/Src/stm32n6xx_hal_rcc_ex.c.obj
 .text.LL_RCC_PLL4_GetFRACN
                0x341835bc       0x1c CMakeFiles/STM32_Drivers.dir/home/bsgursta/Programming_Projects/LocalInference/mcu/local_inference/Drivers/STM32N6xx_HAL_Driver/Src/stm32n6xx_hal_rcc_ex.c.obj
 .text.LL_RCC_IC3_IsEnabled
                0x341835d8       0x28 CMakeFiles/STM32_Drivers.dir/home/bsgursta/Programming_Projects/LocalInference/mcu/local_inference/Drivers/STM32N6xx_HAL_Driver/Src/stm32n6xx_hal_rcc_ex.c.obj
 .text.LL_RCC_IC3_GetSource
                0x34183600       0x1c CMakeFiles/STM32_Drivers.dir/home/bsgursta/Programming_Projects/LocalInference/mcu/local_inference/Drivers/STM32N6xx_HAL_Driver/Src/stm32n6xx_hal_rcc_ex.c.obj
 .text.LL_RCC_IC3_GetDivider
                0x3418361c       0x20 CMakeFiles/STM32_Drivers.dir/home/bsgursta/Programming_Projects/LocalInference/mcu/local_inference/Drivers/STM32N6xx_HAL_Driver/Src/stm32n6xx_hal_rcc_ex.c.obj
 .text.LL_RCC_IC4_IsEnabled
                0x3418363c       0x28 CMakeFiles/STM32_Drivers.dir/home/bsgursta/Programming_Projects/LocalInference/mcu/local_inference/Drivers/STM32N6xx_HAL_Driver/Src/stm32n6xx_hal_rcc_ex.c.obj
 .text.LL_RCC_IC4_GetSource
                0x34183664       0x1c CMakeFiles/STM32_Drivers.dir/home/bsgursta/Programming_Projects/LocalInference/mcu/local_inference/Drivers/STM32N6xx_HAL_Driver/Src/stm32n6xx_hal_rcc_ex.c.obj
 .text.LL_RCC_IC4_GetDivider
                0x34183680       0x20 CMakeFiles/STM32_Drivers.dir/home/bsgursta/Programming_Projects/LocalInference/mcu/local_inference/Drivers/STM32N6xx_HAL_Driver/Src/stm32n6xx_hal_rcc_ex.c.obj
 .text.LL_RCC_IC5_IsEnabled
                0x341836a0       0x28 CMakeFiles/STM32_Drivers.dir/home/bsgursta/Programming_Projects/LocalInference/mcu/local_inference/Drivers/STM32N6xx_HAL_Driver/Src/stm32n6xx_hal_rcc_ex.c.obj
 .text.LL_RCC_IC5_GetSource
                0x341836c8       0x1c CMakeFiles/STM32_Drivers.dir/home/bsgursta/Programming_Projects/LocalInference/mcu/local_inference/Drivers/STM32N6xx_HAL_Driver/Src/stm32n6xx_hal_rcc_ex.c.obj
 .text.LL_RCC_IC5_GetDivider
                0x341836e4       0x20 CMakeFiles/STM32_Drivers.dir/home/bsgursta/Programming_Projects/LocalInference/mcu/local_inference/Drivers/STM32N6xx_HAL_Driver/Src/stm32n6xx_hal_rcc_ex.c.obj
 .text.LL_RCC_IC7_IsEnabled
                0x34183704       0x28 CMakeFiles/STM32_Drivers.dir/home/bsgursta/Programming_Projects/LocalInference/mcu/local_inference/Drivers/STM32N6xx_HAL_Driver/Src/stm32n6xx_hal_rcc_ex.c.obj
 .text.LL_RCC_IC7_GetSource
                0x3418372c       0x1c CMakeFiles/STM32_Drivers.dir/home/bsgursta/Programming_Projects/LocalInference/mcu/local_inference/Drivers/STM32N6xx_HAL_Driver/Src/stm32n6xx_hal_rcc_ex.c.obj
 .text.LL_RCC_IC7_GetDivider
                0x34183748       0x20 CMakeFiles/STM32_Drivers.dir/home/bsgursta/Programming_Projects/LocalInference/mcu/local_inference/Drivers/STM32N6xx_HAL_Driver/Src/stm32n6xx_hal_rcc_ex.c.obj
 .text.LL_RCC_IC8_IsEnabled
                0x34183768       0x28 CMakeFiles/STM32_Drivers.dir/home/bsgursta/Programming_Projects/LocalInference/mcu/local_inference/Drivers/STM32N6xx_HAL_Driver/Src/stm32n6xx_hal_rcc_ex.c.obj
 .text.LL_RCC_IC8_GetSource
                0x34183790       0x1c CMakeFiles/STM32_Drivers.dir/home/bsgursta/Programming_Projects/LocalInference/mcu/local_inference/Drivers/STM32N6xx_HAL_Driver/Src/stm32n6xx_hal_rcc_ex.c.obj
 .text.LL_RCC_IC8_GetDivider
                0x341837ac       0x20 CMakeFiles/STM32_Drivers.dir/home/bsgursta/Programming_Projects/LocalInference/mcu/local_inference/Drivers/STM32N6xx_HAL_Driver/Src/stm32n6xx_hal_rcc_ex.c.obj
 .text.LL_RCC_IC9_IsEnabled
                0x341837cc       0x28 CMakeFiles/STM32_Drivers.dir/home/bsgursta/Programming_Projects/LocalInference/mcu/local_inference/Drivers/STM32N6xx_HAL_Driver/Src/stm32n6xx_hal_rcc_ex.c.obj
 .text.LL_RCC_IC9_GetSource
                0x341837f4       0x1c CMakeFiles/STM32_Drivers.dir/home/bsgursta/Programming_Projects/LocalInference/mcu/local_inference/Drivers/STM32N6xx_HAL_Driver/Src/stm32n6xx_hal_rcc_ex.c.obj
 .text.LL_RCC_IC9_GetDivider
                0x34183810       0x20 CMakeFiles/STM32_Drivers.dir/home/bsgursta/Programming_Projects/LocalInference/mcu/local_inference/Drivers/STM32N6xx_HAL_Driver/Src/stm32n6xx_hal_rcc_ex.c.obj
 .text.LL_RCC_IC10_IsEnabled
                0x34183830       0x28 CMakeFiles/STM32_Drivers.dir/home/bsgursta/Programming_Projects/LocalInference/mcu/local_inference/Drivers/STM32N6xx_HAL_Driver/Src/stm32n6xx_hal_rcc_ex.c.obj
 .text.LL_RCC_IC10_GetSource
                0x34183858       0x1c CMakeFiles/STM32_Drivers.dir/home/bsgursta/Programming_Projects/LocalInference/mcu/local_inference/Drivers/STM32N6xx_HAL_Driver/Src/stm32n6xx_hal_rcc_ex.c.obj
 .text.LL_RCC_IC10_GetDivider
                0x34183874       0x20 CMakeFiles/STM32_Drivers.dir/home/bsgursta/Programming_Projects/LocalInference/mcu/local_inference/Drivers/STM32N6xx_HAL_Driver/Src/stm32n6xx_hal_rcc_ex.c.obj
 .text.LL_RCC_IC12_IsEnabled
                0x34183894       0x28 CMakeFiles/STM32_Drivers.dir/home/bsgursta/Programming_Projects/LocalInference/mcu/local_inference/Drivers/STM32N6xx_HAL_Driver/Src/stm32n6xx_hal_rcc_ex.c.obj
 .text.LL_RCC_IC12_GetSource
                0x341838bc       0x1c CMakeFiles/STM32_Drivers.dir/home/bsgursta/Programming_Projects/LocalInference/mcu/local_inference/Drivers/STM32N6xx_HAL_Driver/Src/stm32n6xx_hal_rcc_ex.c.obj
 .text.LL_RCC_IC12_GetDivider
                0x341838d8       0x20 CMakeFiles/STM32_Drivers.dir/home/bsgursta/Programming_Projects/LocalInference/mcu/local_inference/Drivers/STM32N6xx_HAL_Driver/Src/stm32n6xx_hal_rcc_ex.c.obj
 .text.LL_RCC_IC13_IsEnabled
                0x341838f8       0x28 CMakeFiles/STM32_Drivers.dir/home/bsgursta/Programming_Projects/LocalInference/mcu/local_inference/Drivers/STM32N6xx_HAL_Driver/Src/stm32n6xx_hal_rcc_ex.c.obj
 .text.LL_RCC_IC13_GetSource
                0x34183920       0x1c CMakeFiles/STM32_Drivers.dir/home/bsgursta/Programming_Projects/LocalInference/mcu/local_inference/Drivers/STM32N6xx_HAL_Driver/Src/stm32n6xx_hal_rcc_ex.c.obj
 .text.LL_RCC_IC13_GetDivider
                0x3418393c       0x20 CMakeFiles/STM32_Drivers.dir/home/bsgursta/Programming_Projects/LocalInference/mcu/local_inference/Drivers/STM32N6xx_HAL_Driver/Src/stm32n6xx_hal_rcc_ex.c.obj
 .text.LL_RCC_IC14_IsEnabled
                0x3418395c       0x28 CMakeFiles/STM32_Drivers.dir/home/bsgursta/Programming_Projects/LocalInference/mcu/local_inference/Drivers/STM32N6xx_HAL_Driver/Src/stm32n6xx_hal_rcc_ex.c.obj
 .text.LL_RCC_IC14_GetSource
                0x34183984       0x1c CMakeFiles/STM32_Drivers.dir/home/bsgursta/Programming_Projects/LocalInference/mcu/local_inference/Drivers/STM32N6xx_HAL_Driver/Src/stm32n6xx_hal_rcc_ex.c.obj
 .text.LL_RCC_IC14_GetDivider
                0x341839a0       0x20 CMakeFiles/STM32_Drivers.dir/home/bsgursta/Programming_Projects/LocalInference/mcu/local_inference/Drivers/STM32N6xx_HAL_Driver/Src/stm32n6xx_hal_rcc_ex.c.obj
 .text.LL_RCC_IC15_IsEnabled
                0x341839c0       0x28 CMakeFiles/STM32_Drivers.dir/home/bsgursta/Programming_Projects/LocalInference/mcu/local_inference/Drivers/STM32N6xx_HAL_Driver/Src/stm32n6xx_hal_rcc_ex.c.obj
 .text.LL_RCC_IC15_GetSource
                0x341839e8       0x1c CMakeFiles/STM32_Drivers.dir/home/bsgursta/Programming_Projects/LocalInference/mcu/local_inference/Drivers/STM32N6xx_HAL_Driver/Src/stm32n6xx_hal_rcc_ex.c.obj
 .text.LL_RCC_IC15_GetDivider
                0x34183a04       0x20 CMakeFiles/STM32_Drivers.dir/home/bsgursta/Programming_Projects/LocalInference/mcu/local_inference/Drivers/STM32N6xx_HAL_Driver/Src/stm32n6xx_hal_rcc_ex.c.obj
 .text.LL_RCC_IC16_IsEnabled
                0x34183a24       0x28 CMakeFiles/STM32_Drivers.dir/home/bsgursta/Programming_Projects/LocalInference/mcu/local_inference/Drivers/STM32N6xx_HAL_Driver/Src/stm32n6xx_hal_rcc_ex.c.obj
 .text.LL_RCC_IC16_GetSource
                0x34183a4c       0x1c CMakeFiles/STM32_Drivers.dir/home/bsgursta/Programming_Projects/LocalInference/mcu/local_inference/Drivers/STM32N6xx_HAL_Driver/Src/stm32n6xx_hal_rcc_ex.c.obj
 .text.LL_RCC_IC16_GetDivider
                0x34183a68       0x20 CMakeFiles/STM32_Drivers.dir/home/bsgursta/Programming_Projects/LocalInference/mcu/local_inference/Drivers/STM32N6xx_HAL_Driver/Src/stm32n6xx_hal_rcc_ex.c.obj
 .text.LL_RCC_IC17_IsEnabled
                0x34183a88       0x28 CMakeFiles/STM32_Drivers.dir/home/bsgursta/Programming_Projects/LocalInference/mcu/local_inference/Drivers/STM32N6xx_HAL_Driver/Src/stm32n6xx_hal_rcc_ex.c.obj
 .text.LL_RCC_IC17_GetSource
                0x34183ab0       0x1c CMakeFiles/STM32_Drivers.dir/home/bsgursta/Programming_Projects/LocalInference/mcu/local_inference/Drivers/STM32N6xx_HAL_Driver/Src/stm32n6xx_hal_rcc_ex.c.obj
 .text.LL_RCC_IC17_GetDivider
                0x34183acc       0x20 CMakeFiles/STM32_Drivers.dir/home/bsgursta/Programming_Projects/LocalInference/mcu/local_inference/Drivers/STM32N6xx_HAL_Driver/Src/stm32n6xx_hal_rcc_ex.c.obj
 .text.LL_RCC_IC18_IsEnabled
                0x34183aec       0x28 CMakeFiles/STM32_Drivers.dir/home/bsgursta/Programming_Projects/LocalInference/mcu/local_inference/Drivers/STM32N6xx_HAL_Driver/Src/stm32n6xx_hal_rcc_ex.c.obj
 .text.LL_RCC_IC18_GetSource
                0x34183b14       0x1c CMakeFiles/STM32_Drivers.dir/home/bsgursta/Programming_Projects/LocalInference/mcu/local_inference/Drivers/STM32N6xx_HAL_Driver/Src/stm32n6xx_hal_rcc_ex.c.obj
 .text.LL_RCC_IC18_GetDivider
                0x34183b30       0x20 CMakeFiles/STM32_Drivers.dir/home/bsgursta/Programming_Projects/LocalInference/mcu/local_inference/Drivers/STM32N6xx_HAL_Driver/Src/stm32n6xx_hal_rcc_ex.c.obj
 .text.LL_RCC_IC19_IsEnabled
                0x34183b50       0x28 CMakeFiles/STM32_Drivers.dir/home/bsgursta/Programming_Projects/LocalInference/mcu/local_inference/Drivers/STM32N6xx_HAL_Driver/Src/stm32n6xx_hal_rcc_ex.c.obj
 .text.LL_RCC_IC19_GetSource
                0x34183b78       0x1c CMakeFiles/STM32_Drivers.dir/home/bsgursta/Programming_Projects/LocalInference/mcu/local_inference/Drivers/STM32N6xx_HAL_Driver/Src/stm32n6xx_hal_rcc_ex.c.obj
 .text.LL_RCC_IC19_GetDivider
                0x34183b94       0x20 CMakeFiles/STM32_Drivers.dir/home/bsgursta/Programming_Projects/LocalInference/mcu/local_inference/Drivers/STM32N6xx_HAL_Driver/Src/stm32n6xx_hal_rcc_ex.c.obj
 .text.LL_RCC_IC20_IsEnabled
                0x34183bb4       0x28 CMakeFiles/STM32_Drivers.dir/home/bsgursta/Programming_Projects/LocalInference/mcu/local_inference/Drivers/STM32N6xx_HAL_Driver/Src/stm32n6xx_hal_rcc_ex.c.obj
 .text.LL_RCC_IC20_GetSource
                0x34183bdc       0x1c CMakeFiles/STM32_Drivers.dir/home/bsgursta/Programming_Projects/LocalInference/mcu/local_inference/Drivers/STM32N6xx_HAL_Driver/Src/stm32n6xx_hal_rcc_ex.c.obj
 .text.LL_RCC_IC20_GetDivider
                0x34183bf8       0x20 CMakeFiles/STM32_Drivers.dir/home/bsgursta/Programming_Projects/LocalInference/mcu/local_inference/Drivers/STM32N6xx_HAL_Driver/Src/stm32n6xx_hal_rcc_ex.c.obj
 .text.LL_RCC_CLKP_IsEnabled
                0x34183c18       0x28 CMakeFiles/STM32_Drivers.dir/home/bsgursta/Programming_Projects/LocalInference/mcu/local_inference/Drivers/STM32N6xx_HAL_Driver/Src/stm32n6xx_hal_rcc_ex.c.obj
 .text.HAL_RCCEx_GetPeriphCLKFreq
                0x34183c40      0x938 CMakeFiles/STM32_Drivers.dir/home/bsgursta/Programming_Projects/LocalInference/mcu/local_inference/Drivers/STM32N6xx_HAL_Driver/Src/stm32n6xx_hal_rcc_ex.c.obj
                0x34183c40                HAL_RCCEx_GetPeriphCLKFreq
 .text.HAL_RCCEx_GetPLL1CLKFreq
                0x34184578       0x8c CMakeFiles/STM32_Drivers.dir/home/bsgursta/Programming_Projects/LocalInference/mcu/local_inference/Drivers/STM32N6xx_HAL_Driver/Src/stm32n6xx_hal_rcc_ex.c.obj
                0x34184578                HAL_RCCEx_GetPLL1CLKFreq
 .text.HAL_RCCEx_GetPLL2CLKFreq
                0x34184604       0x8c CMakeFiles/STM32_Drivers.dir/home/bsgursta/Programming_Projects/LocalInference/mcu/local_inference/Drivers/STM32N6xx_HAL_Driver/Src/stm32n6xx_hal_rcc_ex.c.obj
                0x34184604                HAL_RCCEx_GetPLL2CLKFreq
 .text.HAL_RCCEx_GetPLL3CLKFreq
                0x34184690       0x8c CMakeFiles/STM32_Drivers.dir/home/bsgursta/Programming_Projects/LocalInference/mcu/local_inference/Drivers/STM32N6xx_HAL_Driver/Src/stm32n6xx_hal_rcc_ex.c.obj
                0x34184690                HAL_RCCEx_GetPLL3CLKFreq
 .text.HAL_RCCEx_GetPLL4CLKFreq
                0x3418471c       0x8c CMakeFiles/STM32_Drivers.dir/home/bsgursta/Programming_Projects/LocalInference/mcu/local_inference/Drivers/STM32N6xx_HAL_Driver/Src/stm32n6xx_hal_rcc_ex.c.obj
                0x3418471c                HAL_RCCEx_GetPLL4CLKFreq
 .text.RCCEx_GetHCLKFreq
                0x341847a8       0x22 CMakeFiles/STM32_Drivers.dir/home/bsgursta/Programming_Projects/LocalInference/mcu/local_inference/Drivers/STM32N6xx_HAL_Driver/Src/stm32n6xx_hal_rcc_ex.c.obj
 .text.RCCEx_GetPCLK1Freq
                0x341847ca       0x20 CMakeFiles/STM32_Drivers.dir/home/bsgursta/Programming_Projects/LocalInference/mcu/local_inference/Drivers/STM32N6xx_HAL_Driver/Src/stm32n6xx_hal_rcc_ex.c.obj
 .text.RCCEx_GetPCLK2Freq
                0x341847ea       0x22 CMakeFiles/STM32_Drivers.dir/home/bsgursta/Programming_Projects/LocalInference/mcu/local_inference/Drivers/STM32N6xx_HAL_Driver/Src/stm32n6xx_hal_rcc_ex.c.obj
 .text.RCCEx_GetPCLK4Freq
                0x3418480c       0x22 CMakeFiles/STM32_Drivers.dir/home/bsgursta/Programming_Projects/LocalInference/mcu/local_inference/Drivers/STM32N6xx_HAL_Driver/Src/stm32n6xx_hal_rcc_ex.c.obj
 .text.RCCEx_GetPCLK5Freq
                0x3418482e       0x22 CMakeFiles/STM32_Drivers.dir/home/bsgursta/Programming_Projects/LocalInference/mcu/local_inference/Drivers/STM32N6xx_HAL_Driver/Src/stm32n6xx_hal_rcc_ex.c.obj
 .text.RCCEx_GetPLLSourceFreq
                0x34184850       0xbc CMakeFiles/STM32_Drivers.dir/home/bsgursta/Programming_Projects/LocalInference/mcu/local_inference/Drivers/STM32N6xx_HAL_Driver/Src/stm32n6xx_hal_rcc_ex.c.obj
 .text.RCCEx_CalcPLLFreq
                0x3418490c       0x98 CMakeFiles/STM32_Drivers.dir/home/bsgursta/Programming_Projects/LocalInference/mcu/local_inference/Drivers/STM32N6xx_HAL_Driver/Src/stm32n6xx_hal_rcc_ex.c.obj
 .text.RCCEx_GetADCCLKFreq
                0x341849a4      0x204 CMakeFiles/STM32_Drivers.dir/home/bsgursta/Programming_Projects/LocalInference/mcu/local_inference/Drivers/STM32N6xx_HAL_Driver/Src/stm32n6xx_hal_rcc_ex.c.obj
 .text.RCCEx_GetADFCLKFreq
                0x34184ba8      0x1d8 CMakeFiles/STM32_Drivers.dir/home/bsgursta/Programming_Projects/LocalInference/mcu/local_inference/Drivers/STM32N6xx_HAL_Driver/Src/stm32n6xx_hal_rcc_ex.c.obj
 .text.RCCEx_GetCLKPCLKFreq
                0x34184d80      0x36c CMakeFiles/STM32_Drivers.dir/home/bsgursta/Programming_Projects/LocalInference/mcu/local_inference/Drivers/STM32N6xx_HAL_Driver/Src/stm32n6xx_hal_rcc_ex.c.obj
 .text.RCCEx_GetCSICLKFreq
                0x341850ec       0x98 CMakeFiles/STM32_Drivers.dir/home/bsgursta/Programming_Projects/LocalInference/mcu/local_inference/Drivers/STM32N6xx_HAL_Driver/Src/stm32n6xx_hal_rcc_ex.c.obj
 .text.RCCEx_GetDCMIPPCLKFreq
                0x34185184      0x114 CMakeFiles/STM32_Drivers.dir/home/bsgursta/Programming_Projects/LocalInference/mcu/local_inference/Drivers/STM32N6xx_HAL_Driver/Src/stm32n6xx_hal_rcc_ex.c.obj
 .text.RCCEx_GetETH1CLKFreq
                0x34185298      0x100 CMakeFiles/STM32_Drivers.dir/home/bsgursta/Programming_Projects/LocalInference/mcu/local_inference/Drivers/STM32N6xx_HAL_Driver/Src/stm32n6xx_hal_rcc_ex.c.obj
 .text.RCCEx_GetETH1PTPCLKFreq
                0x34185398      0x108 CMakeFiles/STM32_Drivers.dir/home/bsgursta/Programming_Projects/LocalInference/mcu/local_inference/Drivers/STM32N6xx_HAL_Driver/Src/stm32n6xx_hal_rcc_ex.c.obj
 .text.RCCEx_GetFDCANCLKFreq
                0x341854a0      0x100 CMakeFiles/STM32_Drivers.dir/home/bsgursta/Programming_Projects/LocalInference/mcu/local_inference/Drivers/STM32N6xx_HAL_Driver/Src/stm32n6xx_hal_rcc_ex.c.obj
 .text.RCCEx_GetFMCCLKFreq
                0x341855a0      0x16e CMakeFiles/STM32_Drivers.dir/home/bsgursta/Programming_Projects/LocalInference/mcu/local_inference/Drivers/STM32N6xx_HAL_Driver/Src/stm32n6xx_hal_rcc_ex.c.obj
 *fill*         0x3418570e        0x2 
 .text.RCCEx_GetI2CCLKFreq
                0x34185710      0x350 CMakeFiles/STM32_Drivers.dir/home/bsgursta/Programming_Projects/LocalInference/mcu/local_inference/Drivers/STM32N6xx_HAL_Driver/Src/stm32n6xx_hal_rcc_ex.c.obj
 .text.RCCEx_GetI3CCLKFreq
                0x34185a60      0x268 CMakeFiles/STM32_Drivers.dir/home/bsgursta/Programming_Projects/LocalInference/mcu/local_inference/Drivers/STM32N6xx_HAL_Driver/Src/stm32n6xx_hal_rcc_ex.c.obj
 .text.RCCEx_GetLPTIMCLKFreq
                0x34185cc8      0x354 CMakeFiles/STM32_Drivers.dir/home/bsgursta/Programming_Projects/LocalInference/mcu/local_inference/Drivers/STM32N6xx_HAL_Driver/Src/stm32n6xx_hal_rcc_ex.c.obj
 .text.RCCEx_GetLPUARTCLKFreq
                0x3418601c      0x204 CMakeFiles/STM32_Drivers.dir/home/bsgursta/Programming_Projects/LocalInference/mcu/local_inference/Drivers/STM32N6xx_HAL_Driver/Src/stm32n6xx_hal_rcc_ex.c.obj
 .text.RCCEx_GetLTDCCLKFreq
                0x34186220      0x114 CMakeFiles/STM32_Drivers.dir/home/bsgursta/Programming_Projects/LocalInference/mcu/local_inference/Drivers/STM32N6xx_HAL_Driver/Src/stm32n6xx_hal_rcc_ex.c.obj
 .text.RCCEx_GetMDFCLKFreq
                0x34186334      0x214 CMakeFiles/STM32_Drivers.dir/home/bsgursta/Programming_Projects/LocalInference/mcu/local_inference/Drivers/STM32N6xx_HAL_Driver/Src/stm32n6xx_hal_rcc_ex.c.obj
 .text.RCCEx_GetPSSICLKFreq
                0x34186548      0x104 CMakeFiles/STM32_Drivers.dir/home/bsgursta/Programming_Projects/LocalInference/mcu/local_inference/Drivers/STM32N6xx_HAL_Driver/Src/stm32n6xx_hal_rcc_ex.c.obj
 .text.RCCEx_GetRTCCLKFreq
                0x3418664c       0xa4 CMakeFiles/STM32_Drivers.dir/home/bsgursta/Programming_Projects/LocalInference/mcu/local_inference/Drivers/STM32N6xx_HAL_Driver/Src/stm32n6xx_hal_rcc_ex.c.obj
 .text.RCCEx_GetSAICLKFreq
                0x341866f0      0x2cc CMakeFiles/STM32_Drivers.dir/home/bsgursta/Programming_Projects/LocalInference/mcu/local_inference/Drivers/STM32N6xx_HAL_Driver/Src/stm32n6xx_hal_rcc_ex.c.obj
 .text.RCCEx_GetSDMMCCLKFreq
                0x341869bc      0x1d4 CMakeFiles/STM32_Drivers.dir/home/bsgursta/Programming_Projects/LocalInference/mcu/local_inference/Drivers/STM32N6xx_HAL_Driver/Src/stm32n6xx_hal_rcc_ex.c.obj
 .text.RCCEx_GetSPDIFRXCLKFreq
                0x34186b90      0x1c8 CMakeFiles/STM32_Drivers.dir/home/bsgursta/Programming_Projects/LocalInference/mcu/local_inference/Drivers/STM32N6xx_HAL_Driver/Src/stm32n6xx_hal_rcc_ex.c.obj
 .text.RCCEx_GetSPICLKFreq
                0x34186d58      0x5a4 CMakeFiles/STM32_Drivers.dir/home/bsgursta/Programming_Projects/LocalInference/mcu/local_inference/Drivers/STM32N6xx_HAL_Driver/Src/stm32n6xx_hal_rcc_ex.c.obj
 .text.RCCEx_GetUARTCLKFreq
                0x341872fc      0x454 CMakeFiles/STM32_Drivers.dir/home/bsgursta/Programming_Projects/LocalInference/mcu/local_inference/Drivers/STM32N6xx_HAL_Driver/Src/stm32n6xx_hal_rcc_ex.c.obj
 .text.RCCEx_GetUSARTCLKFreq
                0x34187750      0x454 CMakeFiles/STM32_Drivers.dir/home/bsgursta/Programming_Projects/LocalInference/mcu/local_inference/Drivers/STM32N6xx_HAL_Driver/Src/stm32n6xx_hal_rcc_ex.c.obj
 .text.RCCEx_GetOTGPHYCLKFreq
                0x34187ba4      0x16c CMakeFiles/STM32_Drivers.dir/home/bsgursta/Programming_Projects/LocalInference/mcu/local_inference/Drivers/STM32N6xx_HAL_Driver/Src/stm32n6xx_hal_rcc_ex.c.obj
 .text.RCCEx_GetOTGPHYCKREFCLKFreq
                0x34187d10       0xa0 CMakeFiles/STM32_Drivers.dir/home/bsgursta/Programming_Projects/LocalInference/mcu/local_inference/Drivers/STM32N6xx_HAL_Driver/Src/stm32n6xx_hal_rcc_ex.c.obj
 .text.RCCEx_GetXSPICLKFreq
                0x34187db0      0x220 CMakeFiles/STM32_Drivers.dir/home/bsgursta/Programming_Projects/LocalInference/mcu/local_inference/Drivers/STM32N6xx_HAL_Driver/Src/stm32n6xx_hal_rcc_ex.c.obj
 .text.HAL_GPIO_Init
                0x34187fd0      0x364 CMakeFiles/STM32_Drivers.dir/home/bsgursta/Programming_Projects/LocalInference/mcu/local_inference/Drivers/STM32N6xx_HAL_Driver/Src/stm32n6xx_hal_gpio.c.obj
                0x34187fd0                HAL_GPIO_Init
 .text.HAL_GPIO_WritePin
                0x34188334       0x30 CMakeFiles/STM32_Drivers.dir/home/bsgursta/Programming_Projects/LocalInference/mcu/local_inference/Drivers/STM32N6xx_HAL_Driver/Src/stm32n6xx_hal_gpio.c.obj
                0x34188334                HAL_GPIO_WritePin
 .text.HAL_PWREx_ConfigSupply
                0x34188364       0x50 CMakeFiles/STM32_Drivers.dir/home/bsgursta/Programming_Projects/LocalInference/mcu/local_inference/Drivers/STM32N6xx_HAL_Driver/Src/stm32n6xx_hal_pwr_ex.c.obj
                0x34188364                HAL_PWREx_ConfigSupply
 .text.HAL_PWREx_ControlVoltageScaling
                0x341883b4       0x50 CMakeFiles/STM32_Drivers.dir/home/bsgursta/Programming_Projects/LocalInference/mcu/local_inference/Drivers/STM32N6xx_HAL_Driver/Src/stm32n6xx_hal_pwr_ex.c.obj
                0x341883b4                HAL_PWREx_ControlVoltageScaling
 .text.HAL_PWREx_EnableVddIO2
                0x34188404       0x20 CMakeFiles/STM32_Drivers.dir/home/bsgursta/Programming_Projects/LocalInference/mcu/local_inference/Drivers/STM32N6xx_HAL_Driver/Src/stm32n6xx_hal_pwr_ex.c.obj
                0x34188404                HAL_PWREx_EnableVddIO2
 .text.HAL_PWREx_EnableVddIO3
                0x34188424       0x20 CMakeFiles/STM32_Drivers.dir/home/bsgursta/Programming_Projects/LocalInference/mcu/local_inference/Drivers/STM32N6xx_HAL_Driver/Src/stm32n6xx_hal_pwr_ex.c.obj
                0x34188424                HAL_PWREx_EnableVddIO3
 .text.HAL_PWREx_EnableVddIO4
                0x34188444       0x20 CMakeFiles/STM32_Drivers.dir/home/bsgursta/Programming_Projects/LocalInference/mcu/local_inference/Drivers/STM32N6xx_HAL_Driver/Src/stm32n6xx_hal_pwr_ex.c.obj
                0x34188444                HAL_PWREx_EnableVddIO4
 .text.HAL_Init
                0x34188464       0x28 CMakeFiles/STM32_Drivers.dir/home/bsgursta/Programming_Projects/LocalInference/mcu/local_inference/Drivers/STM32N6xx_HAL_Driver/Src/stm32n6xx_hal.c.obj
                0x34188464                HAL_Init
 .text.HAL_InitTick
                0x3418848c       0x6c CMakeFiles/STM32_Drivers.dir/home/bsgursta/Programming_Projects/LocalInference/mcu/local_inference/Drivers/STM32N6xx_HAL_Driver/Src/stm32n6xx_hal.c.obj
                0x3418848c                HAL_InitTick
 .text.HAL_IncTick
                0x341884f8       0x28 CMakeFiles/STM32_Drivers.dir/home/bsgursta/Programming_Projects/LocalInference/mcu/local_inference/Drivers/STM32N6xx_HAL_Driver/Src/stm32n6xx_hal.c.obj
                0x341884f8                HAL_IncTick
 .text.HAL_GetTick
                0x34188520       0x18 CMakeFiles/STM32_Drivers.dir/home/bsgursta/Programming_Projects/LocalInference/mcu/local_inference/Drivers/STM32N6xx_HAL_Driver/Src/stm32n6xx_hal.c.obj
                0x34188520                HAL_GetTick
 .text.HAL_EXTI_RegisterCallback
                0x34188538       0x58 CMakeFiles/STM32_Drivers.dir/home/bsgursta/Programming_Projects/LocalInference/mcu/local_inference/Drivers/STM32N6xx_HAL_Driver/Src/stm32n6xx_hal_exti.c.obj
                0x34188538                HAL_EXTI_RegisterCallback
 .text.HAL_EXTI_GetHandle
                0x34188590       0x28 CMakeFiles/STM32_Drivers.dir/home/bsgursta/Programming_Projects/LocalInference/mcu/local_inference/Drivers/STM32N6xx_HAL_Driver/Src/stm32n6xx_hal_exti.c.obj
                0x34188590                HAL_EXTI_GetHandle
 .text.HAL_EXTI_IRQHandler
                0x341885b8       0x90 CMakeFiles/STM32_Drivers.dir/home/bsgursta/Programming_Projects/LocalInference/mcu/local_inference/Drivers/STM32N6xx_HAL_Driver/Src/stm32n6xx_hal_exti.c.obj
                0x341885b8                HAL_EXTI_IRQHandler
 .text.HAL_UART_Init
                0x34188648       0xa0 CMakeFiles/STM32_Drivers.dir/home/bsgursta/Programming_Projects/LocalInference/mcu/local_inference/Drivers/STM32N6xx_HAL_Driver/Src/stm32n6xx_hal_uart.c.obj
                0x34188648                HAL_UART_Init
 .text.HAL_UART_MspInit
                0x341886e8       0x14 CMakeFiles/STM32_Drivers.dir/home/bsgursta/Programming_Projects/LocalInference/mcu/local_inference/Drivers/STM32N6xx_HAL_Driver/Src/stm32n6xx_hal_uart.c.obj
                0x341886e8                HAL_UART_MspInit
 .text.UART_SetConfig
                0x341886fc      0x3d8 CMakeFiles/STM32_Drivers.dir/home/bsgursta/Programming_Projects/LocalInference/mcu/local_inference/Drivers/STM32N6xx_HAL_Driver/Src/stm32n6xx_hal_uart.c.obj
                0x341886fc                UART_SetConfig
 .text.UART_AdvFeatureConfig
                0x34188ad4      0x144 CMakeFiles/STM32_Drivers.dir/home/bsgursta/Programming_Projects/LocalInference/mcu/local_inference/Drivers/STM32N6xx_HAL_Driver/Src/stm32n6xx_hal_uart.c.obj
                0x34188ad4                UART_AdvFeatureConfig
 .text.UART_CheckIdleState
                0x34188c18      0x154 CMakeFiles/STM32_Drivers.dir/home/bsgursta/Programming_Projects/LocalInference/mcu/local_inference/Drivers/STM32N6xx_HAL_Driver/Src/stm32n6xx_hal_uart.c.obj
                0x34188c18                UART_CheckIdleState
 .text.UART_WaitOnFlagUntilTimeout
                0x34188d6c       0xda CMakeFiles/STM32_Drivers.dir/home/bsgursta/Programming_Projects/LocalInference/mcu/local_inference/Drivers/STM32N6xx_HAL_Driver/Src/stm32n6xx_hal_uart.c.obj
                0x34188d6c                UART_WaitOnFlagUntilTimeout
 .text.UART_EndRxTransfer
                0x34188e46       0xcc CMakeFiles/STM32_Drivers.dir/home/bsgursta/Programming_Projects/LocalInference/mcu/local_inference/Drivers/STM32N6xx_HAL_Driver/Src/stm32n6xx_hal_uart.c.obj
 *fill*         0x34188f12        0x2 
 .text.LL_AHB4_GRP1_EnableClock
                0x34188f14       0x2c CMakeFiles/STM32_Drivers.dir/home/bsgursta/Programming_Projects/LocalInference/mcu/local_inference/Drivers/BSP/STM32N6xx_Nucleo/stm32n6xx_nucleo.c.obj
 .text.LL_APB2_GRP1_EnableClock
                0x34188f40       0x2c CMakeFiles/STM32_Drivers.dir/home/bsgursta/Programming_Projects/LocalInference/mcu/local_inference/Drivers/BSP/STM32N6xx_Nucleo/stm32n6xx_nucleo.c.obj
 .text.BSP_LED_Init
                0x34188f6c       0x74 CMakeFiles/STM32_Drivers.dir/home/bsgursta/Programming_Projects/LocalInference/mcu/local_inference/Drivers/BSP/STM32N6xx_Nucleo/stm32n6xx_nucleo.c.obj
                0x34188f6c                BSP_LED_Init
 .text.BSP_LED_Off
                0x34188fe0       0x34 CMakeFiles/STM32_Drivers.dir/home/bsgursta/Programming_Projects/LocalInference/mcu/local_inference/Drivers/BSP/STM32N6xx_Nucleo/stm32n6xx_nucleo.c.obj
                0x34188fe0                BSP_LED_Off
 .text.BSP_PB_Init
                0x34189014      0x124 CMakeFiles/STM32_Drivers.dir/home/bsgursta/Programming_Projects/LocalInference/mcu/local_inference/Drivers/BSP/STM32N6xx_Nucleo/stm32n6xx_nucleo.c.obj
                0x34189014                BSP_PB_Init
 .text.BSP_PB_Callback
                0x34189138       0x16 CMakeFiles/STM32_Drivers.dir/home/bsgursta/Programming_Projects/LocalInference/mcu/local_inference/Drivers/BSP/STM32N6xx_Nucleo/stm32n6xx_nucleo.c.obj
                0x34189138                BSP_PB_Callback
 *fill*         0x3418914e        0x2 
 .text.BSP_PB_IRQHandler
                0x34189150       0x2c CMakeFiles/STM32_Drivers.dir/home/bsgursta/Programming_Projects/LocalInference/mcu/local_inference/Drivers/BSP/STM32N6xx_Nucleo/stm32n6xx_nucleo.c.obj
                0x34189150                BSP_PB_IRQHandler
 .text.BSP_COM_Init
                0x3418917c       0x84 CMakeFiles/STM32_Drivers.dir/home/bsgursta/Programming_Projects/LocalInference/mcu/local_inference/Drivers/BSP/STM32N6xx_Nucleo/stm32n6xx_nucleo.c.obj
                0x3418917c                BSP_COM_Init
 .text.BUTTON_USER_EXTI_Callback
                0x34189200        0xe CMakeFiles/STM32_Drivers.dir/home/bsgursta/Programming_Projects/LocalInference/mcu/local_inference/Drivers/BSP/STM32N6xx_Nucleo/stm32n6xx_nucleo.c.obj
 *fill*         0x3418920e        0x2 
 .text.MX_USART1_Init
                0x34189210       0x68 CMakeFiles/STM32_Drivers.dir/home/bsgursta/Programming_Projects/LocalInference/mcu/local_inference/Drivers/BSP/STM32N6xx_Nucleo/stm32n6xx_nucleo.c.obj
                0x34189210                MX_USART1_Init
 .text.UART_MspInit
                0x34189278       0xec CMakeFiles/STM32_Drivers.dir/home/bsgursta/Programming_Projects/LocalInference/mcu/local_inference/Drivers/BSP/STM32N6xx_Nucleo/stm32n6xx_nucleo.c.obj
 .text.LL_AHB4_GRP1_EnableClock
                0x34189364       0x2c CMakeFiles/local_inference_FSBL.dir/Core/Src/main.c.obj
 .text.main     0x34189390       0x68 CMakeFiles/local_inference_FSBL.dir/Core/Src/main.c.obj
                0x34189390                main
 .text.SystemClock_Config
                0x341893f8      0x158 CMakeFiles/local_inference_FSBL.dir/Core/Src/main.c.obj
                0x341893f8                SystemClock_Config
 .text.MX_GPIO_Init
                0x34189550       0xc0 CMakeFiles/local_inference_FSBL.dir/Core/Src/main.c.obj
 .text.Error_Handler
                0x34189610        0xc CMakeFiles/local_inference_FSBL.dir/Core/Src/main.c.obj
                0x34189610                Error_Handler
 .text.NMI_Handler
                0x3418961c        0x8 CMakeFiles/local_inference_FSBL.dir/Core/Src/stm32n6xx_it.c.obj
                0x3418961c                NMI_Handler
 .text.HardFault_Handler
                0x34189624        0x8 CMakeFiles/local_inference_FSBL.dir/Core/Src/stm32n6xx_it.c.obj
                0x34189624                HardFault_Handler
 .text.MemManage_Handler
                0x3418962c        0x8 CMakeFiles/local_inference_FSBL.dir/Core/Src/stm32n6xx_it.c.obj
                0x3418962c                MemManage_Handler
 .text.BusFault_Handler
                0x34189634        0x8 CMakeFiles/local_inference_FSBL.dir/Core/Src/stm32n6xx_it.c.obj
                0x34189634                BusFault_Handler
 .text.UsageFault_Handler
                0x3418963c        0x8 CMakeFiles/local_inference_FSBL.dir/Core/Src/stm32n6xx_it.c.obj
                0x3418963c                UsageFault_Handler
 .text.SecureFault_Handler
                0x34189644        0x8 CMakeFiles/local_inference_FSBL.dir/Core/Src/stm32n6xx_it.c.obj
                0x34189644                SecureFault_Handler
 .text.SVC_Handler
                0x3418964c        0xe CMakeFiles/local_inference_FSBL.dir/Core/Src/stm32n6xx_it.c.obj
                0x3418964c                SVC_Handler
 .text.DebugMon_Handler
                0x3418965a        0xe CMakeFiles/local_inference_FSBL.dir/Core/Src/stm32n6xx_it.c.obj
                0x3418965a                DebugMon_Handler
 .text.PendSV_Handler
                0x34189668        0xe CMakeFiles/local_inference_FSBL.dir/Core/Src/stm32n6xx_it.c.obj
                0x34189668                PendSV_Handler
 .text.SysTick_Handler
                0x34189676        0xc CMakeFiles/local_inference_FSBL.dir/Core/Src/stm32n6xx_it.c.obj
                0x34189676                SysTick_Handler
 .text.EXTI13_IRQHandler
                0x34189682        0xe CMakeFiles/local_inference_FSBL.dir/Core/Src/stm32n6xx_it.c.obj
                0x34189682                EXTI13_IRQHandler
 .text.HAL_MspInit
                0x34189690       0x14 CMakeFiles/local_inference_FSBL.dir/Core/Src/stm32n6xx_hal_msp.c.obj
                0x34189690                HAL_MspInit
 .text.Reset_Handler
                0x341896a4       0x5c CMakeFiles/local_inference_FSBL.dir/Core/Startup/startup_stm32n657xx_fsbl.s.obj
                0x341896a4                Reset_Handler
 .text.Default_Handler
                0x34189700        0x2 CMakeFiles/local_inference_FSBL.dir/Core/Startup/startup_stm32n657xx_fsbl.s.obj
                0x34189700                HPDMA1_Channel13_IRQHandler
                0x34189700                EXTI2_IRQHandler
                0x34189700                MCE2_IRQHandler
                0x34189700                TIM8_CC_IRQHandler
                0x34189700                USB2_OTG_HS_IRQHandler
                0x34189700                SAI1_A_IRQHandler
                0x34189700                EXTI5_IRQHandler
                0x34189700                I3C1_ER_IRQHandler
                0x34189700                UART8_IRQHandler
                0x34189700                CTI_INT0_IRQHandler
                0x34189700                SPI4_IRQHandler
                0x34189700                LTDC_LO_IRQHandler
                0x34189700                NPU2_IRQHandler
                0x34189700                FDCAN3_IT0_IRQHandler
                0x34189700                TIM1_CC_IRQHandler
                0x34189700                XSPI1_IRQHandler
                0x34189700                TIM10_IRQHandler
                0x34189700                JPEG_IRQHandler
                0x34189700                TAMP_IRQHandler
                0x34189700                CACHE_ECC_IRQHandler
                0x34189700                TIM6_IRQHandler
                0x34189700                CSI_IRQHandler
                0x34189700                EXTI12_IRQHandler
                0x34189700                GFXTIM_IRQHandler
                0x34189700                EXTI3_IRQHandler
                0x34189700                LPTIM4_IRQHandler
                0x34189700                GPDMA1_Channel5_IRQHandler
                0x34189700                EXTI8_IRQHandler
                0x34189700                LPTIM2_IRQHandler
                0x34189700                GFXMMU_IRQHandler
                0x34189700                LTDC_LO_ERR_IRQHandler
                0x34189700                I2C3_ER_IRQHandler
                0x34189700                RIFSC_TAMPER_IRQHandler
                0x34189700                USART10_IRQHandler
                0x34189700                MDF1_FLT2_IRQHandler
                0x34189700                LPTIM3_IRQHandler
                0x34189700                SAI2_A_IRQHandler
                0x34189700                EXTI0_IRQHandler
                0x34189700                HPDMA1_Channel9_IRQHandler
                0x34189700                I2C2_EV_IRQHandler
                0x34189700                GPU2D_IRQHandler
                0x34189700                FPU_IRQHandler
                0x34189700                GPDMA1_Channel3_IRQHandler
                0x34189700                GPDMA1_Channel7_IRQHandler
                0x34189700                MDF1_FLT4_IRQHandler
                0x34189700                FDCAN1_IT1_IRQHandler
                0x34189700                HPDMA1_Channel3_IRQHandler
                0x34189700                ADC1_2_IRQHandler
                0x34189700                GPDMA1_Channel9_IRQHandler
                0x34189700                SPI1_IRQHandler
                0x34189700                CACHEAXI_IRQHandler
                0x34189700                SAI1_B_IRQHandler
                0x34189700                GPDMA1_Channel2_IRQHandler
                0x34189700                PAHB_ERR_IRQHandler
                0x34189700                TIM8_UP_IRQHandler
                0x34189700                RCC_S_IRQHandler
                0x34189700                MDF1_FLT1_IRQHandler
                0x34189700                LTDC_UP_IRQHandler
                0x34189700                LOCKUP_IRQHandler
                0x34189700                PKA_IRQHandler
                0x34189700                USART6_IRQHandler
                0x34189700                HPDMA1_Channel2_IRQHandler
                0x34189700                MDF1_FLT5_IRQHandler
                0x34189700                MCE4_IRQHandler
                0x34189700                I3C2_ER_IRQHandler
                0x34189700                EXTI15_IRQHandler
                0x34189700                TIM17_IRQHandler
                0x34189700                USART3_IRQHandler
                0x34189700                HPDMA1_Channel6_IRQHandler
                0x34189700                CRYP_IRQHandler
                0x34189700                RTC_IRQHandler
                0x34189700                XSPI2_IRQHandler
                0x34189700                EXTI9_IRQHandler
                0x34189700                IAC_IRQHandler
                0x34189700                HPDMA1_Channel0_IRQHandler
                0x34189700                LPTIM5_IRQHandler
                0x34189700                HPDMA1_Channel1_IRQHandler
                0x34189700                UART5_IRQHandler
                0x34189700                TIM4_IRQHandler
                0x34189700                NPU3_IRQHandler
                0x34189700                I3C2_EV_IRQHandler
                0x34189700                I2C1_EV_IRQHandler
                0x34189700                FDCAN_CU_IRQHandler
                0x34189700                GPDMA1_Channel12_IRQHandler
                0x34189700                HPDMA1_Channel7_IRQHandler
                0x34189700                GPDMA1_Channel1_IRQHandler
                0x34189700                TIM16_IRQHandler
                0x34189700                GPDMA1_Channel15_IRQHandler
                0x34189700                UART4_IRQHandler
                0x34189700                TCM_ECC_IRQHandler
                0x34189700                TIM3_IRQHandler
                0x34189700                RCC_IRQHandler
                0x34189700                UART9_IRQHandler
                0x34189700                NPU1_IRQHandler
                0x34189700                SAI2_B_IRQHandler
                0x34189700                Default_Handler
                0x34189700                GPDMA1_Channel8_IRQHandler
                0x34189700                HPDMA1_Channel8_IRQHandler
                0x34189700                TIM18_IRQHandler
                0x34189700                TIM14_IRQHandler
                0x34189700                TIM13_IRQHandler
                0x34189700                CTI_INT1_IRQHandler
                0x34189700                GPDMA1_Channel11_IRQHandler
                0x34189700                GPU2D_ER_IRQHandler
                0x34189700                SPI5_IRQHandler
                0x34189700                TIM12_IRQHandler
                0x34189700                TIM7_IRQHandler
                0x34189700                FDCAN3_IT1_IRQHandler
                0x34189700                HPDMA1_Channel10_IRQHandler
                0x34189700                SDMMC1_IRQHandler
                0x34189700                SAES_IRQHandler
                0x34189700                TIM5_IRQHandler
                0x34189700                UCPD1_IRQHandler
                0x34189700                GPDMA1_Channel0_IRQHandler
                0x34189700                I3C1_EV_IRQHandler
                0x34189700                HPDMA1_Channel5_IRQHandler
                0x34189700                TIM15_IRQHandler
                0x34189700                I2C3_EV_IRQHandler
                0x34189700                HPDMA1_Channel4_IRQHandler
                0x34189700                HPDMA1_Channel15_IRQHandler
                0x34189700                TIM9_IRQHandler
                0x34189700                ETH1_IRQHandler
                0x34189700                USB1_OTG_HS_IRQHandler
                0x34189700                PVD_PVM_IRQHandler
                0x34189700                SPI2_IRQHandler
                0x34189700                TIM1_TRG_CCU_IRQHandler
                0x34189700                HPDMA1_Channel11_IRQHandler
                0x34189700                EXTI14_IRQHandler
                0x34189700                EXTI11_IRQHandler
                0x34189700                VENC_IRQHandler
                0x34189700                GPDMA1_Channel14_IRQHandler
                0x34189700                EXTI4_IRQHandler
                0x34189700                RTC_S_IRQHandler
                0x34189700                GPDMA1_Channel13_IRQHandler
                0x34189700                RNG_IRQHandler
                0x34189700                XSPI3_IRQHandler
                0x34189700                FDCAN2_IT1_IRQHandler
                0x34189700                TIM1_UP_IRQHandler
                0x34189700                NPU0_IRQHandler
                0x34189700                BCK_ECC_IRQHandler
                0x34189700                WWDG_IRQHandler
                0x34189700                SPI6_IRQHandler
                0x34189700                MDIOS_IRQHandler
                0x34189700                I2C4_EV_IRQHandler
                0x34189700                FDCAN2_IT0_IRQHandler
                0x34189700                IWDG_IRQHandler
                0x34189700                HPDMA1_Channel14_IRQHandler
                0x34189700                LPUART1_IRQHandler
                0x34189700                FDCAN1_IT0_IRQHandler
                0x34189700                MDF1_FLT0_IRQHandler
                0x34189700                TIM2_IRQHandler
                0x34189700                MCE3_IRQHandler
                0x34189700                GPDMA1_Channel4_IRQHandler
                0x34189700                EXTI7_IRQHandler
                0x34189700                DMA2D_IRQHandler
                0x34189700                TIM1_BRK_IRQHandler
                0x34189700                EXTI1_IRQHandler
                0x34189700                SDMMC2_IRQHandler
                0x34189700                TIM11_IRQHandler
                0x34189700                LTDC_UP_ERR_IRQHandler
                0x34189700                UART7_IRQHandler
                0x34189700                DTS_IRQHandler
                0x34189700                MDF1_FLT3_IRQHandler
                0x34189700                USART2_IRQHandler
                0x34189700                GPDMA1_Channel6_IRQHandler
                0x34189700                ADF1_FLT0_IRQHandler
                0x34189700                I2C2_ER_IRQHandler
                0x34189700                MCE1_IRQHandler
                0x34189700                SPDIFRX_IRQHandler
                0x34189700                TIM8_BRK_IRQHandler
                0x34189700                HPDMA1_Channel12_IRQHandler
                0x34189700                USART1_IRQHandler
                0x34189700                EXTI10_IRQHandler
                0x34189700                SPI3_IRQHandler
                0x34189700                WAKEUP_PIN_IRQHandler
                0x34189700                DCMIPP_IRQHandler
                0x34189700                I2C1_ER_IRQHandler
                0x34189700                FMC_IRQHandler
                0x34189700                EXTI6_IRQHandler
                0x34189700                LPTIM1_IRQHandler
                0x34189700                DCMI_PSSI_IRQHandler
                0x34189700                TIM8_TRG_CCU_IRQHandler
                0x34189700                I2C4_ER_IRQHandler
                0x34189700                GPDMA1_Channel10_IRQHandler
                0x34189700                ICACHE_IRQHandler
                0x34189700                HASH_IRQHandler
 .text.memset   0x34189702       0x10 /home/bsgursta/.local/share/stm32cube/bundles/gnu-tools-for-stm32/14.3.1+st.2/bin/../lib/gcc/arm-none-eabi/14.3.1/../../../../arm-none-eabi/lib/thumb/v8-m.main+dp/hard/libg_nano.a(libc_a-memset.o)
                0x34189702                memset
 *fill*         0x34189712        0x2 
 .text.__libc_init_array
                0x34189714       0x48 /home/bsgursta/.local/share/stm32cube/bundles/gnu-tools-for-stm32/14.3.1+st.2/bin/../lib/gcc/arm-none-eabi/14.3.1/../../../../arm-none-eabi/lib/thumb/v8-m.main+dp/hard/libg_nano.a(libc_a-init.o)
                0x34189714                __libc_init_array
 *(.glue_7)
 .glue_7        0x3418975c        0x0 linker stubs
 *(.glue_7t)
 .glue_7t       0x3418975c        0x0 linker stubs
 *(.eh_frame)
 .eh_frame      0x3418975c        0x0 /home/bsgursta/.local/share/stm32cube/bundles/gnu-tools-for-stm32/14.3.1+st.2/bin/../lib/gcc/arm-none-eabi/14.3.1/thumb/v8-m.main+dp/hard/crtbegin.o
 *(.RamFunc)
 *(.RamFunc*)
 *(.init)
 .init          0x3418975c        0x4 /home/bsgursta/.local/share/stm32cube/bundles/gnu-tools-for-stm32/14.3.1+st.2/bin/../lib/gcc/arm-none-eabi/14.3.1/thumb/v8-m.main+dp/hard/crti.o
                0x3418975c                _init
 .init          0x34189760        0x8 /home/bsgursta/.local/share/stm32cube/bundles/gnu-tools-for-stm32/14.3.1+st.2/bin/../lib/gcc/arm-none-eabi/14.3.1/thumb/v8-m.main+dp/hard/crtn.o
 *(.fini)
 .fini          0x34189768        0x4 /home/bsgursta/.local/share/stm32cube/bundles/gnu-tools-for-stm32/14.3.1+st.2/bin/../lib/gcc/arm-none-eabi/14.3.1/thumb/v8-m.main+dp/hard/crti.o
                0x34189768                _fini
 .fini          0x3418976c        0x8 /home/bsgursta/.local/share/stm32cube/bundles/gnu-tools-for-stm32/14.3.1+st.2/bin/../lib/gcc/arm-none-eabi/14.3.1/thumb/v8-m.main+dp/hard/crtn.o
                0x34189774                        . = ALIGN (0x4)
                0x34189774                        _etext = .

.vfp11_veneer   0x34189774        0x0
 .vfp11_veneer  0x34189774        0x0 linker stubs

.v4_bx          0x34189774        0x0
 .v4_bx         0x34189774        0x0 linker stubs

.iplt           0x34189774        0x0
 .iplt          0x34189774        0x0 /home/bsgursta/.local/share/stm32cube/bundles/gnu-tools-for-stm32/14.3.1+st.2/bin/../lib/gcc/arm-none-eabi/14.3.1/thumb/v8-m.main+dp/hard/crtbegin.o

.rodata         0x34189774       0x18
                0x34189774                        . = ALIGN (0x4)
 *(.rodata)
 *(.rodata*)
 .rodata.UARTPrescTable
                0x34189774       0x18 CMakeFiles/STM32_Drivers.dir/home/bsgursta/Programming_Projects/LocalInference/mcu/local_inference/Drivers/STM32N6xx_HAL_Driver/Src/stm32n6xx_hal_uart.c.obj
                0x34189774                UARTPrescTable
                0x3418978c                        . = ALIGN (0x4)

.ARM.extab      0x3418978c        0x0
                0x3418978c                        . = ALIGN (0x4)
 *(.ARM.extab* .gnu.linkonce.armextab.*)
                0x3418978c                        . = ALIGN (0x4)

.ARM            0x3418978c        0x8
                0x3418978c                        . = ALIGN (0x4)
                0x3418978c                        __exidx_start = .
 *(.ARM.exidx*)
 .ARM.exidx     0x3418978c        0x8 /home/bsgursta/.local/share/stm32cube/bundles/gnu-tools-for-stm32/14.3.1+st.2/bin/../lib/gcc/arm-none-eabi/14.3.1/thumb/v8-m.main+dp/hard/libgcc.a(_udivmoddi4.o)
                0x34189794                        __exidx_end = .
                0x34189794                        . = ALIGN (0x4)

.preinit_array  0x34189794        0x0
                0x34189794                        . = ALIGN (0x4)
                0x34189794                        PROVIDE (__preinit_array_start = .)
 *(.preinit_array*)
                0x34189794                        PROVIDE (__preinit_array_end = .)
                0x34189794                        . = ALIGN (0x4)

.init_array     0x34189794        0x4
                0x34189794                        . = ALIGN (0x4)
                0x34189794                        PROVIDE (__init_array_start = .)
 *(SORT_BY_NAME(.init_array.*))
 *(.init_array*)
 .init_array    0x34189794        0x4 /home/bsgursta/.local/share/stm32cube/bundles/gnu-tools-for-stm32/14.3.1+st.2/bin/../lib/gcc/arm-none-eabi/14.3.1/thumb/v8-m.main+dp/hard/crtbegin.o
                0x34189798                        PROVIDE (__init_array_end = .)
                0x34189798                        . = ALIGN (0x4)

.fini_array     0x34189798        0x4
                0x34189798                        . = ALIGN (0x4)
                [!provide]                        PROVIDE (__fini_array_start = .)
 *(SORT_BY_NAME(.fini_array.*))
 *(.fini_array*)
 .fini_array    0x34189798        0x4 /home/bsgursta/.local/share/stm32cube/bundles/gnu-tools-for-stm32/14.3.1+st.2/bin/../lib/gcc/arm-none-eabi/14.3.1/thumb/v8-m.main+dp/hard/crtbegin.o
                [!provide]                        PROVIDE (__fini_array_end = .)
                0x3418979c                        . = ALIGN (0x4)

.rel.dyn        0x3418979c        0x0
 .rel.iplt      0x3418979c        0x0 /home/bsgursta/.local/share/stm32cube/bundles/gnu-tools-for-stm32/14.3.1+st.2/bin/../lib/gcc/arm-none-eabi/14.3.1/thumb/v8-m.main+dp/hard/crtbegin.o

.gnu.sgstubs    0x341897a0       0x20
                0x341897a0                        _sNSCVeneer = .
 *(.gnu.sgstubs*)
                0x341897a0                        . = ALIGN (0x20)
 *fill*         0x341897a0        0x0 
 FILL mask 0x00
 .gnu.sgstubs.__stub
                0x341897a0        0x8 linker stubs
                0x341897a0                SECURE_SystemCoreClockUpdate
                0x341897c0                        _eNSCVeneer = .
                0x341897c0                        _sidata = LOADADDR (.data)

.data           0x341c0000       0x34 load address 0x341897c0
                0x341c0000                        . = ALIGN (0x4)
                0x341c0000                        _sdata = .
 *(.data)
 *(.data*)
 .data.SystemCoreClock
                0x341c0000        0x4 CMakeFiles/STM32_Drivers.dir/Core/Src/system_stm32n6xx_fsbl.c.obj
                0x341c0000                SystemCoreClock
 .data.uwTickPrio
                0x341c0004        0x4 CMakeFiles/STM32_Drivers.dir/home/bsgursta/Programming_Projects/LocalInference/mcu/local_inference/Drivers/STM32N6xx_HAL_Driver/Src/stm32n6xx_hal.c.obj
                0x341c0004                uwTickPrio
 .data.uwTickFreq
                0x341c0008        0x1 CMakeFiles/STM32_Drivers.dir/home/bsgursta/Programming_Projects/LocalInference/mcu/local_inference/Drivers/STM32N6xx_HAL_Driver/Src/stm32n6xx_hal.c.obj
                0x341c0008                uwTickFreq
 *fill*         0x341c0009        0x3 
 .data.COM_UART
                0x341c000c        0x8 CMakeFiles/STM32_Drivers.dir/home/bsgursta/Programming_Projects/LocalInference/mcu/local_inference/Drivers/BSP/STM32N6xx_Nucleo/stm32n6xx_nucleo.c.obj
                0x341c000c                COM_UART
 .data.LED_PIN  0x341c0014        0x6 CMakeFiles/STM32_Drivers.dir/home/bsgursta/Programming_Projects/LocalInference/mcu/local_inference/Drivers/BSP/STM32N6xx_Nucleo/stm32n6xx_nucleo.c.obj
 *fill*         0x341c001a        0x2 
 .data.LED_PORT
                0x341c001c        0xc CMakeFiles/STM32_Drivers.dir/home/bsgursta/Programming_Projects/LocalInference/mcu/local_inference/Drivers/BSP/STM32N6xx_Nucleo/stm32n6xx_nucleo.c.obj
 .data.BUTTON_PIN
                0x341c0028        0x2 CMakeFiles/STM32_Drivers.dir/home/bsgursta/Programming_Projects/LocalInference/mcu/local_inference/Drivers/BSP/STM32N6xx_Nucleo/stm32n6xx_nucleo.c.obj
 *fill*         0x341c002a        0x2 
 .data.BUTTON_PORT
                0x341c002c        0x4 CMakeFiles/STM32_Drivers.dir/home/bsgursta/Programming_Projects/LocalInference/mcu/local_inference/Drivers/BSP/STM32N6xx_Nucleo/stm32n6xx_nucleo.c.obj
 .data.BUTTON_IRQn
                0x341c0030        0x2 CMakeFiles/STM32_Drivers.dir/home/bsgursta/Programming_Projects/LocalInference/mcu/local_inference/Drivers/BSP/STM32N6xx_Nucleo/stm32n6xx_nucleo.c.obj
                0x341c0034                        . = ALIGN (0x4)
 *fill*         0x341c0032        0x2 

.igot.plt       0x341c0034        0x0 load address 0x341897f4
 .igot.plt      0x341c0034        0x0 /home/bsgursta/.local/share/stm32cube/bundles/gnu-tools-for-stm32/14.3.1+st.2/bin/../lib/gcc/arm-none-eabi/14.3.1/thumb/v8-m.main+dp/hard/crtbegin.o

.tdata          0x341c0034        0x0 load address 0x341897f4
 *(.tdata .tdata.* .gnu.linkonce.td.*)
                0x341c0034                        . = ALIGN (0x4)
                0x341c0034                        _edata = .
                [!provide]                        PROVIDE (__data_end = .)
                [!provide]                        PROVIDE (__tdata_end = .)
                [!provide]                        PROVIDE (__tdata_start = ADDR (.tdata))
                [!provide]                        PROVIDE (__tdata_size = (__tdata_end - __tdata_start))
                [!provide]                        PROVIDE (__data_start = ADDR (.data))
                [!provide]                        PROVIDE (__data_size = (__data_end - __data_start))
                [!provide]                        PROVIDE (__tdata_source = LOADADDR (.tdata))
                [!provide]                        PROVIDE (__tdata_source_end = (LOADADDR (.tdata) + SIZEOF (.tdata)))
                [!provide]                        PROVIDE (__tdata_source_size = (__tdata_source_end - __tdata_source))
                [!provide]                        PROVIDE (__data_source = LOADADDR (.data))
                [!provide]                        PROVIDE (__data_source_end = __tdata_source_end)
                [!provide]                        PROVIDE (__data_source_size = (__data_source_end - __data_source))

.noncacheable   0x341c0034        0x4 load address 0x341897f4
                0x341c0038                        . = ALIGN (0x8)
 *fill*         0x341c0034        0x4 
                0x341c0038                        __snoncacheable = .
 *(.noncacheable)
                0x341c0038                        . = ALIGN (0x8)
                0x341c0038                        __enoncacheable = .

.tbss           0x341c0038        0x0 load address 0x341897f4
                0x341c0038                        _sbss = .
                0x341c0038                        __bss_start__ = _sbss
 *(.tbss .tbss.*)
                0x341c0038                        . = ALIGN (0x4)
                [!provide]                        PROVIDE (__tbss_end = .)
                [!provide]                        PROVIDE (__tbss_start = ADDR (.tbss))
                [!provide]                        PROVIDE (__tbss_size = (__tbss_end - __tbss_start))
                [!provide]                        PROVIDE (__tbss_offset = (ADDR (.tbss) - ADDR (.tdata)))
                [!provide]                        PROVIDE (__tls_base = __tdata_start)
                [!provide]                        PROVIDE (__tls_end = __tbss_end)
                [!provide]                        PROVIDE (__tls_size = (__tls_end - __tls_base))
                [!provide]                        PROVIDE (__tls_align = MAX (ALIGNOF (.tdata), ALIGNOF (.tbss)))
                [!provide]                        PROVIDE (__tls_size_align = (((__tls_size + __tls_align) - 0x1) & ~ ((__tls_align - 0x1))))
                [!provide]                        PROVIDE (__arm32_tls_tcb_offset = MAX (0x8, __tls_align))
                [!provide]                        PROVIDE (__arm64_tls_tcb_offset = MAX (0x10, __tls_align))

.bss            0x341c0038      0x164 load address 0x341897f4
 *(.bss)
 .bss           0x341c0038       0x1c /home/bsgursta/.local/share/stm32cube/bundles/gnu-tools-for-stm32/14.3.1+st.2/bin/../lib/gcc/arm-none-eabi/14.3.1/thumb/v8-m.main+dp/hard/crtbegin.o
 *(.bss*)
 .bss.uwTick    0x341c0054        0x4 CMakeFiles/STM32_Drivers.dir/home/bsgursta/Programming_Projects/LocalInference/mcu/local_inference/Drivers/STM32N6xx_HAL_Driver/Src/stm32n6xx_hal.c.obj
                0x341c0054                uwTick
 .bss.hcom_uart
                0x341c0058      0x128 CMakeFiles/STM32_Drivers.dir/home/bsgursta/Programming_Projects/LocalInference/mcu/local_inference/Drivers/BSP/STM32N6xx_Nucleo/stm32n6xx_nucleo.c.obj
                0x341c0058                hcom_uart
 .bss.hpb_exti  0x341c0180        0xc CMakeFiles/STM32_Drivers.dir/home/bsgursta/Programming_Projects/LocalInference/mcu/local_inference/Drivers/BSP/STM32N6xx_Nucleo/stm32n6xx_nucleo.c.obj
 .bss.BspCOMInit
                0x341c018c       0x10 CMakeFiles/local_inference_FSBL.dir/Core/Src/main.c.obj
                0x341c018c                BspCOMInit
 *(COMMON)
                0x341c019c                        . = ALIGN (0x4)
                0x341c019c                        _ebss = .