Archive member included to satisfy reference by file (symbol)

/opt/arm-gnu-toolchain-14.3.rel1-x86_64-arm-none-eabi/bin/../lib/gcc/arm-none-eabi/14.3.1/thumb/v8-m.main+dp/hard/libgcc.a(_aeabi_uldivmod.o)
                              CMakeFiles/STM32_Drivers.dir/home/bsgursta/Programming_Projects/LocalInference/mcu/local_inference/Drivers/STM32N6xx_HAL_Driver/Src/stm32n6xx_hal_uart.c.obj (__aeabi_uldivmod)
/opt/arm-gnu-toolchain-14.3.rel1-x86_64-arm-none-eabi/bin/../lib/gcc/arm-none-eabi/14.3.1/thumb/v8-m.main+dp/hard/libgcc.a(_udivmoddi4.o)
                              /opt/arm-gnu-toolchain-14.3.rel1-x86_64-arm-none-eabi/bin/../lib/gcc/arm-none-eabi/14.3.1/thumb/v8-m.main+dp/hard/libgcc.a(_aeabi_uldivmod.o) (__udivmoddi4)
/opt/arm-gnu-toolchain-14.3.rel1-x86_64-arm-none-eabi/bin/../lib/gcc/arm-none-eabi/14.3.1/thumb/v8-m.main+dp/hard/libgcc.a(_dvmd_tls.o)
                              /opt/arm-gnu-toolchain-14.3.rel1-x86_64-arm-none-eabi/bin/../lib/gcc/arm-none-eabi/14.3.1/thumb/v8-m.main+dp/hard/libgcc.a(_aeabi_uldivmod.o) (__aeabi_ldiv0)
/opt/arm-gnu-toolchain-14.3.rel1-x86_64-arm-none-eabi/bin/../lib/gcc/arm-none-eabi/14.3.1/../../../../arm-none-eabi/lib/thumb/v8-m.main+dp/hard/libg_nano.a(libc_a-exit.o)
                              /opt/arm-gnu-toolchain-14.3.rel1-x86_64-arm-none-eabi/bin/../lib/gcc/arm-none-eabi/14.3.1/../../../../arm-none-eabi/lib/thumb/v8-m.main+dp/hard/crt0.o (exit)
/opt/arm-gnu-toolchain-14.3.rel1-x86_64-arm-none-eabi/bin/../lib/gcc/arm-none-eabi/14.3.1/../../../../arm-none-eabi/lib/thumb/v8-m.main+dp/hard/libg_nano.a(libc_a-findfp.o)
                              /opt/arm-gnu-toolchain-14.3.rel1-x86_64-arm-none-eabi/bin/../lib/gcc/arm-none-eabi/14.3.1/../../../../arm-none-eabi/lib/thumb/v8-m.main+dp/hard/libg_nano.a(libc_a-exit.o) (__stdio_exit_handler)
/opt/arm-gnu-toolchain-14.3.rel1-x86_64-arm-none-eabi/bin/../lib/gcc/arm-none-eabi/14.3.1/../../../../arm-none-eabi/lib/thumb/v8-m.main+dp/hard/libg_nano.a(libc_a-fwalk.o)
                              /opt/arm-gnu-toolchain-14.3.rel1-x86_64-arm-none-eabi/bin/../lib/gcc/arm-none-eabi/14.3.1/../../../../arm-none-eabi/lib/thumb/v8-m.main+dp/hard/libg_nano.a(libc_a-findfp.o) (_fwalk_sglue)
/opt/arm-gnu-toolchain-14.3.rel1-x86_64-arm-none-eabi/bin/../lib/gcc/arm-none-eabi/14.3.1/../../../../arm-none-eabi/lib/thumb/v8-m.main+dp/hard/libg_nano.a(libc_a-stdio.o)
                              /opt/arm-gnu-toolchain-14.3.rel1-x86_64-arm-none-eabi/bin/../lib/gcc/arm-none-eabi/14.3.1/../../../../arm-none-eabi/lib/thumb/v8-m.main+dp/hard/libg_nano.a(libc_a-findfp.o) (__sread)
/opt/arm-gnu-toolchain-14.3.rel1-x86_64-arm-none-eabi/bin/../lib/gcc/arm-none-eabi/14.3.1/../../../../arm-none-eabi/lib/thumb/v8-m.main+dp/hard/libg_nano.a(libc_a-memset.o)
                              /opt/arm-gnu-toolchain-14.3.rel1-x86_64-arm-none-eabi/bin/../lib/gcc/arm-none-eabi/14.3.1/../../../../arm-none-eabi/lib/thumb/v8-m.main+dp/hard/crt0.o (memset)
/opt/arm-gnu-toolchain-14.3.rel1-x86_64-arm-none-eabi/bin/../lib/gcc/arm-none-eabi/14.3.1/../../../../arm-none-eabi/lib/thumb/v8-m.main+dp/hard/libg_nano.a(libc_a-closer.o)
                              /opt/arm-gnu-toolchain-14.3.rel1-x86_64-arm-none-eabi/bin/../lib/gcc/arm-none-eabi/14.3.1/../../../../arm-none-eabi/lib/thumb/v8-m.main+dp/hard/libg_nano.a(libc_a-stdio.o) (_close_r)
/opt/arm-gnu-toolchain-14.3.rel1-x86_64-arm-none-eabi/bin/../lib/gcc/arm-none-eabi/14.3.1/../../../../arm-none-eabi/lib/thumb/v8-m.main+dp/hard/libg_nano.a(libc_a-reent.o)
                              /opt/arm-gnu-toolchain-14.3.rel1-x86_64-arm-none-eabi/bin/../lib/gcc/arm-none-eabi/14.3.1/../../../../arm-none-eabi/lib/thumb/v8-m.main+dp/hard/libg_nano.a(libc_a-closer.o) (errno)
/opt/arm-gnu-toolchain-14.3.rel1-x86_64-arm-none-eabi/bin/../lib/gcc/arm-none-eabi/14.3.1/../../../../arm-none-eabi/lib/thumb/v8-m.main+dp/hard/libg_nano.a(libc_a-impure.o)
                              /opt/arm-gnu-toolchain-14.3.rel1-x86_64-arm-none-eabi/bin/../lib/gcc/arm-none-eabi/14.3.1/../../../../arm-none-eabi/lib/thumb/v8-m.main+dp/hard/libg_nano.a(libc_a-reent.o) (_impure_ptr)
/opt/arm-gnu-toolchain-14.3.rel1-x86_64-arm-none-eabi/bin/../lib/gcc/arm-none-eabi/14.3.1/../../../../arm-none-eabi/lib/thumb/v8-m.main+dp/hard/libg_nano.a(libc_a-lseekr.o)
                              /opt/arm-gnu-toolchain-14.3.rel1-x86_64-arm-none-eabi/bin/../lib/gcc/arm-none-eabi/14.3.1/../../../../arm-none-eabi/lib/thumb/v8-m.main+dp/hard/libg_nano.a(libc_a-stdio.o) (_lseek_r)
/opt/arm-gnu-toolchain-14.3.rel1-x86_64-arm-none-eabi/bin/../lib/gcc/arm-none-eabi/14.3.1/../../../../arm-none-eabi/lib/thumb/v8-m.main+dp/hard/libg_nano.a(libc_a-readr.o)
                              /opt/arm-gnu-toolchain-14.3.rel1-x86_64-arm-none-eabi/bin/../lib/gcc/arm-none-eabi/14.3.1/../../../../arm-none-eabi/lib/thumb/v8-m.main+dp/hard/libg_nano.a(libc_a-stdio.o) (_read_r)
[...]
Memory Configuration

Name             Origin             Length             Attributes
ROM              0x34180400         0x0003fc00         xrw
RAM              0x341c0000         0x00040000         xrw
*default*        0x00000000         0xffffffff

Linker script and memory map

LOAD /opt/arm-gnu-toolchain-14.3.rel1-x86_64-arm-none-eabi/bin/../lib/gcc/arm-none-eabi/14.3.1/thumb/v8-m.main+dp/hard/crti.o
LOAD /opt/arm-gnu-toolchain-14.3.rel1-x86_64-arm-none-eabi/bin/../lib/gcc/arm-none-eabi/14.3.1/thumb/v8-m.main+dp/hard/crtbegin.o
LOAD /opt/arm-gnu-toolchain-14.3.rel1-x86_64-arm-none-eabi/bin/../lib/gcc/arm-none-eabi/14.3.1/../../../../arm-none-eabi/lib/thumb/v8-m.main+dp/hard/crt0.o
LOAD CMakeFiles/STM32_Drivers.dir/Core/Src/system_stm32n6xx_fsbl.c.obj
LOAD CMakeFiles/STM32_Drivers.dir/home/bsgursta/Programming_Projects/LocalInference/mcu/local_inference/Drivers/STM32N6xx_HAL_Driver/Src/stm32n6xx_hal_cortex.c.obj
LOAD CMakeFiles/STM32_Drivers.dir/home/bsgursta/Programming_Projects/LocalInference/mcu/local_inference/Drivers/STM32N6xx_HAL_Driver/Src/stm32n6xx_hal_rcc.c.obj
LOAD CMakeFiles/STM32_Drivers.dir/home/bsgursta/Programming_Projects/LocalInference/mcu/local_inference/Drivers/STM32N6xx_HAL_Driver/Src/stm32n6xx_hal_rcc_ex.c.obj
LOAD CMakeFiles/STM32_Drivers.dir/home/bsgursta/Programming_Projects/LocalInference/mcu/local_inference/Drivers/STM32N6xx_HAL_Driver/Src/stm32n6xx_hal_gpio.c.obj
LOAD CMakeFiles/STM32_Drivers.dir/home/bsgursta/Programming_Projects/LocalInference/mcu/local_inference/Drivers/STM32N6xx_HAL_Driver/Src/stm32n6xx_hal_dma.c.obj
LOAD CMakeFiles/STM32_Drivers.dir/home/bsgursta/Programming_Projects/LocalInference/mcu/local_inference/Drivers/STM32N6xx_HAL_Driver/Src/stm32n6xx_hal_dma_ex.c.obj
LOAD CMakeFiles/STM32_Drivers.dir/home/bsgursta/Programming_Projects/LocalInference/mcu/local_inference/Drivers/STM32N6xx_HAL_Driver/Src/stm32n6xx_hal_pwr.c.obj
LOAD CMakeFiles/STM32_Drivers.dir/home/bsgursta/Programming_Projects/LocalInference/mcu/local_inference/Drivers/STM32N6xx_HAL_Driver/Src/stm32n6xx_hal_pwr_ex.c.obj
LOAD CMakeFiles/STM32_Drivers.dir/home/bsgursta/Programming_Projects/LocalInference/mcu/local_inference/Drivers/STM32N6xx_HAL_Driver/Src/stm32n6xx_hal.c.obj
LOAD CMakeFiles/STM32_Drivers.dir/home/bsgursta/Programming_Projects/LocalInference/mcu/local_inference/Drivers/STM32N6xx_HAL_Driver/Src/stm32n6xx_hal_exti.c.obj
LOAD CMakeFiles/STM32_Drivers.dir/home/bsgursta/Programming_Projects/LocalInference/mcu/local_inference/Drivers/STM32N6xx_HAL_Driver/Src/stm32n6xx_hal_usart.c.obj
LOAD CMakeFiles/STM32_Drivers.dir/home/bsgursta/Programming_Projects/LocalInference/mcu/local_inference/Drivers/STM32N6xx_HAL_Driver/Src/stm32n6xx_hal_usart_ex.c.obj
LOAD CMakeFiles/STM32_Drivers.dir/home/bsgursta/Programming_Projects/LocalInference/mcu/local_inference/Drivers/STM32N6xx_HAL_Driver/Src/stm32n6xx_hal_uart_ex.c.obj
LOAD CMakeFiles/STM32_Drivers.dir/home/bsgursta/Programming_Projects/LocalInference/mcu/local_inference/Drivers/STM32N6xx_HAL_Driver/Src/stm32n6xx_hal_uart.c.obj
LOAD CMakeFiles/STM32_Drivers.dir/home/bsgursta/Programming_Projects/LocalInference/mcu/local_inference/Drivers/BSP/STM32N6xx_Nucleo/stm32n6xx_nucleo.c.obj
LOAD CMakeFiles/local_inference_FSBL.dir/Core/Src/main.c.obj
LOAD CMakeFiles/local_inference_FSBL.dir/Core/Src/stm32n6xx_it.c.obj
LOAD CMakeFiles/local_inference_FSBL.dir/Core/Src/stm32n6xx_hal_msp.c.obj
LOAD CMakeFiles/local_inference_FSBL.dir/Core/Src/sysmem.c.obj
LOAD CMakeFiles/local_inference_FSBL.dir/Core/Src/syscalls.c.obj
LOAD CMakeFiles/local_inference_FSBL.dir/Core/Startup/startup_stm32n657xx_fsbl.s.obj
LOAD /opt/arm-gnu-toolchain-14.3.rel1-x86_64-arm-none-eabi/bin/../lib/gcc/arm-none-eabi/14.3.1/../../../../arm-none-eabi/lib/thumb/v8-m.main+dp/hard/libm.a
START GROUP
LOAD /opt/arm-gnu-toolchain-14.3.rel1-x86_64-arm-none-eabi/bin/../lib/gcc/arm-none-eabi/14.3.1/thumb/v8-m.main+dp/hard/libgcc.a
LOAD /opt/arm-gnu-toolchain-14.3.rel1-x86_64-arm-none-eabi/bin/../lib/gcc/arm-none-eabi/14.3.1/../../../../arm-none-eabi/lib/thumb/v8-m.main+dp/hard/libg_nano.a
LOAD /opt/arm-gnu-toolchain-14.3.rel1-x86_64-arm-none-eabi/bin/../lib/gcc/arm-none-eabi/14.3.1/../../../../arm-none-eabi/lib/thumb/v8-m.main+dp/hard/libc_nano.a
END GROUP
START GROUP
LOAD /opt/arm-gnu-toolchain-14.3.rel1-x86_64-arm-none-eabi/bin/../lib/gcc/arm-none-eabi/14.3.1/thumb/v8-m.main+dp/hard/libgcc.a
LOAD /opt/arm-gnu-toolchain-14.3.rel1-x86_64-arm-none-eabi/bin/../lib/gcc/arm-none-eabi/14.3.1/../../../../arm-none-eabi/lib/thumb/v8-m.main+dp/hard/libc_nano.a
END GROUP
LOAD /opt/arm-gnu-toolchain-14.3.rel1-x86_64-arm-none-eabi/bin/../lib/gcc/arm-none-eabi/14.3.1/thumb/v8-m.main+dp/hard/crtend.o
LOAD /opt/arm-gnu-toolchain-14.3.rel1-x86_64-arm-none-eabi/bin/../lib/gcc/arm-none-eabi/14.3.1/thumb/v8-m.main+dp/hard/crtn.o
                0x34200000                        _estack = (ORIGIN (RAM) + LENGTH (RAM))
                0x341ff800                        _sstack = (_estack - _Min_Stack_Size)
                0x00000200                        _Min_Heap_Size = 0x200
                0x00000800                        _Min_Stack_Size = 0x800

.isr_vector     0x34180400      0x34c
                0x34180400                        . = ALIGN (0x4)
 *(.isr_vector)
 .isr_vector    0x34180400      0x34c CMakeFiles/local_inference_FSBL.dir/Core/Startup/startup_stm32n657xx_fsbl.s.obj
                0x34180400                g_pfnVectors
                0x3418074c                        . = ALIGN (0x4)

.text           0x3418074c     0x8c98
                0x3418074c                        . = ALIGN (0x4)
 *(.text)
 .text          0x3418074c       0x30 /opt/arm-gnu-toolchain-14.3.rel1-x86_64-arm-none-eabi/bin/../lib/gcc/arm-none-eabi/14.3.1/thumb/v8-m.main+dp/hard/libgcc.a(_aeabi_uldivmod.o)
                0x3418074c                __aeabi_uldivmod
 .text          0x3418077c        0x4 /opt/arm-gnu-toolchain-14.3.rel1-x86_64-arm-none-eabi/bin/../lib/gcc/arm-none-eabi/14.3.1/thumb/v8-m.main+dp/hard/libgcc.a(_dvmd_tls.o)
                0x3418077c                __aeabi_ldiv0
                0x3418077c                __aeabi_idiv0
 *(.text*)
 .text.deregister_tm_clones
                0x34180780       0x1c /opt/arm-gnu-toolchain-14.3.rel1-x86_64-arm-none-eabi/bin/../lib/gcc/arm-none-eabi/14.3.1/thumb/v8-m.main+dp/hard/crtbegin.o
 .text.register_tm_clones
                0x3418079c       0x28 /opt/arm-gnu-toolchain-14.3.rel1-x86_64-arm-none-eabi/bin/../lib/gcc/arm-none-eabi/14.3.1/thumb/v8-m.main+dp/hard/crtbegin.o
 .text.__do_global_dtors_aux
                0x341807c4       0x28 /opt/arm-gnu-toolchain-14.3.rel1-x86_64-arm-none-eabi/bin/../lib/gcc/arm-none-eabi/14.3.1/thumb/v8-m.main+dp/hard/crtbegin.o
 .text.frame_dummy
                0x341807ec       0x24 /opt/arm-gnu-toolchain-14.3.rel1-x86_64-arm-none-eabi/bin/../lib/gcc/arm-none-eabi/14.3.1/thumb/v8-m.main+dp/hard/crtbegin.o
 .text.SystemInit
                0x34180810      0x218 CMakeFiles/STM32_Drivers.dir/Core/Src/system_stm32n6xx_fsbl.c.obj
                0x34180810                SystemInit
 .text.SystemCoreClockUpdate
                0x34180a28      0x350 CMakeFiles/STM32_Drivers.dir/Core/Src/system_stm32n6xx_fsbl.c.obj
                0x34180a28                SystemCoreClockUpdate
 .text.SECURE_SystemCoreClockUpdate
                0x34180d78       0x2c CMakeFiles/STM32_Drivers.dir/Core/Src/system_stm32n6xx_fsbl.c.obj
                0x34180d78                __acle_se_SECURE_SystemCoreClockUpdate
 .text.__NVIC_SetPriorityGrouping
                0x34180da4       0x48 CMakeFiles/STM32_Drivers.dir/home/bsgursta/Programming_Projects/LocalInference/mcu/local_inference/Drivers/STM32N6xx_HAL_Driver/Src/stm32n6xx_hal_cortex.c.obj
 .text.__NVIC_GetPriorityGrouping
                0x34180dec       0x1c CMakeFiles/STM32_Drivers.dir/home/bsgursta/Programming_Projects/LocalInference/mcu/local_inference/Drivers/STM32N6xx_HAL_Driver/Src/stm32n6xx_hal_cortex.c.obj
 .text.__NVIC_SetPriority
                0x34180e08       0x54 CMakeFiles/STM32_Drivers.dir/home/bsgursta/Programming_Projects/LocalInference/mcu/local_inference/Drivers/STM32N6xx_HAL_Driver/Src/stm32n6xx_hal_cortex.c.obj
 .text.NVIC_EncodePriority
                0x34180e5c       0x66 CMakeFiles/STM32_Drivers.dir/home/bsgursta/Programming_Projects/LocalInference/mcu/local_inference/Drivers/STM32N6xx_HAL_Driver/Src/stm32n6xx_hal_cortex.c.obj
 *fill*         0x34180ec2        0x2 
 .text.SysTick_Config
                0x34180ec4       0x44 CMakeFiles/STM32_Drivers.dir/home/bsgursta/Programming_Projects/LocalInference/mcu/local_inference/Drivers/STM32N6xx_HAL_Driver/Src/stm32n6xx_hal_cortex.c.obj
 .text.HAL_NVIC_SetPriorityGrouping
                0x34180f08       0x16 CMakeFiles/STM32_Drivers.dir/home/bsgursta/Programming_Projects/LocalInference/mcu/local_inference/Drivers/STM32N6xx_HAL_Driver/Src/stm32n6xx_hal_cortex.c.obj
                0x34180f08                HAL_NVIC_SetPriorityGrouping
 .text.HAL_NVIC_SetPriority
                0x34180f1e       0x3a CMakeFiles/STM32_Drivers.dir/home/bsgursta/Programming_Projects/LocalInference/mcu/local_inference/Drivers/STM32N6xx_HAL_Driver/Src/stm32n6xx_hal_cortex.c.obj
                0x34180f1e                HAL_NVIC_SetPriority
 .text.HAL_SYSTICK_Config
                0x34180f58       0x18 CMakeFiles/STM32_Drivers.dir/home/bsgursta/Programming_Projects/LocalInference/mcu/local_inference/Drivers/STM32N6xx_HAL_Driver/Src/stm32n6xx_hal_cortex.c.obj
                0x34180f58                HAL_SYSTICK_Config
 .text.LL_RCC_HSE_IsReady
                0x34180f70       0x24 CMakeFiles/STM32_Drivers.dir/home/bsgursta/Programming_Projects/LocalInference/mcu/local_inference/Drivers/STM32N6xx_HAL_Driver/Src/stm32n6xx_hal_rcc.c.obj
 .text.LL_RCC_HSI_Enable
                0x34180f94       0x1c CMakeFiles/STM32_Drivers.dir/home/bsgursta/Programming_Projects/LocalInference/mcu/local_inference/Drivers/STM32N6xx_HAL_Driver/Src/stm32n6xx_hal_rcc.c.obj
 .text.LL_RCC_HSI_Disable
                0x34180fb0       0x20 CMakeFiles/STM32_Drivers.dir/home/bsgursta/Programming_Projects/LocalInference/mcu/local_inference/Drivers/STM32N6xx_HAL_Driver/Src/stm32n6xx_hal_rcc.c.obj
 .text.LL_RCC_HSI_IsReady
                0x34180fd0       0x24 CMakeFiles/STM32_Drivers.dir/home/bsgursta/Programming_Projects/LocalInference/mcu/local_inference/Drivers/STM32N6xx_HAL_Driver/Src/stm32n6xx_hal_rcc.c.obj
 .text.LL_RCC_HSI_SetDivider
                0x34180ff4       0x28 CMakeFiles/STM32_Drivers.dir/home/bsgursta/Programming_Projects/LocalInference/mcu/local_inference/Drivers/STM32N6xx_HAL_Driver/Src/stm32n6xx_hal_rcc.c.obj
 .text.LL_RCC_HSI_GetDivider
                0x3418101c       0x1c CMakeFiles/STM32_Drivers.dir/home/bsgursta/Programming_Projects/LocalInference/mcu/local_inference/Drivers/STM32N6xx_HAL_Driver/Src/stm32n6xx_hal_rcc.c.obj
 .text.LL_RCC_HSI_SetCalibTrimming
                0x34181038       0x2c CMakeFiles/STM32_Drivers.dir/home/bsgursta/Programming_Projects/LocalInference/mcu/local_inference/Drivers/STM32N6xx_HAL_Driver/Src/stm32n6xx_hal_rcc.c.obj
 .text.LL_RCC_MSI_Enable
                0x34181064       0x1c CMakeFiles/STM32_Drivers.dir/home/bsgursta/Programming_Projects/LocalInference/mcu/local_inference/Drivers/STM32N6xx_HAL_Driver/Src/stm32n6xx_hal_rcc.c.obj
 .text.LL_RCC_MSI_Disable
                0x34181080       0x20 CMakeFiles/STM32_Drivers.dir/home/bsgursta/Programming_Projects/LocalInference/mcu/local_inference/Drivers/STM32N6xx_HAL_Driver/Src/stm32n6xx_hal_rcc.c.obj
 .text.LL_RCC_MSI_IsReady
                0x341810a0       0x24 CMakeFiles/STM32_Drivers.dir/home/bsgursta/Programming_Projects/LocalInference/mcu/local_inference/Drivers/STM32N6xx_HAL_Driver/Src/stm32n6xx_hal_rcc.c.obj
 .text.LL_RCC_MSI_SetFrequency
                0x341810c4       0x28 CMakeFiles/STM32_Drivers.dir/home/bsgursta/Programming_Projects/LocalInference/mcu/local_inference/Drivers/STM32N6xx_HAL_Driver/Src/stm32n6xx_hal_rcc.c.obj
 .text.LL_RCC_MSI_SetCalibTrimming
                0x341810ec       0x2c CMakeFiles/STM32_Drivers.dir/home/bsgursta/Programming_Projects/LocalInference/mcu/local_inference/Drivers/STM32N6xx_HAL_Driver/Src/stm32n6xx_hal_rcc.c.obj
 .text.LL_RCC_LSE_IsReady
                0x34181118       0x24 CMakeFiles/STM32_Drivers.dir/home/bsgursta/Programming_Projects/LocalInference/mcu/local_inference/Drivers/STM32N6xx_HAL_Driver/Src/stm32n6xx_hal_rcc.c.obj
 .text.LL_RCC_LSI_Enable
                0x3418113c       0x1c CMakeFiles/STM32_Drivers.dir/home/bsgursta/Programming_Projects/LocalInference/mcu/local_inference/Drivers/STM32N6xx_HAL_Driver/Src/stm32n6xx_hal_rcc.c.obj
 .text.LL_RCC_LSI_Disable
                0x34181158       0x20 CMakeFiles/STM32_Drivers.dir/home/bsgursta/Programming_Projects/LocalInference/mcu/local_inference/Drivers/STM32N6xx_HAL_Driver/Src/stm32n6xx_hal_rcc.c.obj
 .text.LL_RCC_LSI_IsReady
                0x34181178       0x1c CMakeFiles/STM32_Drivers.dir/home/bsgursta/Programming_Projects/LocalInference/mcu/local_inference/Drivers/STM32N6xx_HAL_Driver/Src/stm32n6xx_hal_rcc.c.obj
 .text.LL_RCC_GetCpuClkSource
                0x34181194       0x1c CMakeFiles/STM32_Drivers.dir/home/bsgursta/Programming_Projects/LocalInference/mcu/local_inference/Drivers/STM32N6xx_HAL_Driver/Src/stm32n6xx_hal_rcc.c.obj
 .text.LL_RCC_GetSysClkSource
                0x341811b0       0x1c CMakeFiles/STM32_Drivers.dir/home/bsgursta/Programming_Projects/LocalInference/mcu/local_inference/Drivers/STM32N6xx_HAL_Driver/Src/stm32n6xx_hal_rcc.c.obj
 .text.LL_RCC_PLL1_GetSource
                0x341811cc       0x1c CMakeFiles/STM32_Drivers.dir/home/bsgursta/Programming_Projects/LocalInference/mcu/local_inference/Drivers/STM32N6xx_HAL_Driver/Src/stm32n6xx_hal_rcc.c.obj
 .text.LL_RCC_PLL1_IsReady
                0x341811e8       0x28 CMakeFiles/STM32_Drivers.dir/home/bsgursta/Programming_Projects/LocalInference/mcu/local_inference/Drivers/STM32N6xx_HAL_Driver/Src/stm32n6xx_hal_rcc.c.obj
 .text.LL_RCC_PLL1_IsEnabledBypass
                0x34181210       0x28 CMakeFiles/STM32_Drivers.dir/home/bsgursta/Programming_Projects/LocalInference/mcu/local_inference/Drivers/STM32N6xx_HAL_Driver/Src/stm32n6xx_hal_rcc.c.obj
 .text.LL_RCC_PLL2_GetSource
                0x34181238       0x1c CMakeFiles/STM32_Drivers.dir/home/bsgursta/Programming_Projects/LocalInference/mcu/local_inference/Drivers/STM32N6xx_HAL_Driver/Src/stm32n6xx_hal_rcc.c.obj
 .text.LL_RCC_PLL2_IsReady
                0x34181254       0x28 CMakeFiles/STM32_Drivers.dir/home/bsgursta/Programming_Projects/LocalInference/mcu/local_inference/Drivers/STM32N6xx_HAL_Driver/Src/stm32n6xx_hal_rcc.c.obj
 .text.LL_RCC_PLL2_IsEnabledBypass
                0x3418127c       0x28 CMakeFiles/STM32_Drivers.dir/home/bsgursta/Programming_Projects/LocalInference/mcu/local_inference/Drivers/STM32N6xx_HAL_Driver/Src/stm32n6xx_hal_rcc.c.obj
 .text.LL_RCC_PLL3_GetSource
                0x341812a4       0x1c CMakeFiles/STM32_Drivers.dir/home/bsgursta/Programming_Projects/LocalInference/mcu/local_inference/Drivers/STM32N6xx_HAL_Driver/Src/stm32n6xx_hal_rcc.c.obj
 .text.LL_RCC_PLL3_IsReady
                0x341812c0       0x28 CMakeFiles/STM32_Drivers.dir/home/bsgursta/Programming_Projects/LocalInference/mcu/local_inference/Drivers/STM32N6xx_HAL_Driver/Src/stm32n6xx_hal_rcc.c.obj
 .text.LL_RCC_PLL3_IsEnabledBypass
                0x341812e8       0x28 CMakeFiles/STM32_Drivers.dir/home/bsgursta/Programming_Projects/LocalInference/mcu/local_inference/Drivers/STM32N6xx_HAL_Driver/Src/stm32n6xx_hal_rcc.c.obj
 .text.LL_RCC_PLL4_GetSource
                0x34181310       0x1c CMakeFiles/STM32_Drivers.dir/home/bsgursta/Programming_Projects/LocalInference/mcu/local_inference/Drivers/STM32N6xx_HAL_Driver/Src/stm32n6xx_hal_rcc.c.obj
 .text.LL_RCC_PLL4_IsReady
                0x3418132c       0x28 CMakeFiles/STM32_Drivers.dir/home/bsgursta/Programming_Projects/LocalInference/mcu/local_inference/Drivers/STM32N6xx_HAL_Driver/Src/stm32n6xx_hal_rcc.c.obj
 .text.LL_RCC_PLL4_IsEnabledBypass
                0x34181354       0x28 CMakeFiles/STM32_Drivers.dir/home/bsgursta/Programming_Projects/LocalInference/mcu/local_inference/Drivers/STM32N6xx_HAL_Driver/Src/stm32n6xx_hal_rcc.c.obj
 .text.LL_RCC_IC1_Enable
                0x3418137c       0x1c CMakeFiles/STM32_Drivers.dir/home/bsgursta/Programming_Projects/LocalInference/mcu/local_inference/Drivers/STM32N6xx_HAL_Driver/Src/stm32n6xx_hal_rcc.c.obj
 .text.LL_RCC_IC1_GetSource
                0x34181398       0x1c CMakeFiles/STM32_Drivers.dir/home/bsgursta/Programming_Projects/LocalInference/mcu/local_inference/Drivers/STM32N6xx_HAL_Driver/Src/stm32n6xx_hal_rcc.c.obj
 .text.LL_RCC_IC1_GetDivider
                0x341813b4       0x20 CMakeFiles/STM32_Drivers.dir/home/bsgursta/Programming_Projects/LocalInference/mcu/local_inference/Drivers/STM32N6xx_HAL_Driver/Src/stm32n6xx_hal_rcc.c.obj
 .text.LL_RCC_IC2_GetSource
                0x341813d4       0x1c CMakeFiles/STM32_Drivers.dir/home/bsgursta/Programming_Projects/LocalInference/mcu/local_inference/Drivers/STM32N6xx_HAL_Driver/Src/stm32n6xx_hal_rcc.c.obj
 .text.LL_RCC_IC2_GetDivider
                0x341813f0       0x20 CMakeFiles/STM32_Drivers.dir/home/bsgursta/Programming_Projects/LocalInference/mcu/local_inference/Drivers/STM32N6xx_HAL_Driver/Src/stm32n6xx_hal_rcc.c.obj
 .text.LL_RCC_IC6_GetSource
                0x34181410       0x1c CMakeFiles/STM32_Drivers.dir/home/bsgursta/Programming_Projects/LocalInference/mcu/local_inference/Drivers/STM32N6xx_HAL_Driver/Src/stm32n6xx_hal_rcc.c.obj
 .text.LL_RCC_IC11_GetSource
                0x3418142c       0x1c CMakeFiles/STM32_Drivers.dir/home/bsgursta/Programming_Projects/LocalInference/mcu/local_inference/Drivers/STM32N6xx_HAL_Driver/Src/stm32n6xx_hal_rcc.c.obj
 .text.HAL_RCC_OscConfig
                0x34181448      0x7c0 CMakeFiles/STM32_Drivers.dir/home/bsgursta/Programming_Projects/LocalInference/mcu/local_inference/Drivers/STM32N6xx_HAL_Driver/Src/stm32n6xx_hal_rcc.c.obj
                0x34181448                HAL_RCC_OscConfig
 .text.HAL_RCC_ClockConfig
                0x34181c08      0x408 CMakeFiles/STM32_Drivers.dir/home/bsgursta/Programming_Projects/LocalInference/mcu/local_inference/Drivers/STM32N6xx_HAL_Driver/Src/stm32n6xx_hal_rcc.c.obj
                0x34181c08                HAL_RCC_ClockConfig
 .text.HAL_RCC_GetCpuClockFreq
                0x34182010      0x100 CMakeFiles/STM32_Drivers.dir/home/bsgursta/Programming_Projects/LocalInference/mcu/local_inference/Drivers/STM32N6xx_HAL_Driver/Src/stm32n6xx_hal_rcc.c.obj
                0x34182010                HAL_RCC_GetCpuClockFreq
 .text.HAL_RCC_GetSysClockFreq
                0x34182110       0x1e CMakeFiles/STM32_Drivers.dir/home/bsgursta/Programming_Projects/LocalInference/mcu/local_inference/Drivers/STM32N6xx_HAL_Driver/Src/stm32n6xx_hal_rcc.c.obj
                0x34182110                HAL_RCC_GetSysClockFreq
 *fill*         0x3418212e        0x2 
 .text.HAL_RCC_GetClockConfig
                0x34182130       0xec CMakeFiles/STM32_Drivers.dir/home/bsgursta/Programming_Projects/LocalInference/mcu/local_inference/Drivers/STM32N6xx_HAL_Driver/Src/stm32n6xx_hal_rcc.c.obj
                0x34182130                HAL_RCC_GetClockConfig
 .text.RCC_GetSysClockFreq
                0x3418221c      0x104 CMakeFiles/STM32_Drivers.dir/home/bsgursta/Programming_Projects/LocalInference/mcu/local_inference/Drivers/STM32N6xx_HAL_Driver/Src/stm32n6xx_hal_rcc.c.obj
 .text.RCC_PLL_Config
                0x34182320      0x260 CMakeFiles/STM32_Drivers.dir/home/bsgursta/Programming_Projects/LocalInference/mcu/local_inference/Drivers/STM32N6xx_HAL_Driver/Src/stm32n6xx_hal_rcc.c.obj
 .text.RCC_PLL_Enable
                0x34182580       0x58 CMakeFiles/STM32_Drivers.dir/home/bsgursta/Programming_Projects/LocalInference/mcu/local_inference/Drivers/STM32N6xx_HAL_Driver/Src/stm32n6xx_hal_rcc.c.obj
 .text.RCC_PLL_IsNewConfig
                0x341825d8       0xf4 CMakeFiles/STM32_Drivers.dir/home/bsgursta/Programming_Projects/LocalInference/mcu/local_inference/Drivers/STM32N6xx_HAL_Driver/Src/stm32n6xx_hal_rcc.c.obj
 .text.RCC_PLL_Source_IsReady
                0x341826cc       0x74 CMakeFiles/STM32_Drivers.dir/home/bsgursta/Programming_Projects/LocalInference/mcu/local_inference/Drivers/STM32N6xx_HAL_Driver/Src/stm32n6xx_hal_rcc.c.obj
 .text.RCC_IC_CheckPLLSources
                0x34182740      0x170 CMakeFiles/STM32_Drivers.dir/home/bsgursta/Programming_Projects/LocalInference/mcu/local_inference/Drivers/STM32N6xx_HAL_Driver/Src/stm32n6xx_hal_rcc.c.obj
 .text.LL_RCC_HSE_IsSelectedHSEDiv2AsDiv2Clock
                0x341828b0       0x24 CMakeFiles/STM32_Drivers.dir/home/bsgursta/Programming_Projects/LocalInference/mcu/local_inference/Drivers/STM32N6xx_HAL_Driver/Src/stm32n6xx_hal_rcc_ex.c.obj
 .text.LL_RCC_HSE_IsReady
                0x341828d4       0x24 CMakeFiles/STM32_Drivers.dir/home/bsgursta/Programming_Projects/LocalInference/mcu/local_inference/Drivers/STM32N6xx_HAL_Driver/Src/stm32n6xx_hal_rcc_ex.c.obj
 .text.LL_RCC_HSI_IsReady
                0x341828f8       0x24 CMakeFiles/STM32_Drivers.dir/home/bsgursta/Programming_Projects/LocalInference/mcu/local_inference/Drivers/STM32N6xx_HAL_Driver/Src/stm32n6xx_hal_rcc_ex.c.obj
 .text.LL_RCC_HSI_GetDivider
                0x3418291c       0x1c CMakeFiles/STM32_Drivers.dir/home/bsgursta/Programming_Projects/LocalInference/mcu/local_inference/Drivers/STM32N6xx_HAL_Driver/Src/stm32n6xx_hal_rcc_ex.c.obj
 .text.LL_RCC_MSI_IsReady
                0x34182938       0x24 CMakeFiles/STM32_Drivers.dir/home/bsgursta/Programming_Projects/LocalInference/mcu/local_inference/Drivers/STM32N6xx_HAL_Driver/Src/stm32n6xx_hal_rcc_ex.c.obj
 .text.LL_RCC_MSI_GetFrequency
                0x3418295c       0x1c CMakeFiles/STM32_Drivers.dir/home/bsgursta/Programming_Projects/LocalInference/mcu/local_inference/Drivers/STM32N6xx_HAL_Driver/Src/stm32n6xx_hal_rcc_ex.c.obj
 .text.LL_RCC_LSE_IsReady
                0x34182978       0x24 CMakeFiles/STM32_Drivers.dir/home/bsgursta/Programming_Projects/LocalInference/mcu/local_inference/Drivers/STM32N6xx_HAL_Driver/Src/stm32n6xx_hal_rcc_ex.c.obj
 .text.LL_RCC_LSI_IsReady
                0x3418299c       0x1c CMakeFiles/STM32_Drivers.dir/home/bsgursta/Programming_Projects/LocalInference/mcu/local_inference/Drivers/STM32N6xx_HAL_Driver/Src/stm32n6xx_hal_rcc_ex.c.obj
 .text.LL_RCC_GetAHBPrescaler
                0x341829b8       0x1c CMakeFiles/STM32_Drivers.dir/home/bsgursta/Programming_Projects/LocalInference/mcu/local_inference/Drivers/STM32N6xx_HAL_Driver/Src/stm32n6xx_hal_rcc_ex.c.obj
 .text.LL_RCC_GetAPB1Prescaler
                0x341829d4       0x1c CMakeFiles/STM32_Drivers.dir/home/bsgursta/Programming_Projects/LocalInference/mcu/local_inference/Drivers/STM32N6xx_HAL_Driver/Src/stm32n6xx_hal_rcc_ex.c.obj
 .text.LL_RCC_GetAPB2Prescaler
                0x341829f0       0x1c CMakeFiles/STM32_Drivers.dir/home/bsgursta/Programming_Projects/LocalInference/mcu/local_inference/Drivers/STM32N6xx_HAL_Driver/Src/stm32n6xx_hal_rcc_ex.c.obj
 .text.LL_RCC_GetAPB4Prescaler
                0x34182a0c       0x1c CMakeFiles/STM32_Drivers.dir/home/bsgursta/Programming_Projects/LocalInference/mcu/local_inference/Drivers/STM32N6xx_HAL_Driver/Src/stm32n6xx_hal_rcc_ex.c.obj
 .text.LL_RCC_GetAPB5Prescaler
                0x34182a28       0x1c CMakeFiles/STM32_Drivers.dir/home/bsgursta/Programming_Projects/LocalInference/mcu/local_inference/Drivers/STM32N6xx_HAL_Driver/Src/stm32n6xx_hal_rcc_ex.c.obj
 .text.LL_RCC_GetADCPrescaler
                0x34182a44       0x1c CMakeFiles/STM32_Drivers.dir/home/bsgursta/Programming_Projects/LocalInference/mcu/local_inference/Drivers/STM32N6xx_HAL_Driver/Src/stm32n6xx_hal_rcc_ex.c.obj
 .text.LL_RCC_GetETH1PTPDivider
                0x34182a60       0x1c CMakeFiles/STM32_Drivers.dir/home/bsgursta/Programming_Projects/LocalInference/mcu/local_inference/Drivers/STM32N6xx_HAL_Driver/Src/stm32n6xx_hal_rcc_ex.c.obj
 .text.LL_RCC_GetClockSource
                0x34182a7c       0x4c CMakeFiles/STM32_Drivers.dir/home/bsgursta/Programming_Projects/LocalInference/mcu/local_inference/Drivers/STM32N6xx_HAL_Driver/Src/stm32n6xx_hal_rcc_ex.c.obj
 .text.LL_RCC_GetADCClockSource
                0x34182ac8       0x24 CMakeFiles/STM32_Drivers.dir/home/bsgursta/Programming_Projects/LocalInference/mcu/local_inference/Drivers/STM32N6xx_HAL_Driver/Src/stm32n6xx_hal_rcc_ex.c.obj
 .text.LL_RCC_GetADFClockSource
                0x34182aec       0x24 CMakeFiles/STM32_Drivers.dir/home/bsgursta/Programming_Projects/LocalInference/mcu/local_inference/Drivers/STM32N6xx_HAL_Driver/Src/stm32n6xx_hal_rcc_ex.c.obj
 .text.LL_RCC_GetCLKPClockSource
                0x34182b10       0x24 CMakeFiles/STM32_Drivers.dir/home/bsgursta/Programming_Projects/LocalInference/mcu/local_inference/Drivers/STM32N6xx_HAL_Driver/Src/stm32n6xx_hal_rcc_ex.c.obj
 .text.LL_RCC_GetDCMIPPClockSource
                0x34182b34       0x24 CMakeFiles/STM32_Drivers.dir/home/bsgursta/Programming_Projects/LocalInference/mcu/local_inference/Drivers/STM32N6xx_HAL_Driver/Src/stm32n6xx_hal_rcc_ex.c.obj
 .text.LL_RCC_GetETHClockSource
                0x34182b58       0x24 CMakeFiles/STM32_Drivers.dir/home/bsgursta/Programming_Projects/LocalInference/mcu/local_inference/Drivers/STM32N6xx_HAL_Driver/Src/stm32n6xx_hal_rcc_ex.c.obj
 .text.LL_RCC_GetETHPTPClockSource
                0x34182b7c       0x24 CMakeFiles/STM32_Drivers.dir/home/bsgursta/Programming_Projects/LocalInference/mcu/local_inference/Drivers/STM32N6xx_HAL_Driver/Src/stm32n6xx_hal_rcc_ex.c.obj
 .text.LL_RCC_GetFDCANClockSource
                0x34182ba0       0x24 CMakeFiles/STM32_Drivers.dir/home/bsgursta/Programming_Projects/LocalInference/mcu/local_inference/Drivers/STM32N6xx_HAL_Driver/Src/stm32n6xx_hal_rcc_ex.c.obj
 .text.LL_RCC_GetFMCClockSource
                0x34182bc4       0x24 CMakeFiles/STM32_Drivers.dir/home/bsgursta/Programming_Projects/LocalInference/mcu/local_inference/Drivers/STM32N6xx_HAL_Driver/Src/stm32n6xx_hal_rcc_ex.c.obj
 .text.LL_RCC_GetI2CClockSource
                0x34182be8       0x18 CMakeFiles/STM32_Drivers.dir/home/bsgursta/Programming_Projects/LocalInference/mcu/local_inference/Drivers/STM32N6xx_HAL_Driver/Src/stm32n6xx_hal_rcc_ex.c.obj
 .text.LL_RCC_GetI3CClockSource
                0x34182c00       0x18 CMakeFiles/STM32_Drivers.dir/home/bsgursta/Programming_Projects/LocalInference/mcu/local_inference/Drivers/STM32N6xx_HAL_Driver/Src/stm32n6xx_hal_rcc_ex.c.obj
 .text.LL_RCC_GetLPTIMClockSource
                0x34182c18       0x18 CMakeFiles/STM32_Drivers.dir/home/bsgursta/Programming_Projects/LocalInference/mcu/local_inference/Drivers/STM32N6xx_HAL_Driver/Src/stm32n6xx_hal_rcc_ex.c.obj
 .text.LL_RCC_GetLPUARTClockSource
                0x34182c30       0x24 CMakeFiles/STM32_Drivers.dir/home/bsgursta/Programming_Projects/LocalInference/mcu/local_inference/Drivers/STM32N6xx_HAL_Driver/Src/stm32n6xx_hal_rcc_ex.c.obj
 .text.LL_RCC_GetLTDCClockSource
                0x34182c54       0x24 CMakeFiles/STM32_Drivers.dir/home/bsgursta/Programming_Projects/LocalInference/mcu/local_inference/Drivers/STM32N6xx_HAL_Driver/Src/stm32n6xx_hal_rcc_ex.c.obj
 .text.LL_RCC_GetMDFClockSource
                0x34182c78       0x24 CMakeFiles/STM32_Drivers.dir/home/bsgursta/Programming_Projects/LocalInference/mcu/local_inference/Drivers/STM32N6xx_HAL_Driver/Src/stm32n6xx_hal_rcc_ex.c.obj
 .text.LL_RCC_GetPSSIClockSource
                0x34182c9c       0x24 CMakeFiles/STM32_Drivers.dir/home/bsgursta/Programming_Projects/LocalInference/mcu/local_inference/Drivers/STM32N6xx_HAL_Driver/Src/stm32n6xx_hal_rcc_ex.c.obj
 .text.LL_RCC_GetSAIClockSource
                0x34182cc0       0x18 CMakeFiles/STM32_Drivers.dir/home/bsgursta/Programming_Projects/LocalInference/mcu/local_inference/Drivers/STM32N6xx_HAL_Driver/Src/stm32n6xx_hal_rcc_ex.c.obj
 .text.LL_RCC_GetSDMMCClockSource
                0x34182cd8       0x18 CMakeFiles/STM32_Drivers.dir/home/bsgursta/Programming_Projects/LocalInference/mcu/local_inference/Drivers/STM32N6xx_HAL_Driver/Src/stm32n6xx_hal_rcc_ex.c.obj
 .text.LL_RCC_GetSPDIFRXClockSource
                0x34182cf0       0x24 CMakeFiles/STM32_Drivers.dir/home/bsgursta/Programming_Projects/LocalInference/mcu/local_inference/Drivers/STM32N6xx_HAL_Driver/Src/stm32n6xx_hal_rcc_ex.c.obj
 .text.LL_RCC_GetSPIClockSource
                0x34182d14       0x18 CMakeFiles/STM32_Drivers.dir/home/bsgursta/Programming_Projects/LocalInference/mcu/local_inference/Drivers/STM32N6xx_HAL_Driver/Src/stm32n6xx_hal_rcc_ex.c.obj
 .text.LL_RCC_GetUSARTClockSource
                0x34182d2c       0x18 CMakeFiles/STM32_Drivers.dir/home/bsgursta/Programming_Projects/LocalInference/mcu/local_inference/Drivers/STM32N6xx_HAL_Driver/Src/stm32n6xx_hal_rcc_ex.c.obj
 .text.LL_RCC_GetUARTClockSource
                0x34182d44       0x18 CMakeFiles/STM32_Drivers.dir/home/bsgursta/Programming_Projects/LocalInference/mcu/local_inference/Drivers/STM32N6xx_HAL_Driver/Src/stm32n6xx_hal_rcc_ex.c.obj
 .text.LL_RCC_GetUSBClockSource
                0x34182d5c       0x18 CMakeFiles/STM32_Drivers.dir/home/bsgursta/Programming_Projects/LocalInference/mcu/local_inference/Drivers/STM32N6xx_HAL_Driver/Src/stm32n6xx_hal_rcc_ex.c.obj
 .text.LL_RCC_GetXSPIClockSource
                0x34182d74       0x18 CMakeFiles/STM32_Drivers.dir/home/bsgursta/Programming_Projects/LocalInference/mcu/local_inference/Drivers/STM32N6xx_HAL_Driver/Src/stm32n6xx_hal_rcc_ex.c.obj
 .text.LL_RCC_GetRTCClockSource
                0x34182d8c       0x1c CMakeFiles/STM32_Drivers.dir/home/bsgursta/Programming_Projects/LocalInference/mcu/local_inference/Drivers/STM32N6xx_HAL_Driver/Src/stm32n6xx_hal_rcc_ex.c.obj
 .text.LL_RCC_GetTIMPrescaler
                0x34182da8       0x1c CMakeFiles/STM32_Drivers.dir/home/bsgursta/Programming_Projects/LocalInference/mcu/local_inference/Drivers/STM32N6xx_HAL_Driver/Src/stm32n6xx_hal_rcc_ex.c.obj
 .text.LL_RCC_PLL1_GetSource
                0x34182dc4       0x1c CMakeFiles/STM32_Drivers.dir/home/bsgursta/Programming_Projects/LocalInference/mcu/local_inference/Drivers/STM32N6xx_HAL_Driver/Src/stm32n6xx_hal_rcc_ex.c.obj
 .text.LL_RCC_PLL1_IsReady
                0x34182de0       0x28 CMakeFiles/STM32_Drivers.dir/home/bsgursta/Programming_Projects/LocalInference/mcu/local_inference/Drivers/STM32N6xx_HAL_Driver/Src/stm32n6xx_hal_rcc_ex.c.obj
 .text.LL_RCC_PLL1_IsEnabledBypass
                0x34182e08       0x28 CMakeFiles/STM32_Drivers.dir/home/bsgursta/Programming_Projects/LocalInference/mcu/local_inference/Drivers/STM32N6xx_HAL_Driver/Src/stm32n6xx_hal_rcc_ex.c.obj
 .text.LL_RCC_PLL1_GetN
                0x34182e30       0x20 CMakeFiles/STM32_Drivers.dir/home/bsgursta/Programming_Projects/LocalInference/mcu/local_inference/Drivers/STM32N6xx_HAL_Driver/Src/stm32n6xx_hal_rcc_ex.c.obj
 .text.LL_RCC_PLL1_GetM
                0x34182e50       0x20 CMakeFiles/STM32_Drivers.dir/home/bsgursta/Programming_Projects/LocalInference/mcu/local_inference/Drivers/STM32N6xx_HAL_Driver/Src/stm32n6xx_hal_rcc_ex.c.obj
 .text.LL_RCC_PLL1_GetP1
                0x34182e70       0x20 CMakeFiles/STM32_Drivers.dir/home/bsgursta/Programming_Projects/LocalInference/mcu/local_inference/Drivers/STM32N6xx_HAL_Driver/Src/stm32n6xx_hal_rcc_ex.c.obj
 .text.LL_RCC_PLL1_GetP2
                0x34182e90       0x20 CMakeFiles/STM32_Drivers.dir/home/bsgursta/Programming_Projects/LocalInference/mcu/local_inference/Drivers/STM32N6xx_HAL_Driver/Src/stm32n6xx_hal_rcc_ex.c.obj
 .text.LL_RCC_PLL1P_IsEnabled
                0x34182eb0       0x28 CMakeFiles/STM32_Drivers.dir/home/bsgursta/Programming_Projects/LocalInference/mcu/local_inference/Drivers/STM32N6xx_HAL_Driver/Src/stm32n6xx_hal_rcc_ex.c.obj
 .text.LL_RCC_PLL1_GetFRACN
                0x34182ed8       0x1c CMakeFiles/STM32_Drivers.dir/home/bsgursta/Programming_Projects/LocalInference/mcu/local_inference/Drivers/STM32N6xx_HAL_Driver/Src/stm32n6xx_hal_rcc_ex.c.obj
 .text.LL_RCC_PLL2_GetSource
                0x34182ef4       0x1c CMakeFiles/STM32_Drivers.dir/home/bsgursta/Programming_Projects/LocalInference/mcu/local_inference/Drivers/STM32N6xx_HAL_Driver/Src/stm32n6xx_hal_rcc_ex.c.obj
 .text.LL_RCC_PLL2_IsReady
                0x34182f10       0x28 CMakeFiles/STM32_Drivers.dir/home/bsgursta/Programming_Projects/LocalInference/mcu/local_inference/Drivers/STM32N6xx_HAL_Driver/Src/stm32n6xx_hal_rcc_ex.c.obj
 .text.LL_RCC_PLL2_IsEnabledBypass
                0x34182f38       0x28 CMakeFiles/STM32_Drivers.dir/home/bsgursta/Programming_Projects/LocalInference/mcu/local_inference/Drivers/STM32N6xx_HAL_Driver/Src/stm32n6xx_hal_rcc_ex.c.obj
 .text.LL_RCC_PLL2_GetN
                0x34182f60       0x20 CMakeFiles/STM32_Drivers.dir/home/bsgursta/Programming_Projects/LocalInference/mcu/local_inference/Drivers/STM32N6xx_HAL_Driver/Src/stm32n6xx_hal_rcc_ex.c.obj
 .text.LL_RCC_PLL2_GetM
                0x34182f80       0x20 CMakeFiles/STM32_Drivers.dir/home/bsgursta/Programming_Projects/LocalInference/mcu/local_inference/Drivers/STM32N6xx_HAL_Driver/Src/stm32n6xx_hal_rcc_ex.c.obj
 .text.LL_RCC_PLL2_GetP1
                0x34182fa0       0x20 CMakeFiles/STM32_Drivers.dir/home/bsgursta/Programming_Projects/LocalInference/mcu/local_inference/Drivers/STM32N6xx_HAL_Driver/Src/stm32n6xx_hal_rcc_ex.c.obj
 .text.LL_RCC_PLL2_GetP2
                0x34182fc0       0x20 CMakeFiles/STM32_Drivers.dir/home/bsgursta/Programming_Projects/LocalInference/mcu/local_inference/Drivers/STM32N6xx_HAL_Driver/Src/stm32n6xx_hal_rcc_ex.c.obj
 .text.LL_RCC_PLL2P_IsEnabled
                0x34182fe0       0x28 CMakeFiles/STM32_Drivers.dir/home/bsgursta/Programming_Projects/LocalInference/mcu/local_inference/Drivers/STM32N6xx_HAL_Driver/Src/stm32n6xx_hal_rcc_ex.c.obj
 .text.LL_RCC_PLL2_GetFRACN
                0x34183008       0x1c CMakeFiles/STM32_Drivers.dir/home/bsgursta/Programming_Projects/LocalInference/mcu/local_inference/Drivers/STM32N6xx_HAL_Driver/Src/stm32n6xx_hal_rcc_ex.c.obj
 .text.LL_RCC_PLL3_GetSource
                0x34183024       0x1c CMakeFiles/STM32_Drivers.dir/home/bsgursta/Programming_Projects/LocalInference/mcu/local_inference/Drivers/STM32N6xx_HAL_Driver/Src/stm32n6xx_hal_rcc_ex.c.obj
 .text.LL_RCC_PLL3_IsReady
                0x34183040       0x28 CMakeFiles/STM32_Drivers.dir/home/bsgursta/Programming_Projects/LocalInference/mcu/local_inference/Drivers/STM32N6xx_HAL_Driver/Src/stm32n6xx_hal_rcc_ex.c.obj
 .text.LL_RCC_PLL3_IsEnabledBypass
                0x34183068       0x28 CMakeFiles/STM32_Drivers.dir/home/bsgursta/Programming_Projects/LocalInference/mcu/local_inference/Drivers/STM32N6xx_HAL_Driver/Src/stm32n6xx_hal_rcc_ex.c.obj
 .text.LL_RCC_PLL3_GetN
                0x34183090       0x20 CMakeFiles/STM32_Drivers.dir/home/bsgursta/Programming_Projects/LocalInference/mcu/local_inference/Drivers/STM32N6xx_HAL_Driver/Src/stm32n6xx_hal_rcc_ex.c.obj
 .text.LL_RCC_PLL3_GetM
                0x341830b0       0x20 CMakeFiles/STM32_Drivers.dir/home/bsgursta/Programming_Projects/LocalInference/mcu/local_inference/Drivers/STM32N6xx_HAL_Driver/Src/stm32n6xx_hal_rcc_ex.c.obj
 .text.LL_RCC_PLL3_GetP1
                0x341830d0       0x20 CMakeFiles/STM32_Drivers.dir/home/bsgursta/Programming_Projects/LocalInference/mcu/local_inference/Drivers/STM32N6xx_HAL_Driver/Src/stm32n6xx_hal_rcc_ex.c.obj
 .text.LL_RCC_PLL3_GetP2
                0x341830f0       0x20 CMakeFiles/STM32_Drivers.dir/home/bsgursta/Programming_Projects/LocalInference/mcu/local_inference/Drivers/STM32N6xx_HAL_Driver/Src/stm32n6xx_hal_rcc_ex.c.obj
 .text.LL_RCC_PLL3P_IsEnabled
                0x34183110       0x28 CMakeFiles/STM32_Drivers.dir/home/bsgursta/Programming_Projects/LocalInference/mcu/local_inference/Drivers/STM32N6xx_HAL_Driver/Src/stm32n6xx_hal_rcc_ex.c.obj
 .text.LL_RCC_PLL3_GetFRACN
                0x34183138       0x1c CMakeFiles/STM32_Drivers.dir/home/bsgursta/Programming_Projects/LocalInference/mcu/local_inference/Drivers/STM32N6xx_HAL_Driver/Src/stm32n6xx_hal_rcc_ex.c.obj
 .text.LL_RCC_PLL4_GetSource
                0x34183154       0x1c CMakeFiles/STM32_Drivers.dir/home/bsgursta/Programming_Projects/LocalInference/mcu/local_inference/Drivers/STM32N6xx_HAL_Driver/Src/stm32n6xx_hal_rcc_ex.c.obj
 .text.LL_RCC_PLL4_IsReady
                0x34183170       0x28 CMakeFiles/STM32_Drivers.dir/home/bsgursta/Programming_Projects/LocalInference/mcu/local_inference/Drivers/STM32N6xx_HAL_Driver/Src/stm32n6xx_hal_rcc_ex.c.obj
 .text.LL_RCC_PLL4_IsEnabledBypass
                0x34183198       0x28 CMakeFiles/STM32_Drivers.dir/home/bsgursta/Programming_Projects/LocalInference/mcu/local_inference/Drivers/STM32N6xx_HAL_Driver/Src/stm32n6xx_hal_rcc_ex.c.obj
 .text.LL_RCC_PLL4_GetN
                0x341831c0       0x20 CMakeFiles/STM32_Drivers.dir/home/bsgursta/Programming_Projects/LocalInference/mcu/local_inference/Drivers/STM32N6xx_HAL_Driver/Src/stm32n6xx_hal_rcc_ex.c.obj
 .text.LL_RCC_PLL4_GetM
                0x341831e0       0x20 CMakeFiles/STM32_Drivers.dir/home/bsgursta/Programming_Projects/LocalInference/mcu/local_inference/Drivers/STM32N6xx_HAL_Driver/Src/stm32n6xx_hal_rcc_ex.c.obj
 .text.LL_RCC_PLL4_GetP1
                0x34183200       0x20 CMakeFiles/STM32_Drivers.dir/home/bsgursta/Programming_Projects/LocalInference/mcu/local_inference/Drivers/STM32N6xx_HAL_Driver/Src/stm32n6xx_hal_rcc_ex.c.obj
 .text.LL_RCC_PLL4_GetP2
                0x34183220       0x20 CMakeFiles/STM32_Drivers.dir/home/bsgursta/Programming_Projects/LocalInference/mcu/local_inference/Drivers/STM32N6xx_HAL_Driver/Src/stm32n6xx_hal_rcc_ex.c.obj
 .text.LL_RCC_PLL4P_IsEnabled
                0x34183240       0x28 CMakeFiles/STM32_Drivers.dir/home/bsgursta/Programming_Projects/LocalInference/mcu/local_inference/Drivers/STM32N6xx_HAL_Driver/Src/stm32n6xx_hal_rcc_ex.c.obj
 .text.LL_RCC_PLL4_GetFRACN
                0x34183268       0x1c CMakeFiles/STM32_Drivers.dir/home/bsgursta/Programming_Projects/LocalInference/mcu/local_inference/Drivers/STM32N6xx_HAL_Driver/Src/stm32n6xx_hal_rcc_ex.c.obj
 .text.LL_RCC_IC3_IsEnabled
                0x34183284       0x28 CMakeFiles/STM32_Drivers.dir/home/bsgursta/Programming_Projects/LocalInference/mcu/local_inference/Drivers/STM32N6xx_HAL_Driver/Src/stm32n6xx_hal_rcc_ex.c.obj
 .text.LL_RCC_IC3_GetSource
                0x341832ac       0x1c CMakeFiles/STM32_Drivers.dir/home/bsgursta/Programming_Projects/LocalInference/mcu/local_inference/Drivers/STM32N6xx_HAL_Driver/Src/stm32n6xx_hal_rcc_ex.c.obj
 .text.LL_RCC_IC3_GetDivider
                0x341832c8       0x20 CMakeFiles/STM32_Drivers.dir/home/bsgursta/Programming_Projects/LocalInference/mcu/local_inference/Drivers/STM32N6xx_HAL_Driver/Src/stm32n6xx_hal_rcc_ex.c.obj
 .text.LL_RCC_IC4_IsEnabled
                0x341832e8       0x28 CMakeFiles/STM32_Drivers.dir/home/bsgursta/Programming_Projects/LocalInference/mcu/local_inference/Drivers/STM32N6xx_HAL_Driver/Src/stm32n6xx_hal_rcc_ex.c.obj
 .text.LL_RCC_IC4_GetSource
                0x34183310       0x1c CMakeFiles/STM32_Drivers.dir/home/bsgursta/Programming_Projects/LocalInference/mcu/local_inference/Drivers/STM32N6xx_HAL_Driver/Src/stm32n6xx_hal_rcc_ex.c.obj
 .text.LL_RCC_IC4_GetDivider
                0x3418332c       0x20 CMakeFiles/STM32_Drivers.dir/home/bsgursta/Programming_Projects/LocalInference/mcu/local_inference/Drivers/STM32N6xx_HAL_Driver/Src/stm32n6xx_hal_rcc_ex.c.obj
 .text.LL_RCC_IC5_IsEnabled
                0x3418334c       0x28 CMakeFiles/STM32_Drivers.dir/home/bsgursta/Programming_Projects/LocalInference/mcu/local_inference/Drivers/STM32N6xx_HAL_Driver/Src/stm32n6xx_hal_rcc_ex.c.obj
 .text.LL_RCC_IC5_GetSource
                0x34183374       0x1c CMakeFiles/STM32_Drivers.dir/home/bsgursta/Programming_Projects/LocalInference/mcu/local_inference/Drivers/STM32N6xx_HAL_Driver/Src/stm32n6xx_hal_rcc_ex.c.obj
 .text.LL_RCC_IC5_GetDivider
                0x34183390       0x20 CMakeFiles/STM32_Drivers.dir/home/bsgursta/Programming_Projects/LocalInference/mcu/local_inference/Drivers/STM32N6xx_HAL_Driver/Src/stm32n6xx_hal_rcc_ex.c.obj
 .text.LL_RCC_IC7_IsEnabled
                0x341833b0       0x28 CMakeFiles/STM32_Drivers.dir/home/bsgursta/Programming_Projects/LocalInference/mcu/local_inference/Drivers/STM32N6xx_HAL_Driver/Src/stm32n6xx_hal_rcc_ex.c.obj
 .text.LL_RCC_IC7_GetSource
                0x341833d8       0x1c CMakeFiles/STM32_Drivers.dir/home/bsgursta/Programming_Projects/LocalInference/mcu/local_inference/Drivers/STM32N6xx_HAL_Driver/Src/stm32n6xx_hal_rcc_ex.c.obj
 .text.LL_RCC_IC7_GetDivider
                0x341833f4       0x20 CMakeFiles/STM32_Drivers.dir/home/bsgursta/Programming_Projects/LocalInference/mcu/local_inference/Drivers/STM32N6xx_HAL_Driver/Src/stm32n6xx_hal_rcc_ex.c.obj
 .text.LL_RCC_IC8_IsEnabled
                0x34183414       0x28 CMakeFiles/STM32_Drivers.dir/home/bsgursta/Programming_Projects/LocalInference/mcu/local_inference/Drivers/STM32N6xx_HAL_Driver/Src/stm32n6xx_hal_rcc_ex.c.obj
 .text.LL_RCC_IC8_GetSource
                0x3418343c       0x1c CMakeFiles/STM32_Drivers.dir/home/bsgursta/Programming_Projects/LocalInference/mcu/local_inference/Drivers/STM32N6xx_HAL_Driver/Src/stm32n6xx_hal_rcc_ex.c.obj
 .text.LL_RCC_IC8_GetDivider
                0x34183458       0x20 CMakeFiles/STM32_Drivers.dir/home/bsgursta/Programming_Projects/LocalInference/mcu/local_inference/Drivers/STM32N6xx_HAL_Driver/Src/stm32n6xx_hal_rcc_ex.c.obj
 .text.LL_RCC_IC9_IsEnabled
                0x34183478       0x28 CMakeFiles/STM32_Drivers.dir/home/bsgursta/Programming_Projects/LocalInference/mcu/local_inference/Drivers/STM32N6xx_HAL_Driver/Src/stm32n6xx_hal_rcc_ex.c.obj
 .text.LL_RCC_IC9_GetSource
                0x341834a0       0x1c CMakeFiles/STM32_Drivers.dir/home/bsgursta/Programming_Projects/LocalInference/mcu/local_inference/Drivers/STM32N6xx_HAL_Driver/Src/stm32n6xx_hal_rcc_ex.c.obj
 .text.LL_RCC_IC9_GetDivider
                0x341834bc       0x20 CMakeFiles/STM32_Drivers.dir/home/bsgursta/Programming_Projects/LocalInference/mcu/local_inference/Drivers/STM32N6xx_HAL_Driver/Src/stm32n6xx_hal_rcc_ex.c.obj
 .text.LL_RCC_IC10_IsEnabled
                0x341834dc       0x28 CMakeFiles/STM32_Drivers.dir/home/bsgursta/Programming_Projects/LocalInference/mcu/local_inference/Drivers/STM32N6xx_HAL_Driver/Src/stm32n6xx_hal_rcc_ex.c.obj
 .text.LL_RCC_IC10_GetSource
                0x34183504       0x1c CMakeFiles/STM32_Drivers.dir/home/bsgursta/Programming_Projects/LocalInference/mcu/local_inference/Drivers/STM32N6xx_HAL_Driver/Src/stm32n6xx_hal_rcc_ex.c.obj
 .text.LL_RCC_IC10_GetDivider
                0x34183520       0x20 CMakeFiles/STM32_Drivers.dir/home/bsgursta/Programming_Projects/LocalInference/mcu/local_inference/Drivers/STM32N6xx_HAL_Driver/Src/stm32n6xx_hal_rcc_ex.c.obj
 .text.LL_RCC_IC12_IsEnabled
                0x34183540       0x28 CMakeFiles/STM32_Drivers.dir/home/bsgursta/Programming_Projects/LocalInference/mcu/local_inference/Drivers/STM32N6xx_HAL_Driver/Src/stm32n6xx_hal_rcc_ex.c.obj
 .text.LL_RCC_IC12_GetSource
                0x34183568       0x1c CMakeFiles/STM32_Drivers.dir/home/bsgursta/Programming_Projects/LocalInference/mcu/local_inference/Drivers/STM32N6xx_HAL_Driver/Src/stm32n6xx_hal_rcc_ex.c.obj
 .text.LL_RCC_IC12_GetDivider
                0x34183584       0x20 CMakeFiles/STM32_Drivers.dir/home/bsgursta/Programming_Projects/LocalInference/mcu/local_inference/Drivers/STM32N6xx_HAL_Driver/Src/stm32n6xx_hal_rcc_ex.c.obj
 .text.LL_RCC_IC13_IsEnabled
                0x341835a4       0x28 CMakeFiles/STM32_Drivers.dir/home/bsgursta/Programming_Projects/LocalInference/mcu/local_inference/Drivers/STM32N6xx_HAL_Driver/Src/stm32n6xx_hal_rcc_ex.c.obj
 .text.LL_RCC_IC13_GetSource
                0x341835cc       0x1c CMakeFiles/STM32_Drivers.dir/home/bsgursta/Programming_Projects/LocalInference/mcu/local_inference/Drivers/STM32N6xx_HAL_Driver/Src/stm32n6xx_hal_rcc_ex.c.obj
 .text.LL_RCC_IC13_GetDivider
                0x341835e8       0x20 CMakeFiles/STM32_Drivers.dir/home/bsgursta/Programming_Projects/LocalInference/mcu/local_inference/Drivers/STM32N6xx_HAL_Driver/Src/stm32n6xx_hal_rcc_ex.c.obj
 .text.LL_RCC_IC14_IsEnabled
                0x34183608       0x28 CMakeFiles/STM32_Drivers.dir/home/bsgursta/Programming_Projects/LocalInference/mcu/local_inference/Drivers/STM32N6xx_HAL_Driver/Src/stm32n6xx_hal_rcc_ex.c.obj
 .text.LL_RCC_IC14_GetSource
                0x34183630       0x1c CMakeFiles/STM32_Drivers.dir/home/bsgursta/Programming_Projects/LocalInference/mcu/local_inference/Drivers/STM32N6xx_HAL_Driver/Src/stm32n6xx_hal_rcc_ex.c.obj
 .text.LL_RCC_IC14_GetDivider
                0x3418364c       0x20 CMakeFiles/STM32_Drivers.dir/home/bsgursta/Programming_Projects/LocalInference/mcu/local_inference/Drivers/STM32N6xx_HAL_Driver/Src/stm32n6xx_hal_rcc_ex.c.obj
 .text.LL_RCC_IC15_IsEnabled
                0x3418366c       0x28 CMakeFiles/STM32_Drivers.dir/home/bsgursta/Programming_Projects/LocalInference/mcu/local_inference/Drivers/STM32N6xx_HAL_Driver/Src/stm32n6xx_hal_rcc_ex.c.obj
 .text.LL_RCC_IC15_GetSource
                0x34183694       0x1c CMakeFiles/STM32_Drivers.dir/home/bsgursta/Programming_Projects/LocalInference/mcu/local_inference/Drivers/STM32N6xx_HAL_Driver/Src/stm32n6xx_hal_rcc_ex.c.obj
 .text.LL_RCC_IC15_GetDivider
                0x341836b0       0x20 CMakeFiles/STM32_Drivers.dir/home/bsgursta/Programming_Projects/LocalInference/mcu/local_inference/Drivers/STM32N6xx_HAL_Driver/Src/stm32n6xx_hal_rcc_ex.c.obj
 .text.LL_RCC_IC16_IsEnabled
                0x341836d0       0x28 CMakeFiles/STM32_Drivers.dir/home/bsgursta/Programming_Projects/LocalInference/mcu/local_inference/Drivers/STM32N6xx_HAL_Driver/Src/stm32n6xx_hal_rcc_ex.c.obj
 .text.LL_RCC_IC16_GetSource
                0x341836f8       0x1c CMakeFiles/STM32_Drivers.dir/home/bsgursta/Programming_Projects/LocalInference/mcu/local_inference/Drivers/STM32N6xx_HAL_Driver/Src/stm32n6xx_hal_rcc_ex.c.obj
 .text.LL_RCC_IC16_GetDivider
                0x34183714       0x20 CMakeFiles/STM32_Drivers.dir/home/bsgursta/Programming_Projects/LocalInference/mcu/local_inference/Drivers/STM32N6xx_HAL_Driver/Src/stm32n6xx_hal_rcc_ex.c.obj
 .text.LL_RCC_IC17_IsEnabled
                0x34183734       0x28 CMakeFiles/STM32_Drivers.dir/home/bsgursta/Programming_Projects/LocalInference/mcu/local_inference/Drivers/STM32N6xx_HAL_Driver/Src/stm32n6xx_hal_rcc_ex.c.obj
 .text.LL_RCC_IC17_GetSource
                0x3418375c       0x1c CMakeFiles/STM32_Drivers.dir/home/bsgursta/Programming_Projects/LocalInference/mcu/local_inference/Drivers/STM32N6xx_HAL_Driver/Src/stm32n6xx_hal_rcc_ex.c.obj
 .text.LL_RCC_IC17_GetDivider
                0x34183778       0x20 CMakeFiles/STM32_Drivers.dir/home/bsgursta/Programming_Projects/LocalInference/mcu/local_inference/Drivers/STM32N6xx_HAL_Driver/Src/stm32n6xx_hal_rcc_ex.c.obj
 .text.LL_RCC_IC18_IsEnabled
                0x34183798       0x28 CMakeFiles/STM32_Drivers.dir/home/bsgursta/Programming_Projects/LocalInference/mcu/local_inference/Drivers/STM32N6xx_HAL_Driver/Src/stm32n6xx_hal_rcc_ex.c.obj
 .text.LL_RCC_IC18_GetSource
                0x341837c0       0x1c CMakeFiles/STM32_Drivers.dir/home/bsgursta/Programming_Projects/LocalInference/mcu/local_inference/Drivers/STM32N6xx_HAL_Driver/Src/stm32n6xx_hal_rcc_ex.c.obj
 .text.LL_RCC_IC18_GetDivider
                0x341837dc       0x20 CMakeFiles/STM32_Drivers.dir/home/bsgursta/Programming_Projects/LocalInference/mcu/local_inference/Drivers/STM32N6xx_HAL_Driver/Src/stm32n6xx_hal_rcc_ex.c.obj
 .text.LL_RCC_IC19_IsEnabled
                0x341837fc       0x28 CMakeFiles/STM32_Drivers.dir/home/bsgursta/Programming_Projects/LocalInference/mcu/local_inference/Drivers/STM32N6xx_HAL_Driver/Src/stm32n6xx_hal_rcc_ex.c.obj
 .text.LL_RCC_IC19_GetSource
                0x34183824       0x1c CMakeFiles/STM32_Drivers.dir/home/bsgursta/Programming_Projects/LocalInference/mcu/local_inference/Drivers/STM32N6xx_HAL_Driver/Src/stm32n6xx_hal_rcc_ex.c.obj
 .text.LL_RCC_IC19_GetDivider
                0x34183840       0x20 CMakeFiles/STM32_Drivers.dir/home/bsgursta/Programming_Projects/LocalInference/mcu/local_inference/Drivers/STM32N6xx_HAL_Driver/Src/stm32n6xx_hal_rcc_ex.c.obj
 .text.LL_RCC_IC20_IsEnabled
                0x34183860       0x28 CMakeFiles/STM32_Drivers.dir/home/bsgursta/Programming_Projects/LocalInference/mcu/local_inference/Drivers/STM32N6xx_HAL_Driver/Src/stm32n6xx_hal_rcc_ex.c.obj
 .text.LL_RCC_IC20_GetSource
                0x34183888       0x1c CMakeFiles/STM32_Drivers.dir/home/bsgursta/Programming_Projects/LocalInference/mcu/local_inference/Drivers/STM32N6xx_HAL_Driver/Src/stm32n6xx_hal_rcc_ex.c.obj
 .text.LL_RCC_IC20_GetDivider
                0x341838a4       0x20 CMakeFiles/STM32_Drivers.dir/home/bsgursta/Programming_Projects/LocalInference/mcu/local_inference/Drivers/STM32N6xx_HAL_Driver/Src/stm32n6xx_hal_rcc_ex.c.obj
 .text.LL_RCC_CLKP_IsEnabled
                0x341838c4       0x28 CMakeFiles/STM32_Drivers.dir/home/bsgursta/Programming_Projects/LocalInference/mcu/local_inference/Drivers/STM32N6xx_HAL_Driver/Src/stm32n6xx_hal_rcc_ex.c.obj
 .text.HAL_RCCEx_GetPeriphCLKFreq
                0x341838ec      0x938 CMakeFiles/STM32_Drivers.dir/home/bsgursta/Programming_Projects/LocalInference/mcu/local_inference/Drivers/STM32N6xx_HAL_Driver/Src/stm32n6xx_hal_rcc_ex.c.obj
                0x341838ec                HAL_RCCEx_GetPeriphCLKFreq
 .text.HAL_RCCEx_GetPLL1CLKFreq
                0x34184224       0x8c CMakeFiles/STM32_Drivers.dir/home/bsgursta/Programming_Projects/LocalInference/mcu/local_inference/Drivers/STM32N6xx_HAL_Driver/Src/stm32n6xx_hal_rcc_ex.c.obj
                0x34184224                HAL_RCCEx_GetPLL1CLKFreq
 .text.HAL_RCCEx_GetPLL2CLKFreq
                0x341842b0       0x8c CMakeFiles/STM32_Drivers.dir/home/bsgursta/Programming_Projects/LocalInference/mcu/local_inference/Drivers/STM32N6xx_HAL_Driver/Src/stm32n6xx_hal_rcc_ex.c.obj
                0x341842b0                HAL_RCCEx_GetPLL2CLKFreq
 .text.HAL_RCCEx_GetPLL3CLKFreq
                0x3418433c       0x8c CMakeFiles/STM32_Drivers.dir/home/bsgursta/Programming_Projects/LocalInference/mcu/local_inference/Drivers/STM32N6xx_HAL_Driver/Src/stm32n6xx_hal_rcc_ex.c.obj
                0x3418433c                HAL_RCCEx_GetPLL3CLKFreq
 .text.HAL_RCCEx_GetPLL4CLKFreq
                0x341843c8       0x8c CMakeFiles/STM32_Drivers.dir/home/bsgursta/Programming_Projects/LocalInference/mcu/local_inference/Drivers/STM32N6xx_HAL_Driver/Src/stm32n6xx_hal_rcc_ex.c.obj
                0x341843c8                HAL_RCCEx_GetPLL4CLKFreq
 .text.RCCEx_GetHCLKFreq
                0x34184454       0x22 CMakeFiles/STM32_Drivers.dir/home/bsgursta/Programming_Projects/LocalInference/mcu/local_inference/Drivers/STM32N6xx_HAL_Driver/Src/stm32n6xx_hal_rcc_ex.c.obj
 .text.RCCEx_GetPCLK1Freq
                0x34184476       0x20 CMakeFiles/STM32_Drivers.dir/home/bsgursta/Programming_Projects/LocalInference/mcu/local_inference/Drivers/STM32N6xx_HAL_Driver/Src/stm32n6xx_hal_rcc_ex.c.obj
 .text.RCCEx_GetPCLK2Freq
                0x34184496       0x22 CMakeFiles/STM32_Drivers.dir/home/bsgursta/Programming_Projects/LocalInference/mcu/local_inference/Drivers/STM32N6xx_HAL_Driver/Src/stm32n6xx_hal_rcc_ex.c.obj
 .text.RCCEx_GetPCLK4Freq
                0x341844b8       0x22 CMakeFiles/STM32_Drivers.dir/home/bsgursta/Programming_Projects/LocalInference/mcu/local_inference/Drivers/STM32N6xx_HAL_Driver/Src/stm32n6xx_hal_rcc_ex.c.obj
 .text.RCCEx_GetPCLK5Freq
                0x341844da       0x22 CMakeFiles/STM32_Drivers.dir/home/bsgursta/Programming_Projects/LocalInference/mcu/local_inference/Drivers/STM32N6xx_HAL_Driver/Src/stm32n6xx_hal_rcc_ex.c.obj
 .text.RCCEx_GetPLLSourceFreq
                0x341844fc       0xbc CMakeFiles/STM32_Drivers.dir/home/bsgursta/Programming_Projects/LocalInference/mcu/local_inference/Drivers/STM32N6xx_HAL_Driver/Src/stm32n6xx_hal_rcc_ex.c.obj
 .text.RCCEx_CalcPLLFreq
                0x341845b8       0x98 CMakeFiles/STM32_Drivers.dir/home/bsgursta/Programming_Projects/LocalInference/mcu/local_inference/Drivers/STM32N6xx_HAL_Driver/Src/stm32n6xx_hal_rcc_ex.c.obj
 .text.RCCEx_GetADCCLKFreq
                0x34184650      0x204 CMakeFiles/STM32_Drivers.dir/home/bsgursta/Programming_Projects/LocalInference/mcu/local_inference/Drivers/STM32N6xx_HAL_Driver/Src/stm32n6xx_hal_rcc_ex.c.obj
 .text.RCCEx_GetADFCLKFreq
                0x34184854      0x1d8 CMakeFiles/STM32_Drivers.dir/home/bsgursta/Programming_Projects/LocalInference/mcu/local_inference/Drivers/STM32N6xx_HAL_Driver/Src/stm32n6xx_hal_rcc_ex.c.obj
 .text.RCCEx_GetCLKPCLKFreq
                0x34184a2c      0x36c CMakeFiles/STM32_Drivers.dir/home/bsgursta/Programming_Projects/LocalInference/mcu/local_inference/Drivers/STM32N6xx_HAL_Driver/Src/stm32n6xx_hal_rcc_ex.c.obj
 .text.RCCEx_GetCSICLKFreq
                0x34184d98       0x98 CMakeFiles/STM32_Drivers.dir/home/bsgursta/Programming_Projects/LocalInference/mcu/local_inference/Drivers/STM32N6xx_HAL_Driver/Src/stm32n6xx_hal_rcc_ex.c.obj
 .text.RCCEx_GetDCMIPPCLKFreq
                0x34184e30      0x114 CMakeFiles/STM32_Drivers.dir/home/bsgursta/Programming_Projects/LocalInference/mcu/local_inference/Drivers/STM32N6xx_HAL_Driver/Src/stm32n6xx_hal_rcc_ex.c.obj
 .text.RCCEx_GetETH1CLKFreq
                0x34184f44      0x100 CMakeFiles/STM32_Drivers.dir/home/bsgursta/Programming_Projects/LocalInference/mcu/local_inference/Drivers/STM32N6xx_HAL_Driver/Src/stm32n6xx_hal_rcc_ex.c.obj
 .text.RCCEx_GetETH1PTPCLKFreq
                0x34185044      0x108 CMakeFiles/STM32_Drivers.dir/home/bsgursta/Programming_Projects/LocalInference/mcu/local_inference/Drivers/STM32N6xx_HAL_Driver/Src/stm32n6xx_hal_rcc_ex.c.obj
 .text.RCCEx_GetFDCANCLKFreq
                0x3418514c      0x100 CMakeFiles/STM32_Drivers.dir/home/bsgursta/Programming_Projects/LocalInference/mcu/local_inference/Drivers/STM32N6xx_HAL_Driver/Src/stm32n6xx_hal_rcc_ex.c.obj
 .text.RCCEx_GetFMCCLKFreq
                0x3418524c      0x16e CMakeFiles/STM32_Drivers.dir/home/bsgursta/Programming_Projects/LocalInference/mcu/local_inference/Drivers/STM32N6xx_HAL_Driver/Src/stm32n6xx_hal_rcc_ex.c.obj
 *fill*         0x341853ba        0x2 
 .text.RCCEx_GetI2CCLKFreq
                0x341853bc      0x350 CMakeFiles/STM32_Drivers.dir/home/bsgursta/Programming_Projects/LocalInference/mcu/local_inference/Drivers/STM32N6xx_HAL_Driver/Src/stm32n6xx_hal_rcc_ex.c.obj
 .text.RCCEx_GetI3CCLKFreq
                0x3418570c      0x268 CMakeFiles/STM32_Drivers.dir/home/bsgursta/Programming_Projects/LocalInference/mcu/local_inference/Drivers/STM32N6xx_HAL_Driver/Src/stm32n6xx_hal_rcc_ex.c.obj
 .text.RCCEx_GetLPTIMCLKFreq
                0x34185974      0x354 CMakeFiles/STM32_Drivers.dir/home/bsgursta/Programming_Projects/LocalInference/mcu/local_inference/Drivers/STM32N6xx_HAL_Driver/Src/stm32n6xx_hal_rcc_ex.c.obj
 .text.RCCEx_GetLPUARTCLKFreq
                0x34185cc8      0x204 CMakeFiles/STM32_Drivers.dir/home/bsgursta/Programming_Projects/LocalInference/mcu/local_inference/Drivers/STM32N6xx_HAL_Driver/Src/stm32n6xx_hal_rcc_ex.c.obj
 .text.RCCEx_GetLTDCCLKFreq
                0x34185ecc      0x114 CMakeFiles/STM32_Drivers.dir/home/bsgursta/Programming_Projects/LocalInference/mcu/local_inference/Drivers/STM32N6xx_HAL_Driver/Src/stm32n6xx_hal_rcc_ex.c.obj
 .text.RCCEx_GetMDFCLKFreq
                0x34185fe0      0x214 CMakeFiles/STM32_Drivers.dir/home/bsgursta/Programming_Projects/LocalInference/mcu/local_inference/Drivers/STM32N6xx_HAL_Driver/Src/stm32n6xx_hal_rcc_ex.c.obj
 .text.RCCEx_GetPSSICLKFreq
                0x341861f4      0x104 CMakeFiles/STM32_Drivers.dir/home/bsgursta/Programming_Projects/LocalInference/mcu/local_inference/Drivers/STM32N6xx_HAL_Driver/Src/stm32n6xx_hal_rcc_ex.c.obj
 .text.RCCEx_GetRTCCLKFreq
                0x341862f8       0xa4 CMakeFiles/STM32_Drivers.dir/home/bsgursta/Programming_Projects/LocalInference/mcu/local_inference/Drivers/STM32N6xx_HAL_Driver/Src/stm32n6xx_hal_rcc_ex.c.obj
 .text.RCCEx_GetSAICLKFreq
                0x3418639c      0x2cc CMakeFiles/STM32_Drivers.dir/home/bsgursta/Programming_Projects/LocalInference/mcu/local_inference/Drivers/STM32N6xx_HAL_Driver/Src/stm32n6xx_hal_rcc_ex.c.obj
 .text.RCCEx_GetSDMMCCLKFreq
                0x34186668      0x1d4 CMakeFiles/STM32_Drivers.dir/home/bsgursta/Programming_Projects/LocalInference/mcu/local_inference/Drivers/STM32N6xx_HAL_Driver/Src/stm32n6xx_hal_rcc_ex.c.obj
 .text.RCCEx_GetSPDIFRXCLKFreq
                0x3418683c      0x1c8 CMakeFiles/STM32_Drivers.dir/home/bsgursta/Programming_Projects/LocalInference/mcu/local_inference/Drivers/STM32N6xx_HAL_Driver/Src/stm32n6xx_hal_rcc_ex.c.obj
 .text.RCCEx_GetSPICLKFreq
                0x34186a04      0x5a4 CMakeFiles/STM32_Drivers.dir/home/bsgursta/Programming_Projects/LocalInference/mcu/local_inference/Drivers/STM32N6xx_HAL_Driver/Src/stm32n6xx_hal_rcc_ex.c.obj
 .text.RCCEx_GetUARTCLKFreq
                0x34186fa8      0x454 CMakeFiles/STM32_Drivers.dir/home/bsgursta/Programming_Projects/LocalInference/mcu/local_inference/Drivers/STM32N6xx_HAL_Driver/Src/stm32n6xx_hal_rcc_ex.c.obj
 .text.RCCEx_GetUSARTCLKFreq
                0x341873fc      0x454 CMakeFiles/STM32_Drivers.dir/home/bsgursta/Programming_Projects/LocalInference/mcu/local_inference/Drivers/STM32N6xx_HAL_Driver/Src/stm32n6xx_hal_rcc_ex.c.obj
 .text.RCCEx_GetOTGPHYCLKFreq
                0x34187850      0x16c CMakeFiles/STM32_Drivers.dir/home/bsgursta/Programming_Projects/LocalInference/mcu/local_inference/Drivers/STM32N6xx_HAL_Driver/Src/stm32n6xx_hal_rcc_ex.c.obj
 .text.RCCEx_GetOTGPHYCKREFCLKFreq
                0x341879bc       0xa0 CMakeFiles/STM32_Drivers.dir/home/bsgursta/Programming_Projects/LocalInference/mcu/local_inference/Drivers/STM32N6xx_HAL_Driver/Src/stm32n6xx_hal_rcc_ex.c.obj
 .text.RCCEx_GetXSPICLKFreq
                0x34187a5c      0x220 CMakeFiles/STM32_Drivers.dir/home/bsgursta/Programming_Projects/LocalInference/mcu/local_inference/Drivers/STM32N6xx_HAL_Driver/Src/stm32n6xx_hal_rcc_ex.c.obj
 .text.HAL_GPIO_Init
                0x34187c7c      0x364 CMakeFiles/STM32_Drivers.dir/home/bsgursta/Programming_Projects/LocalInference/mcu/local_inference/Drivers/STM32N6xx_HAL_Driver/Src/stm32n6xx_hal_gpio.c.obj
                0x34187c7c                HAL_GPIO_Init
 .text.HAL_PWREx_ConfigSupply
                0x34187fe0       0x50 CMakeFiles/STM32_Drivers.dir/home/bsgursta/Programming_Projects/LocalInference/mcu/local_inference/Drivers/STM32N6xx_HAL_Driver/Src/stm32n6xx_hal_pwr_ex.c.obj
                0x34187fe0                HAL_PWREx_ConfigSupply
 .text.HAL_PWREx_ControlVoltageScaling
                0x34188030       0x50 CMakeFiles/STM32_Drivers.dir/home/bsgursta/Programming_Projects/LocalInference/mcu/local_inference/Drivers/STM32N6xx_HAL_Driver/Src/stm32n6xx_hal_pwr_ex.c.obj
                0x34188030                HAL_PWREx_ControlVoltageScaling
 .text.HAL_PWREx_EnableVddIO2
                0x34188080       0x20 CMakeFiles/STM32_Drivers.dir/home/bsgursta/Programming_Projects/LocalInference/mcu/local_inference/Drivers/STM32N6xx_HAL_Driver/Src/stm32n6xx_hal_pwr_ex.c.obj
                0x34188080                HAL_PWREx_EnableVddIO2
 .text.HAL_PWREx_EnableVddIO3
                0x341880a0       0x20 CMakeFiles/STM32_Drivers.dir/home/bsgursta/Programming_Projects/LocalInference/mcu/local_inference/Drivers/STM32N6xx_HAL_Driver/Src/stm32n6xx_hal_pwr_ex.c.obj
                0x341880a0                HAL_PWREx_EnableVddIO3
 .text.HAL_PWREx_EnableVddIO4
                0x341880c0       0x20 CMakeFiles/STM32_Drivers.dir/home/bsgursta/Programming_Projects/LocalInference/mcu/local_inference/Drivers/STM32N6xx_HAL_Driver/Src/stm32n6xx_hal_pwr_ex.c.obj
                0x341880c0                HAL_PWREx_EnableVddIO4
 .text.HAL_Init
                0x341880e0       0x28 CMakeFiles/STM32_Drivers.dir/home/bsgursta/Programming_Projects/LocalInference/mcu/local_inference/Drivers/STM32N6xx_HAL_Driver/Src/stm32n6xx_hal.c.obj
                0x341880e0                HAL_Init
 .text.HAL_InitTick
                0x34188108       0x6c CMakeFiles/STM32_Drivers.dir/home/bsgursta/Programming_Projects/LocalInference/mcu/local_inference/Drivers/STM32N6xx_HAL_Driver/Src/stm32n6xx_hal.c.obj
                0x34188108                HAL_InitTick
 .text.HAL_IncTick
                0x34188174       0x28 CMakeFiles/STM32_Drivers.dir/home/bsgursta/Programming_Projects/LocalInference/mcu/local_inference/Drivers/STM32N6xx_HAL_Driver/Src/stm32n6xx_hal.c.obj
                0x34188174                HAL_IncTick
 .text.HAL_GetTick
                0x3418819c       0x18 CMakeFiles/STM32_Drivers.dir/home/bsgursta/Programming_Projects/LocalInference/mcu/local_inference/Drivers/STM32N6xx_HAL_Driver/Src/stm32n6xx_hal.c.obj
                0x3418819c                HAL_GetTick
 .text.HAL_UART_Init
                0x341881b4       0xa0 CMakeFiles/STM32_Drivers.dir/home/bsgursta/Programming_Projects/LocalInference/mcu/local_inference/Drivers/STM32N6xx_HAL_Driver/Src/stm32n6xx_hal_uart.c.obj
                0x341881b4                HAL_UART_Init
 .text.HAL_UART_MspInit
                0x34188254       0x14 CMakeFiles/STM32_Drivers.dir/home/bsgursta/Programming_Projects/LocalInference/mcu/local_inference/Drivers/STM32N6xx_HAL_Driver/Src/stm32n6xx_hal_uart.c.obj
                0x34188254                HAL_UART_MspInit
 .text.UART_SetConfig
                0x34188268      0x3d8 CMakeFiles/STM32_Drivers.dir/home/bsgursta/Programming_Projects/LocalInference/mcu/local_inference/Drivers/STM32N6xx_HAL_Driver/Src/stm32n6xx_hal_uart.c.obj
                0x34188268                UART_SetConfig
 .text.UART_AdvFeatureConfig
                0x34188640      0x144 CMakeFiles/STM32_Drivers.dir/home/bsgursta/Programming_Projects/LocalInference/mcu/local_inference/Drivers/STM32N6xx_HAL_Driver/Src/stm32n6xx_hal_uart.c.obj
                0x34188640                UART_AdvFeatureConfig
 .text.UART_CheckIdleState
                0x34188784      0x154 CMakeFiles/STM32_Drivers.dir/home/bsgursta/Programming_Projects/LocalInference/mcu/local_inference/Drivers/STM32N6xx_HAL_Driver/Src/stm32n6xx_hal_uart.c.obj
                0x34188784                UART_CheckIdleState
 .text.UART_WaitOnFlagUntilTimeout
                0x341888d8       0xda CMakeFiles/STM32_Drivers.dir/home/bsgursta/Programming_Projects/LocalInference/mcu/local_inference/Drivers/STM32N6xx_HAL_Driver/Src/stm32n6xx_hal_uart.c.obj
                0x341888d8                UART_WaitOnFlagUntilTimeout
 .text.UART_EndRxTransfer
                0x341889b2       0xcc CMakeFiles/STM32_Drivers.dir/home/bsgursta/Programming_Projects/LocalInference/mcu/local_inference/Drivers/STM32N6xx_HAL_Driver/Src/stm32n6xx_hal_uart.c.obj
 *fill*         0x34188a7e        0x2 
 .text.LL_AHB4_GRP1_EnableClock
                0x34188a80       0x2c CMakeFiles/STM32_Drivers.dir/home/bsgursta/Programming_Projects/LocalInference/mcu/local_inference/Drivers/BSP/STM32N6xx_Nucleo/stm32n6xx_nucleo.c.obj
 .text.LL_APB2_GRP1_EnableClock
                0x34188aac       0x2c CMakeFiles/STM32_Drivers.dir/home/bsgursta/Programming_Projects/LocalInference/mcu/local_inference/Drivers/BSP/STM32N6xx_Nucleo/stm32n6xx_nucleo.c.obj
 .text.BSP_COM_Init
                0x34188ad8       0x84 CMakeFiles/STM32_Drivers.dir/home/bsgursta/Programming_Projects/LocalInference/mcu/local_inference/Drivers/BSP/STM32N6xx_Nucleo/stm32n6xx_nucleo.c.obj
                0x34188ad8                BSP_COM_Init
 .text.MX_USART1_Init
                0x34188b5c       0x68 CMakeFiles/STM32_Drivers.dir/home/bsgursta/Programming_Projects/LocalInference/mcu/local_inference/Drivers/BSP/STM32N6xx_Nucleo/stm32n6xx_nucleo.c.obj
                0x34188b5c                MX_USART1_Init
 .text.UART_MspInit
                0x34188bc4       0xec CMakeFiles/STM32_Drivers.dir/home/bsgursta/Programming_Projects/LocalInference/mcu/local_inference/Drivers/BSP/STM32N6xx_Nucleo/stm32n6xx_nucleo.c.obj
 .text.LL_AHB4_GRP1_EnableClock
                0x34188cb0       0x2c CMakeFiles/local_inference_FSBL.dir/Core/Src/main.c.obj
 .text.main     0x34188cdc       0x4c CMakeFiles/local_inference_FSBL.dir/Core/Src/main.c.obj
                0x34188cdc                main
 .text.SystemClock_Config
                0x34188d28      0x158 CMakeFiles/local_inference_FSBL.dir/Core/Src/main.c.obj
                0x34188d28                SystemClock_Config
 .text.MX_GPIO_Init
                0x34188e80       0xc0 CMakeFiles/local_inference_FSBL.dir/Core/Src/main.c.obj
 .text.Error_Handler
                0x34188f40        0xc CMakeFiles/local_inference_FSBL.dir/Core/Src/main.c.obj
                0x34188f40                Error_Handler
 .text.NMI_Handler
                0x34188f4c        0x8 CMakeFiles/local_inference_FSBL.dir/Core/Src/stm32n6xx_it.c.obj
                0x34188f4c                NMI_Handler
 .text.HardFault_Handler
                0x34188f54        0x8 CMakeFiles/local_inference_FSBL.dir/Core/Src/stm32n6xx_it.c.obj
                0x34188f54                HardFault_Handler
 .text.MemManage_Handler
                0x34188f5c        0x8 CMakeFiles/local_inference_FSBL.dir/Core/Src/stm32n6xx_it.c.obj
                0x34188f5c                MemManage_Handler
 .text.BusFault_Handler
                0x34188f64        0x8 CMakeFiles/local_inference_FSBL.dir/Core/Src/stm32n6xx_it.c.obj
                0x34188f64                BusFault_Handler
 .text.UsageFault_Handler
                0x34188f6c        0x8 CMakeFiles/local_inference_FSBL.dir/Core/Src/stm32n6xx_it.c.obj
                0x34188f6c                UsageFault_Handler
 .text.SecureFault_Handler
                0x34188f74        0x8 CMakeFiles/local_inference_FSBL.dir/Core/Src/stm32n6xx_it.c.obj
                0x34188f74                SecureFault_Handler
 .text.SVC_Handler
                0x34188f7c        0xe CMakeFiles/local_inference_FSBL.dir/Core/Src/stm32n6xx_it.c.obj
                0x34188f7c                SVC_Handler
 .text.DebugMon_Handler
                0x34188f8a        0xe CMakeFiles/local_inference_FSBL.dir/Core/Src/stm32n6xx_it.c.obj
                0x34188f8a                DebugMon_Handler
 .text.PendSV_Handler
                0x34188f98        0xe CMakeFiles/local_inference_FSBL.dir/Core/Src/stm32n6xx_it.c.obj
                0x34188f98                PendSV_Handler
 .text.SysTick_Handler
                0x34188fa6        0xc CMakeFiles/local_inference_FSBL.dir/Core/Src/stm32n6xx_it.c.obj
                0x34188fa6                SysTick_Handler
 .text.HAL_MspInit
                0x34188fb2       0x14 CMakeFiles/local_inference_FSBL.dir/Core/Src/stm32n6xx_hal_msp.c.obj
                0x34188fb2                HAL_MspInit
 *fill*         0x34188fc6        0x2 
 .text.Reset_Handler
                0x34188fc8       0x5c CMakeFiles/local_inference_FSBL.dir/Core/Startup/startup_stm32n657xx_fsbl.s.obj
                0x34188fc8                Reset_Handler
 .text.Default_Handler
                0x34189024        0x2 CMakeFiles/local_inference_FSBL.dir/Core/Startup/startup_stm32n657xx_fsbl.s.obj
                0x34189024                HPDMA1_Channel13_IRQHandler
                0x34189024                EXTI2_IRQHandler
                0x34189024                MCE2_IRQHandler
                0x34189024                TIM8_CC_IRQHandler
                0x34189024                USB2_OTG_HS_IRQHandler
                0x34189024                SAI1_A_IRQHandler
                0x34189024                EXTI5_IRQHandler
                0x34189024                I3C1_ER_IRQHandler
                0x34189024                UART8_IRQHandler
                0x34189024                CTI_INT0_IRQHandler
                0x34189024                SPI4_IRQHandler
                0x34189024                LTDC_LO_IRQHandler
                0x34189024                NPU2_IRQHandler
                0x34189024                FDCAN3_IT0_IRQHandler
                0x34189024                EXTI13_IRQHandler
                0x34189024                TIM1_CC_IRQHandler
                0x34189024                XSPI1_IRQHandler
                0x34189024                TIM10_IRQHandler
                0x34189024                JPEG_IRQHandler
                0x34189024                TAMP_IRQHandler
                0x34189024                CACHE_ECC_IRQHandler
                0x34189024                TIM6_IRQHandler
                0x34189024                CSI_IRQHandler
                0x34189024                EXTI12_IRQHandler
                0x34189024                GFXTIM_IRQHandler
                0x34189024                EXTI3_IRQHandler
                0x34189024                LPTIM4_IRQHandler
                0x34189024                GPDMA1_Channel5_IRQHandler
                0x34189024                EXTI8_IRQHandler
                0x34189024                LPTIM2_IRQHandler
                0x34189024                GFXMMU_IRQHandler
                0x34189024                LTDC_LO_ERR_IRQHandler
                0x34189024                I2C3_ER_IRQHandler
                0x34189024                RIFSC_TAMPER_IRQHandler
                0x34189024                USART10_IRQHandler
                0x34189024                MDF1_FLT2_IRQHandler
                0x34189024                LPTIM3_IRQHandler
                0x34189024                SAI2_A_IRQHandler
                0x34189024                EXTI0_IRQHandler
                0x34189024                HPDMA1_Channel9_IRQHandler
                0x34189024                I2C2_EV_IRQHandler
                0x34189024                GPU2D_IRQHandler
                0x34189024                FPU_IRQHandler
                0x34189024                GPDMA1_Channel3_IRQHandler
                0x34189024                GPDMA1_Channel7_IRQHandler
                0x34189024                MDF1_FLT4_IRQHandler
                0x34189024                FDCAN1_IT1_IRQHandler
                0x34189024                HPDMA1_Channel3_IRQHandler
                0x34189024                ADC1_2_IRQHandler
                0x34189024                GPDMA1_Channel9_IRQHandler
                0x34189024                SPI1_IRQHandler
                0x34189024                CACHEAXI_IRQHandler
                0x34189024                SAI1_B_IRQHandler
                0x34189024                GPDMA1_Channel2_IRQHandler
                0x34189024                PAHB_ERR_IRQHandler
                0x34189024                TIM8_UP_IRQHandler
                0x34189024                RCC_S_IRQHandler
                0x34189024                MDF1_FLT1_IRQHandler
                0x34189024                LTDC_UP_IRQHandler
                0x34189024                LOCKUP_IRQHandler
                0x34189024                PKA_IRQHandler
                0x34189024                USART6_IRQHandler
                0x34189024                HPDMA1_Channel2_IRQHandler
                0x34189024                MDF1_FLT5_IRQHandler
                0x34189024                MCE4_IRQHandler
                0x34189024                I3C2_ER_IRQHandler
                0x34189024                EXTI15_IRQHandler
                0x34189024                TIM17_IRQHandler
                0x34189024                USART3_IRQHandler
                0x34189024                HPDMA1_Channel6_IRQHandler
                0x34189024                CRYP_IRQHandler
                0x34189024                RTC_IRQHandler
                0x34189024                XSPI2_IRQHandler
                0x34189024                EXTI9_IRQHandler
                0x34189024                IAC_IRQHandler
                0x34189024                HPDMA1_Channel0_IRQHandler
                0x34189024                LPTIM5_IRQHandler
                0x34189024                HPDMA1_Channel1_IRQHandler
                0x34189024                UART5_IRQHandler
                0x34189024                TIM4_IRQHandler
                0x34189024                NPU3_IRQHandler
                0x34189024                I3C2_EV_IRQHandler
                0x34189024                I2C1_EV_IRQHandler
                0x34189024                FDCAN_CU_IRQHandler
                0x34189024                GPDMA1_Channel12_IRQHandler
                0x34189024                HPDMA1_Channel7_IRQHandler
                0x34189024                GPDMA1_Channel1_IRQHandler
                0x34189024                TIM16_IRQHandler
                0x34189024                GPDMA1_Channel15_IRQHandler
                0x34189024                UART4_IRQHandler
                0x34189024                TCM_ECC_IRQHandler
                0x34189024                TIM3_IRQHandler
                0x34189024                RCC_IRQHandler
                0x34189024                UART9_IRQHandler
                0x34189024                NPU1_IRQHandler
                0x34189024                SAI2_B_IRQHandler
                0x34189024                Default_Handler
                0x34189024                GPDMA1_Channel8_IRQHandler
                0x34189024                HPDMA1_Channel8_IRQHandler
                0x34189024                TIM18_IRQHandler
                0x34189024                TIM14_IRQHandler
                0x34189024                TIM13_IRQHandler
                0x34189024                CTI_INT1_IRQHandler
                0x34189024                GPDMA1_Channel11_IRQHandler
                0x34189024                GPU2D_ER_IRQHandler
                0x34189024                SPI5_IRQHandler
                0x34189024                TIM12_IRQHandler
                0x34189024                TIM7_IRQHandler
                0x34189024                FDCAN3_IT1_IRQHandler
                0x34189024                HPDMA1_Channel10_IRQHandler
                0x34189024                SDMMC1_IRQHandler
                0x34189024                SAES_IRQHandler
                0x34189024                TIM5_IRQHandler
                0x34189024                UCPD1_IRQHandler
                0x34189024                GPDMA1_Channel0_IRQHandler
                0x34189024                I3C1_EV_IRQHandler
                0x34189024                HPDMA1_Channel5_IRQHandler
                0x34189024                TIM15_IRQHandler
                0x34189024                I2C3_EV_IRQHandler
                0x34189024                HPDMA1_Channel4_IRQHandler
                0x34189024                HPDMA1_Channel15_IRQHandler
                0x34189024                TIM9_IRQHandler
                0x34189024                ETH1_IRQHandler
                0x34189024                USB1_OTG_HS_IRQHandler
                0x34189024                PVD_PVM_IRQHandler
                0x34189024                SPI2_IRQHandler
                0x34189024                TIM1_TRG_CCU_IRQHandler
                0x34189024                HPDMA1_Channel11_IRQHandler
                0x34189024                EXTI14_IRQHandler
                0x34189024                EXTI11_IRQHandler
                0x34189024                VENC_IRQHandler
                0x34189024                GPDMA1_Channel14_IRQHandler
                0x34189024                EXTI4_IRQHandler
                0x34189024                RTC_S_IRQHandler
                0x34189024                GPDMA1_Channel13_IRQHandler
                0x34189024                RNG_IRQHandler
                0x34189024                XSPI3_IRQHandler
                0x34189024                FDCAN2_IT1_IRQHandler
                0x34189024                TIM1_UP_IRQHandler
                0x34189024                NPU0_IRQHandler
                0x34189024                BCK_ECC_IRQHandler
                0x34189024                WWDG_IRQHandler
                0x34189024                SPI6_IRQHandler
                0x34189024                MDIOS_IRQHandler
                0x34189024                I2C4_EV_IRQHandler
                0x34189024                FDCAN2_IT0_IRQHandler
                0x34189024                IWDG_IRQHandler
                0x34189024                HPDMA1_Channel14_IRQHandler
                0x34189024                LPUART1_IRQHandler
                0x34189024                FDCAN1_IT0_IRQHandler
                0x34189024                MDF1_FLT0_IRQHandler
                0x34189024                TIM2_IRQHandler
                0x34189024                MCE3_IRQHandler
                0x34189024                GPDMA1_Channel4_IRQHandler
                0x34189024                EXTI7_IRQHandler
                0x34189024                DMA2D_IRQHandler
                0x34189024                TIM1_BRK_IRQHandler
                0x34189024                EXTI1_IRQHandler
                0x34189024                SDMMC2_IRQHandler
                0x34189024                TIM11_IRQHandler
                0x34189024                LTDC_UP_ERR_IRQHandler
                0x34189024                UART7_IRQHandler
                0x34189024                DTS_IRQHandler
                0x34189024                MDF1_FLT3_IRQHandler
                0x34189024                USART2_IRQHandler
                0x34189024                GPDMA1_Channel6_IRQHandler
                0x34189024                ADF1_FLT0_IRQHandler
                0x34189024                I2C2_ER_IRQHandler
                0x34189024                MCE1_IRQHandler
                0x34189024                SPDIFRX_IRQHandler
                0x34189024                TIM8_BRK_IRQHandler
                0x34189024                HPDMA1_Channel12_IRQHandler
                0x34189024                USART1_IRQHandler
                0x34189024                EXTI10_IRQHandler
                0x34189024                SPI3_IRQHandler
                0x34189024                WAKEUP_PIN_IRQHandler
                0x34189024                DCMIPP_IRQHandler
                0x34189024                I2C1_ER_IRQHandler
                0x34189024                FMC_IRQHandler
                0x34189024                EXTI6_IRQHandler
                0x34189024                LPTIM1_IRQHandler
                0x34189024                DCMI_PSSI_IRQHandler
                0x34189024                TIM8_TRG_CCU_IRQHandler
                0x34189024                I2C4_ER_IRQHandler
                0x34189024                GPDMA1_Channel10_IRQHandler
                0x34189024                ICACHE_IRQHandler
                0x34189024                HASH_IRQHandler
 *fill*         0x34189026        0x2 
 .text.__udivmoddi4
                0x34189028      0x34c /opt/arm-gnu-toolchain-14.3.rel1-x86_64-arm-none-eabi/bin/../lib/gcc/arm-none-eabi/14.3.1/thumb/v8-m.main+dp/hard/libgcc.a(_udivmoddi4.o)
                0x34189028                __udivmoddi4
 .text.memset   0x34189374       0x10 /opt/arm-gnu-toolchain-14.3.rel1-x86_64-arm-none-eabi/bin/../lib/gcc/arm-none-eabi/14.3.1/../../../../arm-none-eabi/lib/thumb/v8-m.main+dp/hard/libg_nano.a(libc_a-memset.o)
                0x34189374                memset
 .text.__libc_init_array
                0x34189384       0x48 /opt/arm-gnu-toolchain-14.3.rel1-x86_64-arm-none-eabi/bin/../lib/gcc/arm-none-eabi/14.3.1/../../../../arm-none-eabi/lib/thumb/v8-m.main+dp/hard/libg_nano.a(libc_a-init.o)
                0x34189384                __libc_init_array
 *(.glue_7)
 .glue_7        0x341893cc        0x0 linker stubs
 *(.glue_7t)
 .glue_7t       0x341893cc        0x0 linker stubs
 *(.eh_frame)
 .eh_frame      0x341893cc        0x0 /opt/arm-gnu-toolchain-14.3.rel1-x86_64-arm-none-eabi/bin/../lib/gcc/arm-none-eabi/14.3.1/thumb/v8-m.main+dp/hard/crtbegin.o
 *(.RamFunc)
 *(.RamFunc*)
 *(.init)
 .init          0x341893cc        0x4 /opt/arm-gnu-toolchain-14.3.rel1-x86_64-arm-none-eabi/bin/../lib/gcc/arm-none-eabi/14.3.1/thumb/v8-m.main+dp/hard/crti.o
                0x341893cc                _init
 .init          0x341893d0        0x8 /opt/arm-gnu-toolchain-14.3.rel1-x86_64-arm-none-eabi/bin/../lib/gcc/arm-none-eabi/14.3.1/thumb/v8-m.main+dp/hard/crtn.o
 *(.fini)
 .fini          0x341893d8        0x4 /opt/arm-gnu-toolchain-14.3.rel1-x86_64-arm-none-eabi/bin/../lib/gcc/arm-none-eabi/14.3.1/thumb/v8-m.main+dp/hard/crti.o
                0x341893d8                _fini
 .fini          0x341893dc        0x8 /opt/arm-gnu-toolchain-14.3.rel1-x86_64-arm-none-eabi/bin/../lib/gcc/arm-none-eabi/14.3.1/thumb/v8-m.main+dp/hard/crtn.o
                0x341893e4                        . = ALIGN (0x4)
                0x341893e4                        _etext = .

.vfp11_veneer   0x341893e4        0x0
 .vfp11_veneer  0x341893e4        0x0 linker stubs

.v4_bx          0x341893e4        0x0
 .v4_bx         0x341893e4        0x0 linker stubs

.iplt           0x341893e4        0x0
 .iplt          0x341893e4        0x0 /opt/arm-gnu-toolchain-14.3.rel1-x86_64-arm-none-eabi/bin/../lib/gcc/arm-none-eabi/14.3.1/thumb/v8-m.main+dp/hard/crtbegin.o

.rodata         0x341893e4       0x18
                0x341893e4                        . = ALIGN (0x4)
 *(.rodata)
 *(.rodata*)
 .rodata.UARTPrescTable
                0x341893e4       0x18 CMakeFiles/STM32_Drivers.dir/home/bsgursta/Programming_Projects/LocalInference/mcu/local_inference/Drivers/STM32N6xx_HAL_Driver/Src/stm32n6xx_hal_uart.c.obj
                0x341893e4                UARTPrescTable
                0x341893fc                        . = ALIGN (0x4)

.ARM.extab      0x341893fc        0x0
                0x341893fc                        . = ALIGN (0x4)
 *(.ARM.extab* .gnu.linkonce.armextab.*)
                0x341893fc                        . = ALIGN (0x4)

.ARM            0x341893fc        0x8
                0x341893fc                        . = ALIGN (0x4)
                0x341893fc                        __exidx_start = .
 *(.ARM.exidx*)
 .ARM.exidx.text.__udivmoddi4
                0x341893fc        0x8 /opt/arm-gnu-toolchain-14.3.rel1-x86_64-arm-none-eabi/bin/../lib/gcc/arm-none-eabi/14.3.1/thumb/v8-m.main+dp/hard/libgcc.a(_udivmoddi4.o)
                0x34189404                        __exidx_end = .
                0x34189404                        . = ALIGN (0x4)

.preinit_array  0x34189404        0x0
                0x34189404                        . = ALIGN (0x4)
                0x34189404                        PROVIDE (__preinit_array_start = .)
 *(.preinit_array*)
                0x34189404                        PROVIDE (__preinit_array_end = .)
                0x34189404                        . = ALIGN (0x4)

.init_array     0x34189404        0x4
                0x34189404                        . = ALIGN (0x4)
                0x34189404                        PROVIDE (__init_array_start = .)
 *(SORT_BY_NAME(.init_array.*))
 *(.init_array*)
 .init_array    0x34189404        0x4 /opt/arm-gnu-toolchain-14.3.rel1-x86_64-arm-none-eabi/bin/../lib/gcc/arm-none-eabi/14.3.1/thumb/v8-m.main+dp/hard/crtbegin.o
                0x34189408                        PROVIDE (__init_array_end = .)
                0x34189408                        . = ALIGN (0x4)

.fini_array     0x34189408        0x4
                0x34189408                        . = ALIGN (0x4)
                [!provide]                        PROVIDE (__fini_array_start = .)
 *(SORT_BY_NAME(.fini_array.*))
 *(.fini_array*)
 .fini_array    0x34189408        0x4 /opt/arm-gnu-toolchain-14.3.rel1-x86_64-arm-none-eabi/bin/../lib/gcc/arm-none-eabi/14.3.1/thumb/v8-m.main+dp/hard/crtbegin.o
                [!provide]                        PROVIDE (__fini_array_end = .)
                0x3418940c                        . = ALIGN (0x4)

.rel.dyn        0x3418940c        0x0
 .rel.iplt      0x3418940c        0x0 /opt/arm-gnu-toolchain-14.3.rel1-x86_64-arm-none-eabi/bin/../lib/gcc/arm-none-eabi/14.3.1/thumb/v8-m.main+dp/hard/crtbegin.o

.gnu.sgstubs    0x34189420       0x20
                0x34189420                        _sNSCVeneer = .
 *(.gnu.sgstubs*)
                0x34189420                        . = ALIGN (0x20)
 *fill*         0x34189420        0x0 
 FILL mask 0x00
 .gnu.sgstubs.__stub
                0x34189420        0x8 linker stubs
                0x34189420                SECURE_SystemCoreClockUpdate
                0x34189440                        _eNSCVeneer = .
                0x34189440                        _sidata = LOADADDR (.data)

.data           0x341c0000       0x14 load address 0x34189440
                0x341c0000                        . = ALIGN (0x4)
                0x341c0000                        _sdata = .
 *(.data)
 *(.data*)
 .data.SystemCoreClock
                0x341c0000        0x4 CMakeFiles/STM32_Drivers.dir/Core/Src/system_stm32n6xx_fsbl.c.obj
                0x341c0000                SystemCoreClock
 .data.uwTickPrio
                0x341c0004        0x4 CMakeFiles/STM32_Drivers.dir/home/bsgursta/Programming_Projects/LocalInference/mcu/local_inference/Drivers/STM32N6xx_HAL_Driver/Src/stm32n6xx_hal.c.obj
                0x341c0004                uwTickPrio
 .data.uwTickFreq
                0x341c0008        0x1 CMakeFiles/STM32_Drivers.dir/home/bsgursta/Programming_Projects/LocalInference/mcu/local_inference/Drivers/STM32N6xx_HAL_Driver/Src/stm32n6xx_hal.c.obj
                0x341c0008                uwTickFreq
 *fill*         0x341c0009        0x3 
 .data.COM_UART
                0x341c000c        0x8 CMakeFiles/STM32_Drivers.dir/home/bsgursta/Programming_Projects/LocalInference/mcu/local_inference/Drivers/BSP/STM32N6xx_Nucleo/stm32n6xx_nucleo.c.obj
                0x341c000c                COM_UART
                0x341c0014                        . = ALIGN (0x4)

.tm_clone_table
                0x341c0014        0x0 load address 0x34189454
 .tm_clone_table
                0x341c0014        0x0 /opt/arm-gnu-toolchain-14.3.rel1-x86_64-arm-none-eabi/bin/../lib/gcc/arm-none-eabi/14.3.1/thumb/v8-m.main+dp/hard/crtbegin.o
 .tm_clone_table
                0x341c0014        0x0 /opt/arm-gnu-toolchain-14.3.rel1-x86_64-arm-none-eabi/bin/../lib/gcc/arm-none-eabi/14.3.1/thumb/v8-m.main+dp/hard/crtend.o

.igot.plt       0x341c0014        0x0 load address 0x34189454
 .igot.plt      0x341c0014        0x0 /opt/arm-gnu-toolchain-14.3.rel1-x86_64-arm-none-eabi/bin/../lib/gcc/arm-none-eabi/14.3.1/thumb/v8-m.main+dp/hard/crtbegin.o

.tdata          0x341c0014        0x0 load address 0x34189454
 *(.tdata .tdata.* .gnu.linkonce.td.*)
                0x341c0014                        . = ALIGN (0x4)
                0x341c0014                        _edata = .
                [!provide]                        PROVIDE (__data_end = .)
                [!provide]                        PROVIDE (__tdata_end = .)
                [!provide]                        PROVIDE (__tdata_start = ADDR (.tdata))
                [!provide]                        PROVIDE (__tdata_size = (__tdata_end - __tdata_start))
                [!provide]                        PROVIDE (__data_start = ADDR (.data))
                [!provide]                        PROVIDE (__data_size = (__data_end - __data_start))
                [!provide]                        PROVIDE (__tdata_source = LOADADDR (.tdata))
                [!provide]                        PROVIDE (__tdata_source_end = (LOADADDR (.tdata) + SIZEOF (.tdata)))
                [!provide]                        PROVIDE (__tdata_source_size = (__tdata_source_end - __tdata_source))
                [!provide]                        PROVIDE (__data_source = LOADADDR (.data))
                [!provide]                        PROVIDE (__data_source_end = __tdata_source_end)
                [!provide]                        PROVIDE (__data_source_size = (__data_source_end - __data_source))

.noncacheable   0x341c0014        0x4 load address 0x34189454
                0x341c0018                        . = ALIGN (0x8)
 *fill*         0x341c0014        0x4 
                0x341c0018                        __snoncacheable = .
 *(.noncacheable)
                0x341c0018                        . = ALIGN (0x8)
                0x341c0018                        __enoncacheable = .

.tbss           0x341c0018        0x0 load address 0x34189454
                0x341c0018                        _sbss = .
                0x341c0018                        __bss_start__ = _sbss
 *(.tbss .tbss.*)
                0x341c0018                        . = ALIGN (0x4)
                [!provide]                        PROVIDE (__tbss_end = .)
                [!provide]                        PROVIDE (__tbss_start = ADDR (.tbss))
                [!provide]                        PROVIDE (__tbss_size = (__tbss_end - __tbss_start))
                [!provide]                        PROVIDE (__tbss_offset = (ADDR (.tbss) - ADDR (.tdata)))
                [!provide]                        PROVIDE (__tls_base = __tdata_start)
                [!provide]                        PROVIDE (__tls_end = __tbss_end)
                [!provide]                        PROVIDE (__tls_size = (__tls_end - __tls_base))
                [!provide]                        PROVIDE (__tls_align = MAX (ALIGNOF (.tdata), ALIGNOF (.tbss)))
                [!provide]                        PROVIDE (__tls_size_align = (((__tls_size + __tls_align) - 0x1) & ~ ((__tls_align - 0x1))))
                [!provide]                        PROVIDE (__arm32_tls_tcb_offset = MAX (0x8, __tls_align))
                [!provide]                        PROVIDE (__arm64_tls_tcb_offset = MAX (0x10, __tls_align))

.bss            0x341c0018      0x158 load address 0x34189454
 *(.bss)
 *(.bss*)
 .bss.completed.1
                0x341c0018        0x1 /opt/arm-gnu-toolchain-14.3.rel1-x86_64-arm-none-eabi/bin/../lib/gcc/arm-none-eabi/14.3.1/thumb/v8-m.main+dp/hard/crtbegin.o
 *fill*         0x341c0019        0x3 
 .bss.object.0  0x341c001c       0x18 /opt/arm-gnu-toolchain-14.3.rel1-x86_64-arm-none-eabi/bin/../lib/gcc/arm-none-eabi/14.3.1/thumb/v8-m.main+dp/hard/crtbegin.o
 .bss.uwTick    0x341c0034        0x4 CMakeFiles/STM32_Drivers.dir/home/bsgursta/Programming_Projects/LocalInference/mcu/local_inference/Drivers/STM32N6xx_HAL_Driver/Src/stm32n6xx_hal.c.obj
                0x341c0034                uwTick
 .bss.hcom_uart
                0x341c0038      0x128 CMakeFiles/STM32_Drivers.dir/home/bsgursta/Programming_Projects/LocalInference/mcu/local_inference/Drivers/BSP/STM32N6xx_Nucleo/stm32n6xx_nucleo.c.obj
                0x341c0038                hcom_uart
 .bss.BspCOMInit
                0x341c0160       0x10 CMakeFiles/local_inference_FSBL.dir/Core/Src/main.c.obj
                0x341c0160                BspCOMInit
 *(COMMON)
                0x341c0170                        . = ALIGN (0x4)
                0x341c0170                        _ebss = .
                0x341c0170                        __bss_end__ = _ebss
                [!provide]                        PROVIDE (__bss_end = .)
                [!provide]                        PROVIDE (__non_tls_bss_start = ADDR (.bss))
                [!provide]                        PROVIDE (__bss_start = __tbss_start)
                [!provide]                        PROVIDE (__bss_size = (__bss_end - __bss_start))

._user_heap_stack
                0x341c0170      0xa00 load address 0x34189454
                0x341c0170                        . = ALIGN (0x8)
                [!provide]                        PROVIDE (end = .)
                0x341c0170                        PROVIDE (_end = .)
                0x341c0370                        . = (. + _Min_Heap_Size)
 *fill*         0x341c0170      0x200 
                0x341c0b70                        . = (. + _Min_Stack_Size)
 *fill*         0x341c0370      0x800 
                0x341c0b70                        . = ALIGN (0x8)

/DISCARD/
 libc.a:*(*)
 libm.a:*(*)
 libgcc.a:*(*)

.ARM.attributes
                0x00000000       0x3a
 *(.ARM.attributes)
 .ARM.attributes
                0x00000000       0x24 /opt/arm-gnu-toolchain-14.3.rel1-x86_64-arm-none-eabi/bin/../lib/gcc/arm-none-eabi/14.3.1/thumb/v8-m.main+dp/hard/crti.o
 .ARM.attributes
                0x00000024       0x36 /opt/arm-gnu-toolchain-14.3.rel1-x86_64-arm-none-eabi/bin/../lib/gcc/arm-none-eabi/14.3.1/thumb/v8-m.main+dp/hard/crtbegin.o
 .ARM.attributes
                0x0000005a       0x3e CMakeFiles/STM32_Drivers.dir/Core/Src/system_stm32n6xx_fsbl.c.obj
 .ARM.attributes
                0x00000098       0x3e CMakeFiles/STM32_Drivers.dir/home/bsgursta/Programming_Projects/LocalInference/mcu/local_inference/Drivers/STM32N6xx_HAL_Driver/Src/stm32n6xx_hal_cortex.c.obj
 .ARM.attributes
                0x000000d6       0x3e CMakeFiles/STM32_Drivers.dir/home/bsgursta/Programming_Projects/LocalInference/mcu/local_inference/Drivers/STM32N6xx_HAL_Driver/Src/stm32n6xx_hal_rcc.c.obj
 .ARM.attributes
                0x00000114       0x3e CMakeFiles/STM32_Drivers.dir/home/bsgursta/Programming_Projects/LocalInference/mcu/local_inference/Drivers/STM32N6xx_HAL_Driver/Src/stm32n6xx_hal_rcc_ex.c.obj
 .ARM.attributes
                0x00000152       0x3e CMakeFiles/STM32_Drivers.dir/home/bsgursta/Programming_Projects/LocalInference/mcu/local_inference/Drivers/STM32N6xx_HAL_Driver/Src/stm32n6xx_hal_gpio.c.obj
 .ARM.attributes
                0x00000190       0x3e CMakeFiles/STM32_Drivers.dir/home/bsgursta/Programming_Projects/LocalInference/mcu/local_inference/Drivers/STM32N6xx_HAL_Driver/Src/stm32n6xx_hal_pwr_ex.c.obj
 .ARM.attributes
                0x000001ce       0x3e CMakeFiles/STM32_Drivers.dir/home/bsgursta/Programming_Projects/LocalInference/mcu/local_inference/Drivers/STM32N6xx_HAL_Driver/Src/stm32n6xx_hal.c.obj
 .ARM.attributes
                0x0000020c       0x3e CMakeFiles/STM32_Drivers.dir/home/bsgursta/Programming_Projects/LocalInference/mcu/local_inference/Drivers/STM32N6xx_HAL_Driver/Src/stm32n6xx_hal_uart.c.obj
 .ARM.attributes
                0x0000024a       0x3e CMakeFiles/STM32_Drivers.dir/home/bsgursta/Programming_Projects/LocalInference/mcu/local_inference/Drivers/BSP/STM32N6xx_Nucleo/stm32n6xx_nucleo.c.obj
 .ARM.attributes
                0x00000288       0x3e CMakeFiles/local_inference_FSBL.dir/Core/Src/main.c.obj
 .ARM.attributes
                0x000002c6       0x3e CMakeFiles/local_inference_FSBL.dir/Core/Src/stm32n6xx_it.c.obj
 .ARM.attributes
                0x00000304       0x3e CMakeFiles/local_inference_FSBL.dir/Core/Src/stm32n6xx_hal_msp.c.obj
 .ARM.attributes
                0x00000342       0x22 CMakeFiles/local_inference_FSBL.dir/Core/Startup/startup_stm32n657xx_fsbl.s.obj
 .ARM.attributes
                0x00000364       0x24 /opt/arm-gnu-toolchain-14.3.rel1-x86_64-arm-none-eabi/bin/../lib/gcc/arm-none-eabi/14.3.1/thumb/v8-m.main+dp/hard/libgcc.a(_aeabi_uldivmod.o)
 .ARM.attributes